Archive member included because of file (symbol)

/usr/lib/gcc/avr/4.9.1/avr5/libgcc.a(_mulsi3.o)
                              obj/Release/xprintf.o (__mulsi3)
/usr/lib/gcc/avr/4.9.1/avr5/libgcc.a(_udivmodsi4.o)
                              obj/Release/xprintf.o (__udivmodsi4)
/usr/lib/gcc/avr/4.9.1/avr5/libgcc.a(_exit.o)
                              /usr/lib/gcc/avr/4.9.1/../../../../avr/lib/avr5/crtm328p.o (exit)
/usr/lib/gcc/avr/4.9.1/avr5/libgcc.a(_tablejump.o)
                              obj/Release/xprintf.o (__tablejump2__)
/usr/lib/gcc/avr/4.9.1/avr5/libgcc.a(_copy_data.o)
                              obj/Release/main.o (__do_copy_data)
/usr/lib/gcc/avr/4.9.1/avr5/libgcc.a(_clear_bss.o)
                              obj/Release/buttons.o (__do_clear_bss)
/usr/lib/gcc/avr/4.9.1/avr5/libgcc.a(_muluhisi3.o)
                              /usr/lib/gcc/avr/4.9.1/avr5/libgcc.a(_mulsi3.o) (__muluhisi3)
/usr/lib/gcc/avr/4.9.1/avr5/libgcc.a(_umulhisi3.o)
                              /usr/lib/gcc/avr/4.9.1/avr5/libgcc.a(_muluhisi3.o) (__umulhisi3)
/usr/avr/lib/libc.a(dtostrf.o)
                              obj/Release/serial.o (dtostrf)
/usr/avr/lib/libc.a(strtod.o)
                              obj/Release/serial.o (strtod)
/usr/avr/lib/libc.a(strtol.o)
                              obj/Release/serial.o (strtol)
/usr/avr/lib/libc.a(isspace.o)
                              /usr/avr/lib/libc.a(strtod.o) (isspace)
/usr/avr/lib/libc.a(strncasecmp_P.o)
                              /usr/avr/lib/libc.a(strtod.o) (strncasecmp_P)
/usr/avr/lib/libc.a(memcpy.o)
                              obj/Release/serial.o (memcpy)
/usr/avr/lib/libc.a(strcat.o)
                              obj/Release/main.o (strcat)
/usr/avr/lib/libc.a(strchr.o)
                              obj/Release/serial.o (strchr)
/usr/avr/lib/libc.a(itoa_ncheck.o)
                              obj/Release/main.o (__itoa_ncheck)
/usr/avr/lib/libc.a(utoa_ncheck.o)
                              /usr/avr/lib/libc.a(itoa_ncheck.o) (__utoa_common)
/usr/avr/lib/libc.a(sprintf.o)
                              obj/Release/serial.o (sprintf)
/usr/avr/lib/libc.a(cmpsf2.o)
                              /usr/avr/lib/libc.a(strtod.o) (__eqsf2)
/usr/avr/lib/libc.a(floatsisf.o)
                              /usr/avr/lib/libc.a(strtod.o) (__floatunsisf)
/usr/avr/lib/libc.a(fp_cmp.o)
                              /usr/avr/lib/libc.a(cmpsf2.o) (__fp_cmp)
/usr/avr/lib/libc.a(mulsf3.o)
                              /usr/avr/lib/libc.a(strtod.o) (__mulsf3)
/usr/avr/lib/libc.a(mulsf3x.o)
                              /usr/avr/lib/libc.a(mulsf3.o) (__mulsf3x)
/usr/avr/lib/libc.a(vfprintf_std.o)
                              /usr/avr/lib/libc.a(sprintf.o) (vfprintf)
/usr/avr/lib/libc.a(errno.o)  /usr/avr/lib/libc.a(strtod.o) (errno)
/usr/avr/lib/libc.a(dtoa_prf.o)
                              /usr/avr/lib/libc.a(dtostrf.o) (dtoa_prf)
/usr/avr/lib/libc.a(ftoa_engine.o)
                              /usr/avr/lib/libc.a(dtoa_prf.o) (__ftoa_engine)
/usr/avr/lib/libc.a(cty_isfalse.o)
                              /usr/avr/lib/libc.a(isspace.o) (__ctype_isfalse)
/usr/avr/lib/libc.a(strnlen_P.o)
                              /usr/avr/lib/libc.a(vfprintf_std.o) (strnlen_P)
/usr/avr/lib/libc.a(strnlen.o)
                              /usr/avr/lib/libc.a(vfprintf_std.o) (strnlen)
/usr/avr/lib/libc.a(strrev.o)
                              /usr/avr/lib/libc.a(utoa_ncheck.o) (strrev)
/usr/avr/lib/libc.a(fputc.o)  /usr/avr/lib/libc.a(vfprintf_std.o) (fputc)
/usr/avr/lib/libc.a(ultoa_invert.o)
                              /usr/avr/lib/libc.a(vfprintf_std.o) (__ultoa_invert)
/usr/avr/lib/libc.a(fp_inf.o)
                              /usr/avr/lib/libc.a(mulsf3x.o) (__fp_inf)
/usr/avr/lib/libc.a(fp_nan.o)
                              /usr/avr/lib/libc.a(mulsf3x.o) (__fp_nan)
/usr/avr/lib/libc.a(fp_pscA.o)
                              /usr/avr/lib/libc.a(mulsf3x.o) (__fp_pscA)
/usr/avr/lib/libc.a(fp_pscB.o)
                              /usr/avr/lib/libc.a(mulsf3x.o) (__fp_pscB)
/usr/avr/lib/libc.a(fp_round.o)
                              /usr/avr/lib/libc.a(mulsf3.o) (__fp_round)
/usr/avr/lib/libc.a(fp_split3.o)
                              /usr/avr/lib/libc.a(mulsf3x.o) (__fp_split3)
/usr/avr/lib/libc.a(fp_zero.o)
                              /usr/avr/lib/libc.a(mulsf3x.o) (__fp_szero)
/usr/lib/gcc/avr/4.9.1/avr5/libgcc.a(_umulsidi3.o)
                              /usr/avr/lib/libc.a(strtol.o) (__umulsidi3)
/usr/lib/gcc/avr/4.9.1/avr5/libgcc.a(_prologue.o)
                              /usr/avr/lib/libc.a(strtod.o) (__prologue_saves__)
/usr/lib/gcc/avr/4.9.1/avr5/libgcc.a(_epilogue.o)
                              /usr/avr/lib/libc.a(strtod.o) (__epilogue_restores__)
/usr/lib/gcc/avr/4.9.1/avr5/libgcc.a(_muldi3_6.o)
                              /usr/lib/gcc/avr/4.9.1/avr5/libgcc.a(_umulsidi3.o) (__muldi3_6)

Allocating common symbols
Common symbol       size              file

buttonsEnabled      0x1               obj/Release/buttons.o
xfunc_in            0x2               obj/Release/xprintf.o
errno               0x2               /usr/avr/lib/libc.a(errno.o)
xfunc_out           0x2               obj/Release/xprintf.o
_buffer             0x51              obj/Release/buttons.o
_serial_initialized
                    0x1               obj/Release/buttons.o
onClick             0x4               obj/Release/buttons.o
_buffer_length      0x1               obj/Release/buttons.o
pins                0x2               obj/Release/buttons.o
buttonWasFirstClick
                    0x2               obj/Release/buttons.o
ports               0x4               obj/Release/buttons.o
lastChar            0x1               obj/Release/buttons.o
flags               0x2               obj/Release/buttons.o
buttonClicked       0x2               obj/Release/buttons.o
buttonsCount        0x1               obj/Release/buttons.o

Discarded input sections

 .bss           0x0000000000000000        0x0 /usr/lib/gcc/avr/4.9.1/../../../../avr/lib/avr5/crtm328p.o
 .debug_abbrev  0x0000000000000000      0x5a2 /usr/lib/gcc/avr/4.9.1/../../../../avr/lib/avr5/crtm328p.o
 .debug_info    0x0000000000000000      0x5f4 /usr/lib/gcc/avr/4.9.1/../../../../avr/lib/avr5/crtm328p.o
 .debug_line    0x0000000000000000       0x1d /usr/lib/gcc/avr/4.9.1/../../../../avr/lib/avr5/crtm328p.o
 .debug_str     0x0000000000000000      0x208 /usr/lib/gcc/avr/4.9.1/../../../../avr/lib/avr5/crtm328p.o
 .text          0x0000000000000000        0x0 obj/Release/buttons.o
 .bss           0x0000000000000000        0x0 obj/Release/buttons.o
 .text          0x0000000000000000        0x0 obj/Release/main.o
 .bss           0x0000000000000000        0x0 obj/Release/main.o
 .text.convertTo7bit
                0x0000000000000000      0x12c obj/Release/main.o
 .text          0x0000000000000000        0x0 obj/Release/serial.o
 .bss           0x0000000000000000        0x0 obj/Release/serial.o
 .text.serialAvailable
                0x0000000000000000        0x6 obj/Release/serial.o
 .text.serialEnd
                0x0000000000000000        0xa obj/Release/serial.o
 .text.serialWriteF
                0x0000000000000000       0x34 obj/Release/serial.o
 .text.serialLast
                0x0000000000000000       0x12 obj/Release/serial.o
 .text.serialRead
                0x0000000000000000       0x28 obj/Release/serial.o
 .text.serialReadUntil
                0x0000000000000000       0xac obj/Release/serial.o
 .text.serialClearBuffer
                0x0000000000000000        0x6 obj/Release/serial.o
 .text.serialWaitUntil
                0x0000000000000000       0x14 obj/Release/serial.o
 .text.serialSearchChr
                0x0000000000000000       0x24 obj/Release/serial.o
 .text.serialReadAll
                0x0000000000000000       0x12 obj/Release/serial.o
 .text.serialGetBuffer
                0x0000000000000000        0x6 obj/Release/serial.o
 .text.serialParseInt
                0x0000000000000000       0xf2 obj/Release/serial.o
 .text.serialParseFloat
                0x0000000000000000       0xf6 obj/Release/serial.o
 .rodata.str1.1
                0x0000000000000000        0x9 obj/Release/serial.o
 .text.serialPrintInt
                0x0000000000000000       0x5a obj/Release/serial.o
 .text.serialPrintIntLn
                0x0000000000000000       0x5a obj/Release/serial.o
 .text.serialPrintDouble
                0x0000000000000000       0x42 obj/Release/serial.o
 .text.serialPrintDoubleLn
                0x0000000000000000        0xe obj/Release/serial.o
 .text          0x0000000000000000        0x0 obj/Release/softUart.o
 .bss           0x0000000000000000        0x0 obj/Release/softUart.o
 .text.SUART_GetChar
                0x0000000000000000       0x38 obj/Release/softUart.o
 .text.SUART_FlushInBuf
                0x0000000000000000        0xa obj/Release/softUart.o
 .text.SUART_Kbhit
                0x0000000000000000       0x12 obj/Release/softUart.o
 .text.SUART_TurnRxOn
                0x0000000000000000        0x6 obj/Release/softUart.o
 .text.SUART_TurnRxOff
                0x0000000000000000        0x8 obj/Release/softUart.o
 .bss.qout      0x0000000000000000        0x1 obj/Release/softUart.o
 .text          0x0000000000000000        0x0 obj/Release/xprintf.o
 .bss           0x0000000000000000        0x0 obj/Release/xprintf.o
 .text.xputc    0x0000000000000000       0x3e obj/Release/xprintf.o
 .text.xputs    0x0000000000000000       0x1e obj/Release/xprintf.o
 .text.xvprintf
                0x0000000000000000      0x3f6 obj/Release/xprintf.o
 .progmem.gcc_sw_table.xvprintf
                0x0000000000000000       0x2e obj/Release/xprintf.o
 .text.xfputs   0x0000000000000000       0x40 obj/Release/xprintf.o
 .text.xprintf  0x0000000000000000       0x20 obj/Release/xprintf.o
 .text.xsprintf
                0x0000000000000000       0x3a obj/Release/xprintf.o
 .text.xfprintf
                0x0000000000000000       0x40 obj/Release/xprintf.o
 .rodata.str1.1
                0x0000000000000000       0x1a obj/Release/xprintf.o
 .text.put_dump
                0x0000000000000000      0x122 obj/Release/xprintf.o
 .text.xgets    0x0000000000000000       0xa6 obj/Release/xprintf.o
 .text.xfgets   0x0000000000000000       0x2c obj/Release/xprintf.o
 .text.xatoi    0x0000000000000000      0x16e obj/Release/xprintf.o
 .bss.outptr    0x0000000000000000        0x2 obj/Release/xprintf.o
 COMMON         0x0000000000000000        0x4 obj/Release/xprintf.o
 .text          0x0000000000000000        0x0 /usr/lib/gcc/avr/4.9.1/avr5/libgcc.a(_mulsi3.o)
 .bss           0x0000000000000000        0x0 /usr/lib/gcc/avr/4.9.1/avr5/libgcc.a(_mulsi3.o)
 .text.libgcc.mul
                0x0000000000000000       0x20 /usr/lib/gcc/avr/4.9.1/avr5/libgcc.a(_mulsi3.o)
 .text.libgcc.div
                0x0000000000000000        0x0 /usr/lib/gcc/avr/4.9.1/avr5/libgcc.a(_mulsi3.o)
 .text.libgcc   0x0000000000000000        0x0 /usr/lib/gcc/avr/4.9.1/avr5/libgcc.a(_mulsi3.o)
 .text.libgcc.prologue
                0x0000000000000000        0x0 /usr/lib/gcc/avr/4.9.1/avr5/libgcc.a(_mulsi3.o)
 .text.libgcc.builtins
                0x0000000000000000        0x0 /usr/lib/gcc/avr/4.9.1/avr5/libgcc.a(_mulsi3.o)
 .text.libgcc.fmul
                0x0000000000000000        0x0 /usr/lib/gcc/avr/4.9.1/avr5/libgcc.a(_mulsi3.o)
 .text.libgcc.fixed
                0x0000000000000000        0x0 /usr/lib/gcc/avr/4.9.1/avr5/libgcc.a(_mulsi3.o)
 .text          0x0000000000000000        0x0 /usr/lib/gcc/avr/4.9.1/avr5/libgcc.a(_udivmodsi4.o)
 .bss           0x0000000000000000        0x0 /usr/lib/gcc/avr/4.9.1/avr5/libgcc.a(_udivmodsi4.o)
 .text.libgcc.mul
                0x0000000000000000        0x0 /usr/lib/gcc/avr/4.9.1/avr5/libgcc.a(_udivmodsi4.o)
 .text.libgcc.div
                0x0000000000000000       0x44 /usr/lib/gcc/avr/4.9.1/avr5/libgcc.a(_udivmodsi4.o)
 .text.libgcc   0x0000000000000000        0x0 /usr/lib/gcc/avr/4.9.1/avr5/libgcc.a(_udivmodsi4.o)
 .text.libgcc.prologue
                0x0000000000000000        0x0 /usr/lib/gcc/avr/4.9.1/avr5/libgcc.a(_udivmodsi4.o)
 .text.libgcc.builtins
                0x0000000000000000        0x0 /usr/lib/gcc/avr/4.9.1/avr5/libgcc.a(_udivmodsi4.o)
 .text.libgcc.fmul
                0x0000000000000000        0x0 /usr/lib/gcc/avr/4.9.1/avr5/libgcc.a(_udivmodsi4.o)
 .text.libgcc.fixed
                0x0000000000000000        0x0 /usr/lib/gcc/avr/4.9.1/avr5/libgcc.a(_udivmodsi4.o)
 .text          0x0000000000000000        0x0 /usr/lib/gcc/avr/4.9.1/avr5/libgcc.a(_exit.o)
 .bss           0x0000000000000000        0x0 /usr/lib/gcc/avr/4.9.1/avr5/libgcc.a(_exit.o)
 .text.libgcc.mul
                0x0000000000000000        0x0 /usr/lib/gcc/avr/4.9.1/avr5/libgcc.a(_exit.o)
 .text.libgcc.div
                0x0000000000000000        0x0 /usr/lib/gcc/avr/4.9.1/avr5/libgcc.a(_exit.o)
 .text.libgcc   0x0000000000000000        0x0 /usr/lib/gcc/avr/4.9.1/avr5/libgcc.a(_exit.o)
 .text.libgcc.prologue
                0x0000000000000000        0x0 /usr/lib/gcc/avr/4.9.1/avr5/libgcc.a(_exit.o)
 .text.libgcc.builtins
                0x0000000000000000        0x0 /usr/lib/gcc/avr/4.9.1/avr5/libgcc.a(_exit.o)
 .text.libgcc.fmul
                0x0000000000000000        0x0 /usr/lib/gcc/avr/4.9.1/avr5/libgcc.a(_exit.o)
 .text.libgcc.fixed
                0x0000000000000000        0x0 /usr/lib/gcc/avr/4.9.1/avr5/libgcc.a(_exit.o)
 .text          0x0000000000000000        0x0 /usr/lib/gcc/avr/4.9.1/avr5/libgcc.a(_tablejump.o)
 .bss           0x0000000000000000        0x0 /usr/lib/gcc/avr/4.9.1/avr5/libgcc.a(_tablejump.o)
 .text.libgcc.mul
                0x0000000000000000        0x0 /usr/lib/gcc/avr/4.9.1/avr5/libgcc.a(_tablejump.o)
 .text.libgcc.div
                0x0000000000000000        0x0 /usr/lib/gcc/avr/4.9.1/avr5/libgcc.a(_tablejump.o)
 .text.libgcc   0x0000000000000000        0xc /usr/lib/gcc/avr/4.9.1/avr5/libgcc.a(_tablejump.o)
 .text.libgcc.prologue
                0x0000000000000000        0x0 /usr/lib/gcc/avr/4.9.1/avr5/libgcc.a(_tablejump.o)
 .text.libgcc.builtins
                0x0000000000000000        0x0 /usr/lib/gcc/avr/4.9.1/avr5/libgcc.a(_tablejump.o)
 .text.libgcc.fmul
                0x0000000000000000        0x0 /usr/lib/gcc/avr/4.9.1/avr5/libgcc.a(_tablejump.o)
 .text.libgcc.fixed
                0x0000000000000000        0x0 /usr/lib/gcc/avr/4.9.1/avr5/libgcc.a(_tablejump.o)
 .text          0x0000000000000000        0x0 /usr/lib/gcc/avr/4.9.1/avr5/libgcc.a(_copy_data.o)
 .bss           0x0000000000000000        0x0 /usr/lib/gcc/avr/4.9.1/avr5/libgcc.a(_copy_data.o)
 .text.libgcc.mul
                0x0000000000000000        0x0 /usr/lib/gcc/avr/4.9.1/avr5/libgcc.a(_copy_data.o)
 .text.libgcc.div
                0x0000000000000000        0x0 /usr/lib/gcc/avr/4.9.1/avr5/libgcc.a(_copy_data.o)
 .text.libgcc   0x0000000000000000        0x0 /usr/lib/gcc/avr/4.9.1/avr5/libgcc.a(_copy_data.o)
 .text.libgcc.prologue
                0x0000000000000000        0x0 /usr/lib/gcc/avr/4.9.1/avr5/libgcc.a(_copy_data.o)
 .text.libgcc.builtins
                0x0000000000000000        0x0 /usr/lib/gcc/avr/4.9.1/avr5/libgcc.a(_copy_data.o)
 .text.libgcc.fmul
                0x0000000000000000        0x0 /usr/lib/gcc/avr/4.9.1/avr5/libgcc.a(_copy_data.o)
 .text.libgcc.fixed
                0x0000000000000000        0x0 /usr/lib/gcc/avr/4.9.1/avr5/libgcc.a(_copy_data.o)
 .text          0x0000000000000000        0x0 /usr/lib/gcc/avr/4.9.1/avr5/libgcc.a(_clear_bss.o)
 .bss           0x0000000000000000        0x0 /usr/lib/gcc/avr/4.9.1/avr5/libgcc.a(_clear_bss.o)
 .text.libgcc.mul
                0x0000000000000000        0x0 /usr/lib/gcc/avr/4.9.1/avr5/libgcc.a(_clear_bss.o)
 .text.libgcc.div
                0x0000000000000000        0x0 /usr/lib/gcc/avr/4.9.1/avr5/libgcc.a(_clear_bss.o)
 .text.libgcc   0x0000000000000000        0x0 /usr/lib/gcc/avr/4.9.1/avr5/libgcc.a(_clear_bss.o)
 .text.libgcc.prologue
                0x0000000000000000        0x0 /usr/lib/gcc/avr/4.9.1/avr5/libgcc.a(_clear_bss.o)
 .text.libgcc.builtins
                0x0000000000000000        0x0 /usr/lib/gcc/avr/4.9.1/avr5/libgcc.a(_clear_bss.o)
 .text.libgcc.fmul
                0x0000000000000000        0x0 /usr/lib/gcc/avr/4.9.1/avr5/libgcc.a(_clear_bss.o)
 .text.libgcc.fixed
                0x0000000000000000        0x0 /usr/lib/gcc/avr/4.9.1/avr5/libgcc.a(_clear_bss.o)
 .text          0x0000000000000000        0x0 /usr/lib/gcc/avr/4.9.1/avr5/libgcc.a(_muluhisi3.o)
 .bss           0x0000000000000000        0x0 /usr/lib/gcc/avr/4.9.1/avr5/libgcc.a(_muluhisi3.o)
 .text.libgcc.mul
                0x0000000000000000       0x16 /usr/lib/gcc/avr/4.9.1/avr5/libgcc.a(_muluhisi3.o)
 .text.libgcc.div
                0x0000000000000000        0x0 /usr/lib/gcc/avr/4.9.1/avr5/libgcc.a(_muluhisi3.o)
 .text.libgcc   0x0000000000000000        0x0 /usr/lib/gcc/avr/4.9.1/avr5/libgcc.a(_muluhisi3.o)
 .text.libgcc.prologue
                0x0000000000000000        0x0 /usr/lib/gcc/avr/4.9.1/avr5/libgcc.a(_muluhisi3.o)
 .text.libgcc.builtins
                0x0000000000000000        0x0 /usr/lib/gcc/avr/4.9.1/avr5/libgcc.a(_muluhisi3.o)
 .text.libgcc.fmul
                0x0000000000000000        0x0 /usr/lib/gcc/avr/4.9.1/avr5/libgcc.a(_muluhisi3.o)
 .text.libgcc.fixed
                0x0000000000000000        0x0 /usr/lib/gcc/avr/4.9.1/avr5/libgcc.a(_muluhisi3.o)
 .text          0x0000000000000000        0x0 /usr/lib/gcc/avr/4.9.1/avr5/libgcc.a(_umulhisi3.o)
 .bss           0x0000000000000000        0x0 /usr/lib/gcc/avr/4.9.1/avr5/libgcc.a(_umulhisi3.o)
 .text.libgcc.mul
                0x0000000000000000       0x1e /usr/lib/gcc/avr/4.9.1/avr5/libgcc.a(_umulhisi3.o)
 .text.libgcc.div
                0x0000000000000000        0x0 /usr/lib/gcc/avr/4.9.1/avr5/libgcc.a(_umulhisi3.o)
 .text.libgcc   0x0000000000000000        0x0 /usr/lib/gcc/avr/4.9.1/avr5/libgcc.a(_umulhisi3.o)
 .text.libgcc.prologue
                0x0000000000000000        0x0 /usr/lib/gcc/avr/4.9.1/avr5/libgcc.a(_umulhisi3.o)
 .text.libgcc.builtins
                0x0000000000000000        0x0 /usr/lib/gcc/avr/4.9.1/avr5/libgcc.a(_umulhisi3.o)
 .text.libgcc.fmul
                0x0000000000000000        0x0 /usr/lib/gcc/avr/4.9.1/avr5/libgcc.a(_umulhisi3.o)
 .text.libgcc.fixed
                0x0000000000000000        0x0 /usr/lib/gcc/avr/4.9.1/avr5/libgcc.a(_umulhisi3.o)
 .text          0x0000000000000000        0x0 /usr/avr/lib/libc.a(dtostrf.o)
 .bss           0x0000000000000000        0x0 /usr/avr/lib/libc.a(dtostrf.o)
 .text.avr-libc
                0x0000000000000000       0x46 /usr/avr/lib/libc.a(dtostrf.o)
 .text          0x0000000000000000        0x0 /usr/avr/lib/libc.a(strtod.o)
 .bss           0x0000000000000000        0x0 /usr/avr/lib/libc.a(strtod.o)
 .text.avr-libc
                0x0000000000000000      0x310 /usr/avr/lib/libc.a(strtod.o)
 .progmem.data  0x0000000000000000       0x3b /usr/avr/lib/libc.a(strtod.o)
 .text          0x0000000000000000        0x0 /usr/avr/lib/libc.a(strtol.o)
 .bss           0x0000000000000000        0x0 /usr/avr/lib/libc.a(strtol.o)
 .text.avr-libc
                0x0000000000000000      0x28e /usr/avr/lib/libc.a(strtol.o)
 .text          0x0000000000000000        0x0 /usr/avr/lib/libc.a(isspace.o)
 .bss           0x0000000000000000        0x0 /usr/avr/lib/libc.a(isspace.o)
 .text.avr-libc
                0x0000000000000000       0x10 /usr/avr/lib/libc.a(isspace.o)
 .text          0x0000000000000000        0x0 /usr/avr/lib/libc.a(strncasecmp_P.o)
 .bss           0x0000000000000000        0x0 /usr/avr/lib/libc.a(strncasecmp_P.o)
 .text.avr-libc
                0x0000000000000000       0x38 /usr/avr/lib/libc.a(strncasecmp_P.o)
 .text          0x0000000000000000        0x0 /usr/avr/lib/libc.a(memcpy.o)
 .bss           0x0000000000000000        0x0 /usr/avr/lib/libc.a(memcpy.o)
 .text.avr-libc
                0x0000000000000000       0x16 /usr/avr/lib/libc.a(memcpy.o)
 .text          0x0000000000000000        0x0 /usr/avr/lib/libc.a(strcat.o)
 .bss           0x0000000000000000        0x0 /usr/avr/lib/libc.a(strcat.o)
 .text          0x0000000000000000        0x0 /usr/avr/lib/libc.a(strchr.o)
 .bss           0x0000000000000000        0x0 /usr/avr/lib/libc.a(strchr.o)
 .text.avr-libc
                0x0000000000000000       0x1a /usr/avr/lib/libc.a(strchr.o)
 .text          0x0000000000000000        0x0 /usr/avr/lib/libc.a(itoa_ncheck.o)
 .bss           0x0000000000000000        0x0 /usr/avr/lib/libc.a(itoa_ncheck.o)
 .text          0x0000000000000000        0x0 /usr/avr/lib/libc.a(utoa_ncheck.o)
 .bss           0x0000000000000000        0x0 /usr/avr/lib/libc.a(utoa_ncheck.o)
 .text          0x0000000000000000        0x0 /usr/avr/lib/libc.a(sprintf.o)
 .bss           0x0000000000000000        0x0 /usr/avr/lib/libc.a(sprintf.o)
 .text.avr-libc
                0x0000000000000000       0x46 /usr/avr/lib/libc.a(sprintf.o)
 .text          0x0000000000000000        0x0 /usr/avr/lib/libc.a(cmpsf2.o)
 .bss           0x0000000000000000        0x0 /usr/avr/lib/libc.a(cmpsf2.o)
 .text.avr-libc.fplib
                0x0000000000000000        0x8 /usr/avr/lib/libc.a(cmpsf2.o)
 .text          0x0000000000000000        0x0 /usr/avr/lib/libc.a(floatsisf.o)
 .bss           0x0000000000000000        0x0 /usr/avr/lib/libc.a(floatsisf.o)
 .text.avr-libc.fplib
                0x0000000000000000       0x7a /usr/avr/lib/libc.a(floatsisf.o)
 .text          0x0000000000000000        0x0 /usr/avr/lib/libc.a(fp_cmp.o)
 .bss           0x0000000000000000        0x0 /usr/avr/lib/libc.a(fp_cmp.o)
 .text.avr-libc.fplib
                0x0000000000000000       0x48 /usr/avr/lib/libc.a(fp_cmp.o)
 .text          0x0000000000000000        0x0 /usr/avr/lib/libc.a(mulsf3.o)
 .bss           0x0000000000000000        0x0 /usr/avr/lib/libc.a(mulsf3.o)
 .text.avr-libc.fplib
                0x0000000000000000        0x4 /usr/avr/lib/libc.a(mulsf3.o)
 .text          0x0000000000000000        0x0 /usr/avr/lib/libc.a(mulsf3x.o)
 .bss           0x0000000000000000        0x0 /usr/avr/lib/libc.a(mulsf3x.o)
 .text.avr-libc.fplib
                0x0000000000000000       0xd2 /usr/avr/lib/libc.a(mulsf3x.o)
 .text          0x0000000000000000        0x0 /usr/avr/lib/libc.a(vfprintf_std.o)
 .bss           0x0000000000000000        0x0 /usr/avr/lib/libc.a(vfprintf_std.o)
 .text.avr-libc
                0x0000000000000000      0x3ec /usr/avr/lib/libc.a(vfprintf_std.o)
 .text          0x0000000000000000        0x0 /usr/avr/lib/libc.a(errno.o)
 .bss           0x0000000000000000        0x0 /usr/avr/lib/libc.a(errno.o)
 COMMON         0x0000000000000000        0x2 /usr/avr/lib/libc.a(errno.o)
 .text          0x0000000000000000        0x0 /usr/avr/lib/libc.a(dtoa_prf.o)
 .bss           0x0000000000000000        0x0 /usr/avr/lib/libc.a(dtoa_prf.o)
 .text.avr-libc
                0x0000000000000000      0x33a /usr/avr/lib/libc.a(dtoa_prf.o)
 .text          0x0000000000000000        0x0 /usr/avr/lib/libc.a(ftoa_engine.o)
 .bss           0x0000000000000000        0x0 /usr/avr/lib/libc.a(ftoa_engine.o)
 .text.avr-libc
                0x0000000000000000      0x1da /usr/avr/lib/libc.a(ftoa_engine.o)
 .progmem.data  0x0000000000000000       0xfa /usr/avr/lib/libc.a(ftoa_engine.o)
 .text          0x0000000000000000        0x0 /usr/avr/lib/libc.a(cty_isfalse.o)
 .bss           0x0000000000000000        0x0 /usr/avr/lib/libc.a(cty_isfalse.o)
 .text.avr-libc
                0x0000000000000000        0x6 /usr/avr/lib/libc.a(cty_isfalse.o)
 .text          0x0000000000000000        0x0 /usr/avr/lib/libc.a(strnlen_P.o)
 .bss           0x0000000000000000        0x0 /usr/avr/lib/libc.a(strnlen_P.o)
 .text.avr-libc
                0x0000000000000000       0x1a /usr/avr/lib/libc.a(strnlen_P.o)
 .text          0x0000000000000000        0x0 /usr/avr/lib/libc.a(strnlen.o)
 .bss           0x0000000000000000        0x0 /usr/avr/lib/libc.a(strnlen.o)
 .text.avr-libc
                0x0000000000000000       0x18 /usr/avr/lib/libc.a(strnlen.o)
 .text          0x0000000000000000        0x0 /usr/avr/lib/libc.a(strrev.o)
 .bss           0x0000000000000000        0x0 /usr/avr/lib/libc.a(strrev.o)
 .text          0x0000000000000000        0x0 /usr/avr/lib/libc.a(fputc.o)
 .bss           0x0000000000000000        0x0 /usr/avr/lib/libc.a(fputc.o)
 .text.avr-libc
                0x0000000000000000       0x76 /usr/avr/lib/libc.a(fputc.o)
 .text          0x0000000000000000        0x0 /usr/avr/lib/libc.a(ultoa_invert.o)
 .bss           0x0000000000000000        0x0 /usr/avr/lib/libc.a(ultoa_invert.o)
 .text.avr-libc
                0x0000000000000000       0xc8 /usr/avr/lib/libc.a(ultoa_invert.o)
 .text          0x0000000000000000        0x0 /usr/avr/lib/libc.a(fp_inf.o)
 .bss           0x0000000000000000        0x0 /usr/avr/lib/libc.a(fp_inf.o)
 .text.avr-libc.fplib
                0x0000000000000000        0xc /usr/avr/lib/libc.a(fp_inf.o)
 .text          0x0000000000000000        0x0 /usr/avr/lib/libc.a(fp_nan.o)
 .bss           0x0000000000000000        0x0 /usr/avr/lib/libc.a(fp_nan.o)
 .text.avr-libc.fplib
                0x0000000000000000        0x6 /usr/avr/lib/libc.a(fp_nan.o)
 .text          0x0000000000000000        0x0 /usr/avr/lib/libc.a(fp_pscA.o)
 .bss           0x0000000000000000        0x0 /usr/avr/lib/libc.a(fp_pscA.o)
 .text.avr-libc.fplib
                0x0000000000000000        0xe /usr/avr/lib/libc.a(fp_pscA.o)
 .text          0x0000000000000000        0x0 /usr/avr/lib/libc.a(fp_pscB.o)
 .bss           0x0000000000000000        0x0 /usr/avr/lib/libc.a(fp_pscB.o)
 .text.avr-libc.fplib
                0x0000000000000000        0xe /usr/avr/lib/libc.a(fp_pscB.o)
 .text          0x0000000000000000        0x0 /usr/avr/lib/libc.a(fp_round.o)
 .bss           0x0000000000000000        0x0 /usr/avr/lib/libc.a(fp_round.o)
 .text.avr-libc.fplib
                0x0000000000000000       0x22 /usr/avr/lib/libc.a(fp_round.o)
 .text          0x0000000000000000        0x0 /usr/avr/lib/libc.a(fp_split3.o)
 .bss           0x0000000000000000        0x0 /usr/avr/lib/libc.a(fp_split3.o)
 .text.avr-libc.fplib
                0x0000000000000000       0x44 /usr/avr/lib/libc.a(fp_split3.o)
 .text          0x0000000000000000        0x0 /usr/avr/lib/libc.a(fp_zero.o)
 .bss           0x0000000000000000        0x0 /usr/avr/lib/libc.a(fp_zero.o)
 .text.avr-libc.fplib
                0x0000000000000000       0x10 /usr/avr/lib/libc.a(fp_zero.o)
 .text          0x0000000000000000        0x0 /usr/lib/gcc/avr/4.9.1/avr5/libgcc.a(_umulsidi3.o)
 .bss           0x0000000000000000        0x0 /usr/lib/gcc/avr/4.9.1/avr5/libgcc.a(_umulsidi3.o)
 .text.libgcc.mul
                0x0000000000000000       0x56 /usr/lib/gcc/avr/4.9.1/avr5/libgcc.a(_umulsidi3.o)
 .text.libgcc.div
                0x0000000000000000        0x0 /usr/lib/gcc/avr/4.9.1/avr5/libgcc.a(_umulsidi3.o)
 .text.libgcc   0x0000000000000000        0x0 /usr/lib/gcc/avr/4.9.1/avr5/libgcc.a(_umulsidi3.o)
 .text.libgcc.prologue
                0x0000000000000000        0x0 /usr/lib/gcc/avr/4.9.1/avr5/libgcc.a(_umulsidi3.o)
 .text.libgcc.builtins
                0x0000000000000000        0x0 /usr/lib/gcc/avr/4.9.1/avr5/libgcc.a(_umulsidi3.o)
 .text.libgcc.fmul
                0x0000000000000000        0x0 /usr/lib/gcc/avr/4.9.1/avr5/libgcc.a(_umulsidi3.o)
 .text.libgcc.fixed
                0x0000000000000000        0x0 /usr/lib/gcc/avr/4.9.1/avr5/libgcc.a(_umulsidi3.o)
 .text          0x0000000000000000        0x0 /usr/lib/gcc/avr/4.9.1/avr5/libgcc.a(_prologue.o)
 .bss           0x0000000000000000        0x0 /usr/lib/gcc/avr/4.9.1/avr5/libgcc.a(_prologue.o)
 .text.libgcc.mul
                0x0000000000000000        0x0 /usr/lib/gcc/avr/4.9.1/avr5/libgcc.a(_prologue.o)
 .text.libgcc.div
                0x0000000000000000        0x0 /usr/lib/gcc/avr/4.9.1/avr5/libgcc.a(_prologue.o)
 .text.libgcc   0x0000000000000000        0x0 /usr/lib/gcc/avr/4.9.1/avr5/libgcc.a(_prologue.o)
 .text.libgcc.prologue
                0x0000000000000000       0x38 /usr/lib/gcc/avr/4.9.1/avr5/libgcc.a(_prologue.o)
 .text.libgcc.builtins
                0x0000000000000000        0x0 /usr/lib/gcc/avr/4.9.1/avr5/libgcc.a(_prologue.o)
 .text.libgcc.fmul
                0x0000000000000000        0x0 /usr/lib/gcc/avr/4.9.1/avr5/libgcc.a(_prologue.o)
 .text.libgcc.fixed
                0x0000000000000000        0x0 /usr/lib/gcc/avr/4.9.1/avr5/libgcc.a(_prologue.o)
 .text          0x0000000000000000        0x0 /usr/lib/gcc/avr/4.9.1/avr5/libgcc.a(_epilogue.o)
 .bss           0x0000000000000000        0x0 /usr/lib/gcc/avr/4.9.1/avr5/libgcc.a(_epilogue.o)
 .text.libgcc.mul
                0x0000000000000000        0x0 /usr/lib/gcc/avr/4.9.1/avr5/libgcc.a(_epilogue.o)
 .text.libgcc.div
                0x0000000000000000        0x0 /usr/lib/gcc/avr/4.9.1/avr5/libgcc.a(_epilogue.o)
 .text.libgcc   0x0000000000000000        0x0 /usr/lib/gcc/avr/4.9.1/avr5/libgcc.a(_epilogue.o)
 .text.libgcc.prologue
                0x0000000000000000       0x36 /usr/lib/gcc/avr/4.9.1/avr5/libgcc.a(_epilogue.o)
 .text.libgcc.builtins
                0x0000000000000000        0x0 /usr/lib/gcc/avr/4.9.1/avr5/libgcc.a(_epilogue.o)
 .text.libgcc.fmul
                0x0000000000000000        0x0 /usr/lib/gcc/avr/4.9.1/avr5/libgcc.a(_epilogue.o)
 .text.libgcc.fixed
                0x0000000000000000        0x0 /usr/lib/gcc/avr/4.9.1/avr5/libgcc.a(_epilogue.o)
 .text          0x0000000000000000        0x0 /usr/lib/gcc/avr/4.9.1/avr5/libgcc.a(_muldi3_6.o)
 .bss           0x0000000000000000        0x0 /usr/lib/gcc/avr/4.9.1/avr5/libgcc.a(_muldi3_6.o)
 .text.libgcc.mul
                0x0000000000000000       0x12 /usr/lib/gcc/avr/4.9.1/avr5/libgcc.a(_muldi3_6.o)
 .text.libgcc.div
                0x0000000000000000        0x0 /usr/lib/gcc/avr/4.9.1/avr5/libgcc.a(_muldi3_6.o)
 .text.libgcc   0x0000000000000000        0x0 /usr/lib/gcc/avr/4.9.1/avr5/libgcc.a(_muldi3_6.o)
 .text.libgcc.prologue
                0x0000000000000000        0x0 /usr/lib/gcc/avr/4.9.1/avr5/libgcc.a(_muldi3_6.o)
 .text.libgcc.builtins
                0x0000000000000000        0x0 /usr/lib/gcc/avr/4.9.1/avr5/libgcc.a(_muldi3_6.o)
 .text.libgcc.fmul
                0x0000000000000000        0x0 /usr/lib/gcc/avr/4.9.1/avr5/libgcc.a(_muldi3_6.o)
 .text.libgcc.fixed
                0x0000000000000000        0x0 /usr/lib/gcc/avr/4.9.1/avr5/libgcc.a(_muldi3_6.o)

Memory Configuration

Name             Origin             Length             Attributes
text             0x0000000000000000 0x0000000000020000 xr
data             0x0000000000800060 0x000000000000ffa0 rw !x
eeprom           0x0000000000810000 0x0000000000010000 rw !x
fuse             0x0000000000820000 0x0000000000000400 rw !x
lock             0x0000000000830000 0x0000000000000400 rw !x
signature        0x0000000000840000 0x0000000000000400 rw !x
*default*        0x0000000000000000 0xffffffffffffffff

Linker script and memory map

Address of section .data set to 0x800100
LOAD /usr/lib/gcc/avr/4.9.1/../../../../avr/lib/avr5/crtm328p.o
LOAD obj/Release/buttons.o
LOAD obj/Release/main.o
LOAD obj/Release/serial.o
LOAD obj/Release/softUart.o
LOAD obj/Release/xprintf.o
LOAD /usr/lib/gcc/avr/4.9.1/avr5/libgcc.a
LOAD /usr/avr/lib/libm.a
START GROUP
LOAD /usr/lib/gcc/avr/4.9.1/avr5/libgcc.a
LOAD /usr/avr/lib/libm.a
LOAD /usr/avr/lib/libc.a
END GROUP

.hash
 *(.hash)

.dynsym
 *(.dynsym)

.dynstr
 *(.dynstr)

.gnu.version
 *(.gnu.version)

.gnu.version_d
 *(.gnu.version_d)

.gnu.version_r
 *(.gnu.version_r)

.rel.init
 *(.rel.init)

.rela.init
 *(.rela.init)

.rel.text
 *(.rel.text)
 *(.rel.text.*)
 *(.rel.gnu.linkonce.t*)

.rela.text
 *(.rela.text)
 *(.rela.text.*)
 *(.rela.gnu.linkonce.t*)

.rel.fini
 *(.rel.fini)

.rela.fini
 *(.rela.fini)

.rel.rodata
 *(.rel.rodata)
 *(.rel.rodata.*)
 *(.rel.gnu.linkonce.r*)

.rela.rodata
 *(.rela.rodata)
 *(.rela.rodata.*)
 *(.rela.gnu.linkonce.r*)

.rel.data
 *(.rel.data)
 *(.rel.data.*)
 *(.rel.gnu.linkonce.d*)

.rela.data
 *(.rela.data)
 *(.rela.data.*)
 *(.rela.gnu.linkonce.d*)

.rel.ctors
 *(.rel.ctors)

.rela.ctors
 *(.rela.ctors)

.rel.dtors
 *(.rel.dtors)

.rela.dtors
 *(.rela.dtors)

.rel.got
 *(.rel.got)

.rela.got
 *(.rela.got)

.rel.bss
 *(.rel.bss)

.rela.bss
 *(.rela.bss)

.rel.plt
 *(.rel.plt)

.rela.plt
 *(.rela.plt)

.text           0x0000000000000000      0xa80
 *(.vectors)
 .vectors       0x0000000000000000       0x68 /usr/lib/gcc/avr/4.9.1/../../../../avr/lib/avr5/crtm328p.o
                0x0000000000000000                __vectors
                0x0000000000000000                __vector_default
 *(.vectors)
 *(.progmem.gcc*)
                0x0000000000000068                . = ALIGN (0x2)
                0x0000000000000068                __trampolines_start = .
 *(.trampolines)
 .trampolines   0x0000000000000068        0x0 linker stubs
 *(.trampolines*)
                0x0000000000000068                __trampolines_end = .
 *(.progmem*)
 .progmem.data.__c.2458
                0x0000000000000068        0x9 obj/Release/main.o
                0x0000000000000072                . = ALIGN (0x2)
 *fill*         0x0000000000000071        0x1 
 *(.jumptables)
 *(.jumptables*)
 *(.lowtext)
 *(.lowtext*)
                0x0000000000000072                __ctors_start = .
 *(.ctors)
                0x0000000000000072                __ctors_end = .
                0x0000000000000072                __dtors_start = .
 *(.dtors)
                0x0000000000000072                __dtors_end = .
 SORT(*)(.ctors)
 SORT(*)(.dtors)
 *(.init0)
 .init0         0x0000000000000072        0x0 /usr/lib/gcc/avr/4.9.1/../../../../avr/lib/avr5/crtm328p.o
                0x0000000000000072                __init
 *(.init0)
 *(.init1)
 *(.init1)
 *(.init2)
 .init2         0x0000000000000072        0xc /usr/lib/gcc/avr/4.9.1/../../../../avr/lib/avr5/crtm328p.o
 *(.init2)
 *(.init3)
 *(.init3)
 *(.init4)
 .init4         0x000000000000007e       0x16 /usr/lib/gcc/avr/4.9.1/avr5/libgcc.a(_copy_data.o)
                0x000000000000007e                __do_copy_data
 .init4         0x0000000000000094       0x10 /usr/lib/gcc/avr/4.9.1/avr5/libgcc.a(_clear_bss.o)
                0x0000000000000094                __do_clear_bss
 *(.init4)
 *(.init5)
 *(.init5)
 *(.init6)
 *(.init6)
 *(.init7)
 *(.init7)
 *(.init8)
 *(.init8)
 *(.init9)
 .init9         0x00000000000000a4        0x8 /usr/lib/gcc/avr/4.9.1/../../../../avr/lib/avr5/crtm328p.o
 *(.init9)
 *(.text)
 .text          0x00000000000000ac        0x4 /usr/lib/gcc/avr/4.9.1/../../../../avr/lib/avr5/crtm328p.o
                0x00000000000000ac                __vector_22
                0x00000000000000ac                __vector_1
                0x00000000000000ac                __vector_24
                0x00000000000000ac                __vector_12
                0x00000000000000ac                __bad_interrupt
                0x00000000000000ac                __vector_6
                0x00000000000000ac                __vector_3
                0x00000000000000ac                __vector_23
                0x00000000000000ac                __vector_25
                0x00000000000000ac                __vector_11
                0x00000000000000ac                __vector_13
                0x00000000000000ac                __vector_17
                0x00000000000000ac                __vector_19
                0x00000000000000ac                __vector_7
                0x00000000000000ac                __vector_5
                0x00000000000000ac                __vector_4
                0x00000000000000ac                __vector_2
                0x00000000000000ac                __vector_21
                0x00000000000000ac                __vector_15
                0x00000000000000ac                __vector_8
                0x00000000000000ac                __vector_14
                0x00000000000000ac                __vector_10
                0x00000000000000ac                __vector_20
                0x00000000000000b0                . = ALIGN (0x2)
 *(.text.*)
 .text.__vector_9
                0x00000000000000b0       0xfc obj/Release/buttons.o
                0x00000000000000b0                __vector_9
 .text.ButtonsInit
                0x00000000000001ac       0x58 obj/Release/buttons.o
                0x00000000000001ac                ButtonsInit
 .text.ButtonsSet
                0x0000000000000204       0x52 obj/Release/buttons.o
                0x0000000000000204                ButtonsSet
 .text.ButtonsActivate
                0x0000000000000256       0x1a obj/Release/buttons.o
                0x0000000000000256                ButtonsActivate
 .text.OnClick1
                0x0000000000000270       0x1a obj/Release/main.o
                0x0000000000000270                OnClick1
 .text.hexToStr
                0x000000000000028a       0x2a obj/Release/main.o
                0x000000000000028a                hexToStr
 .text.sendSMS  0x00000000000002b4      0x348 obj/Release/main.o
                0x00000000000002b4                sendSMS
 .text.OnClick0
                0x00000000000005fc       0x58 obj/Release/main.o
                0x00000000000005fc                OnClick0
 .text.main     0x0000000000000654       0x4a obj/Release/main.o
                0x0000000000000654                main
 .text.shift    0x000000000000069e       0x46 obj/Release/serial.o
                0x000000000000069e                shift
 .text.push     0x00000000000006e4       0x44 obj/Release/serial.o
                0x00000000000006e4                push
 .text.__vector_18
                0x0000000000000728       0x50 obj/Release/serial.o
                0x0000000000000728                __vector_18
 .text.serialInit
                0x0000000000000778       0x24 obj/Release/serial.o
                0x0000000000000778                serialInit
 .text.serialWriteChar
                0x000000000000079c       0x18 obj/Release/serial.o
                0x000000000000079c                serialWriteChar
 .text.serialWrite
                0x00000000000007b4       0x34 obj/Release/serial.o
                0x00000000000007b4                serialWrite
 .text.serialReadChar
                0x00000000000007e8       0x1e obj/Release/serial.o
                0x00000000000007e8                serialReadChar
 .text.__vector_16
                0x0000000000000806      0x156 obj/Release/softUart.o
                0x0000000000000806                __vector_16
 .text.SUART_Init
                0x000000000000095c       0x2c obj/Release/softUart.o
                0x000000000000095c                SUART_Init
 .text.SUART_PutChar
                0x0000000000000988       0x2a obj/Release/softUart.o
                0x0000000000000988                SUART_PutChar
 .text.SUART_PutStr
                0x00000000000009b2       0x1e obj/Release/softUart.o
                0x00000000000009b2                SUART_PutStr
 .text.SUART_PutStrFl
                0x00000000000009d0       0x24 obj/Release/softUart.o
                0x00000000000009d0                SUART_PutStrFl
 .text.avr-libc
                0x00000000000009f4       0x1a /usr/avr/lib/libc.a(strcat.o)
                0x00000000000009f4                strcat
 .text.avr-libc
                0x0000000000000a0e       0x14 /usr/avr/lib/libc.a(itoa_ncheck.o)
                0x0000000000000a0e                __itoa_ncheck
 .text.avr-libc
                0x0000000000000a22       0x36 /usr/avr/lib/libc.a(utoa_ncheck.o)
                0x0000000000000a22                __utoa_ncheck
                0x0000000000000a24                __utoa_common
 .text.avr-libc
                0x0000000000000a58       0x24 /usr/avr/lib/libc.a(strrev.o)
                0x0000000000000a58                strrev
                0x0000000000000a7c                . = ALIGN (0x2)
 *(.fini9)
 .fini9         0x0000000000000a7c        0x0 /usr/lib/gcc/avr/4.9.1/avr5/libgcc.a(_exit.o)
                0x0000000000000a7c                exit
                0x0000000000000a7c                _exit
 *(.fini9)
 *(.fini8)
 *(.fini8)
 *(.fini7)
 *(.fini7)
 *(.fini6)
 *(.fini6)
 *(.fini5)
 *(.fini5)
 *(.fini4)
 *(.fini4)
 *(.fini3)
 *(.fini3)
 *(.fini2)
 *(.fini2)
 *(.fini1)
 *(.fini1)
 *(.fini0)
 .fini0         0x0000000000000a7c        0x4 /usr/lib/gcc/avr/4.9.1/avr5/libgcc.a(_exit.o)
 *(.fini0)
                0x0000000000000a80                _etext = .

.data           0x0000000000800100       0x5c load address 0x0000000000000a80
                0x0000000000800100                PROVIDE (__data_start, .)
 *(.data)
 .data          0x0000000000800100        0x0 /usr/lib/gcc/avr/4.9.1/../../../../avr/lib/avr5/crtm328p.o
 .data          0x0000000000800100        0x0 obj/Release/buttons.o
 .data          0x0000000000800100        0x0 obj/Release/main.o
 .data          0x0000000000800100        0x0 obj/Release/serial.o
 .data          0x0000000000800100        0x0 obj/Release/softUart.o
 .data          0x0000000000800100        0x0 obj/Release/xprintf.o
 .data          0x0000000000800100        0x0 /usr/lib/gcc/avr/4.9.1/avr5/libgcc.a(_mulsi3.o)
 .data          0x0000000000800100        0x0 /usr/lib/gcc/avr/4.9.1/avr5/libgcc.a(_udivmodsi4.o)
 .data          0x0000000000800100        0x0 /usr/lib/gcc/avr/4.9.1/avr5/libgcc.a(_exit.o)
 .data          0x0000000000800100        0x0 /usr/lib/gcc/avr/4.9.1/avr5/libgcc.a(_tablejump.o)
 .data          0x0000000000800100        0x0 /usr/lib/gcc/avr/4.9.1/avr5/libgcc.a(_copy_data.o)
 .data          0x0000000000800100        0x0 /usr/lib/gcc/avr/4.9.1/avr5/libgcc.a(_clear_bss.o)
 .data          0x0000000000800100        0x0 /usr/lib/gcc/avr/4.9.1/avr5/libgcc.a(_muluhisi3.o)
 .data          0x0000000000800100        0x0 /usr/lib/gcc/avr/4.9.1/avr5/libgcc.a(_umulhisi3.o)
 .data          0x0000000000800100        0x0 /usr/avr/lib/libc.a(dtostrf.o)
 .data          0x0000000000800100        0x0 /usr/avr/lib/libc.a(strtod.o)
 .data          0x0000000000800100        0x0 /usr/avr/lib/libc.a(strtol.o)
 .data          0x0000000000800100        0x0 /usr/avr/lib/libc.a(isspace.o)
 .data          0x0000000000800100        0x0 /usr/avr/lib/libc.a(strncasecmp_P.o)
 .data          0x0000000000800100        0x0 /usr/avr/lib/libc.a(memcpy.o)
 .data          0x0000000000800100        0x0 /usr/avr/lib/libc.a(strcat.o)
 .data          0x0000000000800100        0x0 /usr/avr/lib/libc.a(strchr.o)
 .data          0x0000000000800100        0x0 /usr/avr/lib/libc.a(itoa_ncheck.o)
 .data          0x0000000000800100        0x0 /usr/avr/lib/libc.a(utoa_ncheck.o)
 .data          0x0000000000800100        0x0 /usr/avr/lib/libc.a(sprintf.o)
 .data          0x0000000000800100        0x0 /usr/avr/lib/libc.a(cmpsf2.o)
 .data          0x0000000000800100        0x0 /usr/avr/lib/libc.a(floatsisf.o)
 .data          0x0000000000800100        0x0 /usr/avr/lib/libc.a(fp_cmp.o)
 .data          0x0000000000800100        0x0 /usr/avr/lib/libc.a(mulsf3.o)
 .data          0x0000000000800100        0x0 /usr/avr/lib/libc.a(mulsf3x.o)
 .data          0x0000000000800100        0x0 /usr/avr/lib/libc.a(vfprintf_std.o)
 .data          0x0000000000800100        0x0 /usr/avr/lib/libc.a(errno.o)
 .data          0x0000000000800100        0x0 /usr/avr/lib/libc.a(dtoa_prf.o)
 .data          0x0000000000800100        0x0 /usr/avr/lib/libc.a(ftoa_engine.o)
 .data          0x0000000000800100        0x0 /usr/avr/lib/libc.a(cty_isfalse.o)
 .data          0x0000000000800100        0x0 /usr/avr/lib/libc.a(strnlen_P.o)
 .data          0x0000000000800100        0x0 /usr/avr/lib/libc.a(strnlen.o)
 .data          0x0000000000800100        0x0 /usr/avr/lib/libc.a(strrev.o)
 .data          0x0000000000800100        0x0 /usr/avr/lib/libc.a(fputc.o)
 .data          0x0000000000800100        0x0 /usr/avr/lib/libc.a(ultoa_invert.o)
 .data          0x0000000000800100        0x0 /usr/avr/lib/libc.a(fp_inf.o)
 .data          0x0000000000800100        0x0 /usr/avr/lib/libc.a(fp_nan.o)
 .data          0x0000000000800100        0x0 /usr/avr/lib/libc.a(fp_pscA.o)
 .data          0x0000000000800100        0x0 /usr/avr/lib/libc.a(fp_pscB.o)
 .data          0x0000000000800100        0x0 /usr/avr/lib/libc.a(fp_round.o)
 .data          0x0000000000800100        0x0 /usr/avr/lib/libc.a(fp_split3.o)
 .data          0x0000000000800100        0x0 /usr/avr/lib/libc.a(fp_zero.o)
 .data          0x0000000000800100        0x0 /usr/lib/gcc/avr/4.9.1/avr5/libgcc.a(_umulsidi3.o)
 .data          0x0000000000800100        0x0 /usr/lib/gcc/avr/4.9.1/avr5/libgcc.a(_prologue.o)
 .data          0x0000000000800100        0x0 /usr/lib/gcc/avr/4.9.1/avr5/libgcc.a(_epilogue.o)
 .data          0x0000000000800100        0x0 /usr/lib/gcc/avr/4.9.1/avr5/libgcc.a(_muldi3_6.o)
 *(.data*)
 *(.rodata)
 *(.rodata*)
 .rodata.str1.1
                0x0000000000800100       0x5b obj/Release/main.o
 *(.gnu.linkonce.d*)
                0x000000000080015c                . = ALIGN (0x2)
 *fill*         0x000000000080015b        0x1 
                0x000000000080015c                _edata = .
                0x000000000080015c                PROVIDE (__data_end, .)

.bss            0x000000000080015c       0x9c
                0x000000000080015c                PROVIDE (__bss_start, .)
 *(.bss)
 *(.bss*)
 .bss.internal_rx_buffer.1838
                0x000000000080015c        0x2 obj/Release/softUart.o
 .bss.internal_tx_buffer
                0x000000000080015e        0x2 obj/Release/softUart.o
 .bss.bits_left_in_tx
                0x0000000000800160        0x1 obj/Release/softUart.o
 .bss.timer_tx_ctr
                0x0000000000800161        0x1 obj/Release/softUart.o
 .bss.flag_tx_busy
                0x0000000000800162        0x1 obj/Release/softUart.o
 .bss.bits_left_in_rx
                0x0000000000800163        0x1 obj/Release/softUart.o
 .bss.timer_rx_ctr
                0x0000000000800164        0x1 obj/Release/softUart.o
 .bss.rx_mask   0x0000000000800165        0x1 obj/Release/softUart.o
 .bss.flag_rx_off
                0x0000000000800166        0x1 obj/Release/softUart.o
 .bss.flag_rx_waiting_for_stop_bit
                0x0000000000800167        0x1 obj/Release/softUart.o
 .bss.flag_rx_ready
                0x0000000000800168        0x1 obj/Release/softUart.o
 .bss.qin       0x0000000000800169        0x1 obj/Release/softUart.o
 .bss.inbuf     0x000000000080016a       0x28 obj/Release/softUart.o
 *(COMMON)
 COMMON         0x0000000000800192       0x66 obj/Release/buttons.o
                0x0000000000800192                buttonsEnabled
                0x0000000000800193                _buffer
                0x00000000008001e4                _serial_initialized
                0x00000000008001e5                onClick
                0x00000000008001e9                _buffer_length
                0x00000000008001ea                pins
                0x00000000008001ec                buttonWasFirstClick
                0x00000000008001ee                ports
                0x00000000008001f2                lastChar
                0x00000000008001f3                flags
                0x00000000008001f5                buttonClicked
                0x00000000008001f7                buttonsCount
                0x00000000008001f8                PROVIDE (__bss_end, .)
                0x0000000000000a80                __data_load_start = LOADADDR (.data)
                0x0000000000000adc                __data_load_end = (__data_load_start + SIZEOF (.data))

.noinit         0x00000000008001f8        0x0
                0x00000000008001f8                PROVIDE (__noinit_start, .)
 *(.noinit*)
                0x00000000008001f8                PROVIDE (__noinit_end, .)
                0x00000000008001f8                _end = .
                0x00000000008001f8                PROVIDE (__heap_start, .)

.eeprom         0x0000000000810000        0x0
 *(.eeprom*)
                0x0000000000810000                __eeprom_end = .

.fuse
 *(.fuse)
 *(.lfuse)
 *(.hfuse)
 *(.efuse)

.lock
 *(.lock*)

.signature
 *(.signature*)

.stab
 *(.stab)

.stabstr
 *(.stabstr)

.stab.excl
 *(.stab.excl)

.stab.exclstr
 *(.stab.exclstr)

.stab.index
 *(.stab.index)

.stab.indexstr
 *(.stab.indexstr)

.comment        0x0000000000000000       0x11
 *(.comment)
 .comment       0x0000000000000000       0x11 obj/Release/buttons.o
                                         0x12 (size before relaxing)
 .comment       0x0000000000000000       0x12 obj/Release/main.o
 .comment       0x0000000000000000       0x12 obj/Release/serial.o
 .comment       0x0000000000000000       0x12 obj/Release/softUart.o
 .comment       0x0000000000000000       0x12 obj/Release/xprintf.o
 .comment       0x0000000000000000       0x12 /usr/avr/lib/libc.a(dtostrf.o)
 .comment       0x0000000000000000       0x12 /usr/avr/lib/libc.a(strtod.o)
 .comment       0x0000000000000000       0x12 /usr/avr/lib/libc.a(strtol.o)
 .comment       0x0000000000000000       0x12 /usr/avr/lib/libc.a(sprintf.o)
 .comment       0x0000000000000000       0x12 /usr/avr/lib/libc.a(vfprintf_std.o)
 .comment       0x0000000000000000       0x12 /usr/avr/lib/libc.a(errno.o)
 .comment       0x0000000000000000       0x12 /usr/avr/lib/libc.a(dtoa_prf.o)
 .comment       0x0000000000000000       0x12 /usr/avr/lib/libc.a(fputc.o)

.note.gnu.build-id
 *(.note.gnu.build-id)

.debug
 *(.debug)

.line
 *(.line)

.debug_srcinfo
 *(.debug_srcinfo)

.debug_sfnames
 *(.debug_sfnames)

.debug_aranges
 *(.debug_aranges)

.debug_pubnames
 *(.debug_pubnames)

.debug_info
 *(.debug_info .gnu.linkonce.wi.*)

.debug_abbrev
 *(.debug_abbrev)

.debug_line
 *(.debug_line .debug_line.* .debug_line_end)

.debug_frame
 *(.debug_frame)

.debug_str
 *(.debug_str)

.debug_loc
 *(.debug_loc)

.debug_macinfo
 *(.debug_macinfo)

.debug_weaknames
 *(.debug_weaknames)

.debug_funcnames
 *(.debug_funcnames)

.debug_typenames
 *(.debug_typenames)

.debug_varnames
 *(.debug_varnames)

.debug_pubtypes
 *(.debug_pubtypes)

.debug_ranges
 *(.debug_ranges)

.debug_macro
 *(.debug_macro)
OUTPUT(bin/Release/siemensSms-m328.elf elf32-avr)
LOAD linker stubs

Cross Reference Table

Symbol                                            File
ButtonsActivate                                   obj/Release/buttons.o
                                                  obj/Release/main.o
ButtonsInit                                       obj/Release/buttons.o
                                                  obj/Release/main.o
ButtonsSet                                        obj/Release/buttons.o
                                                  obj/Release/main.o
OnClick0                                          obj/Release/main.o
OnClick1                                          obj/Release/main.o
SUART_FlushInBuf                                  obj/Release/softUart.o
SUART_GetChar                                     obj/Release/softUart.o
SUART_Init                                        obj/Release/softUart.o
                                                  obj/Release/main.o
SUART_Kbhit                                       obj/Release/softUart.o
SUART_PutChar                                     obj/Release/softUart.o
                                                  obj/Release/main.o
SUART_PutStr                                      obj/Release/softUart.o
                                                  obj/Release/main.o
SUART_PutStrFl                                    obj/Release/softUart.o
                                                  obj/Release/main.o
SUART_TurnRxOff                                   obj/Release/softUart.o
SUART_TurnRxOn                                    obj/Release/softUart.o
__bad_interrupt                                   /usr/lib/gcc/avr/4.9.1/../../../../avr/lib/avr5/crtm328p.o
__bss_end                                         /usr/lib/gcc/avr/4.9.1/avr5/libgcc.a(_clear_bss.o)
__bss_start                                       /usr/lib/gcc/avr/4.9.1/avr5/libgcc.a(_clear_bss.o)
__cmpsf2                                          /usr/avr/lib/libc.a(cmpsf2.o)
__ctype_isfalse                                   /usr/avr/lib/libc.a(cty_isfalse.o)
                                                  /usr/avr/lib/libc.a(isspace.o)
__ctype_istrue                                    /usr/avr/lib/libc.a(cty_isfalse.o)
__data_end                                        /usr/lib/gcc/avr/4.9.1/avr5/libgcc.a(_copy_data.o)
__data_load_start                                 /usr/lib/gcc/avr/4.9.1/avr5/libgcc.a(_copy_data.o)
__data_start                                      /usr/lib/gcc/avr/4.9.1/avr5/libgcc.a(_copy_data.o)
__do_clear_bss                                    /usr/lib/gcc/avr/4.9.1/avr5/libgcc.a(_clear_bss.o)
                                                  /usr/avr/lib/libc.a(errno.o)
                                                  obj/Release/xprintf.o
                                                  obj/Release/softUart.o
                                                  obj/Release/serial.o
                                                  obj/Release/main.o
                                                  obj/Release/buttons.o
__do_copy_data                                    /usr/lib/gcc/avr/4.9.1/avr5/libgcc.a(_copy_data.o)
                                                  obj/Release/xprintf.o
                                                  obj/Release/serial.o
                                                  obj/Release/main.o
__epilogue_restores__                             /usr/lib/gcc/avr/4.9.1/avr5/libgcc.a(_epilogue.o)
                                                  /usr/avr/lib/libc.a(vfprintf_std.o)
                                                  /usr/avr/lib/libc.a(sprintf.o)
                                                  /usr/avr/lib/libc.a(strtol.o)
                                                  /usr/avr/lib/libc.a(strtod.o)
__eqsf2                                           /usr/avr/lib/libc.a(cmpsf2.o)
                                                  /usr/avr/lib/libc.a(strtod.o)
__floatsisf                                       /usr/avr/lib/libc.a(floatsisf.o)
__floatunsisf                                     /usr/avr/lib/libc.a(floatsisf.o)
                                                  /usr/avr/lib/libc.a(strtod.o)
__fp_cmp                                          /usr/avr/lib/libc.a(fp_cmp.o)
                                                  /usr/avr/lib/libc.a(cmpsf2.o)
__fp_inf                                          /usr/avr/lib/libc.a(fp_inf.o)
                                                  /usr/avr/lib/libc.a(mulsf3x.o)
__fp_nan                                          /usr/avr/lib/libc.a(fp_nan.o)
                                                  /usr/avr/lib/libc.a(mulsf3x.o)
__fp_pscA                                         /usr/avr/lib/libc.a(fp_pscA.o)
                                                  /usr/avr/lib/libc.a(mulsf3x.o)
__fp_pscB                                         /usr/avr/lib/libc.a(fp_pscB.o)
                                                  /usr/avr/lib/libc.a(mulsf3x.o)
__fp_round                                        /usr/avr/lib/libc.a(fp_round.o)
                                                  /usr/avr/lib/libc.a(mulsf3.o)
__fp_split3                                       /usr/avr/lib/libc.a(fp_split3.o)
                                                  /usr/avr/lib/libc.a(mulsf3x.o)
__fp_splitA                                       /usr/avr/lib/libc.a(fp_split3.o)
__fp_szero                                        /usr/avr/lib/libc.a(fp_zero.o)
                                                  /usr/avr/lib/libc.a(mulsf3x.o)
__fp_zero                                         /usr/avr/lib/libc.a(fp_zero.o)
__ftoa_engine                                     /usr/avr/lib/libc.a(ftoa_engine.o)
                                                  /usr/avr/lib/libc.a(dtoa_prf.o)
__heap_end                                        /usr/lib/gcc/avr/4.9.1/../../../../avr/lib/avr5/crtm328p.o
__init                                            /usr/lib/gcc/avr/4.9.1/../../../../avr/lib/avr5/crtm328p.o
__itoa_ncheck                                     /usr/avr/lib/libc.a(itoa_ncheck.o)
                                                  obj/Release/main.o
__lesf2                                           /usr/avr/lib/libc.a(cmpsf2.o)
__ltsf2                                           /usr/avr/lib/libc.a(cmpsf2.o)
__muldi3_6                                        /usr/lib/gcc/avr/4.9.1/avr5/libgcc.a(_muldi3_6.o)
                                                  /usr/lib/gcc/avr/4.9.1/avr5/libgcc.a(_umulsidi3.o)
__mulqi3                                          /usr/avr/lib/libc.a(vfprintf_std.o)
__mulsf3                                          /usr/avr/lib/libc.a(mulsf3.o)
                                                  /usr/avr/lib/libc.a(strtod.o)
__mulsf3_pse                                      /usr/avr/lib/libc.a(mulsf3x.o)
__mulsf3x                                         /usr/avr/lib/libc.a(mulsf3x.o)
                                                  /usr/avr/lib/libc.a(mulsf3.o)
__mulsi3                                          /usr/lib/gcc/avr/4.9.1/avr5/libgcc.a(_mulsi3.o)
                                                  obj/Release/xprintf.o
__muluhisi3                                       /usr/lib/gcc/avr/4.9.1/avr5/libgcc.a(_muluhisi3.o)
                                                  /usr/lib/gcc/avr/4.9.1/avr5/libgcc.a(_mulsi3.o)
__nesf2                                           /usr/avr/lib/libc.a(cmpsf2.o)
                                                  /usr/avr/lib/libc.a(strtod.o)
__prologue_saves__                                /usr/lib/gcc/avr/4.9.1/avr5/libgcc.a(_prologue.o)
                                                  /usr/avr/lib/libc.a(vfprintf_std.o)
                                                  /usr/avr/lib/libc.a(sprintf.o)
                                                  /usr/avr/lib/libc.a(strtol.o)
                                                  /usr/avr/lib/libc.a(strtod.o)
__stack                                           /usr/lib/gcc/avr/4.9.1/../../../../avr/lib/avr5/crtm328p.o
__tablejump2__                                    /usr/lib/gcc/avr/4.9.1/avr5/libgcc.a(_tablejump.o)
                                                  obj/Release/xprintf.o
__tablejump__                                     /usr/lib/gcc/avr/4.9.1/avr5/libgcc.a(_tablejump.o)
__udivmodsi4                                      /usr/lib/gcc/avr/4.9.1/avr5/libgcc.a(_udivmodsi4.o)
                                                  /usr/avr/lib/libc.a(strtol.o)
                                                  obj/Release/xprintf.o
__ultoa_invert                                    /usr/avr/lib/libc.a(ultoa_invert.o)
                                                  /usr/avr/lib/libc.a(vfprintf_std.o)
__umulhisi3                                       /usr/lib/gcc/avr/4.9.1/avr5/libgcc.a(_umulhisi3.o)
                                                  /usr/lib/gcc/avr/4.9.1/avr5/libgcc.a(_muldi3_6.o)
                                                  /usr/lib/gcc/avr/4.9.1/avr5/libgcc.a(_umulsidi3.o)
                                                  /usr/lib/gcc/avr/4.9.1/avr5/libgcc.a(_muluhisi3.o)
__umulsidi3                                       /usr/lib/gcc/avr/4.9.1/avr5/libgcc.a(_umulsidi3.o)
                                                  /usr/avr/lib/libc.a(strtol.o)
__umulsidi3_helper                                /usr/lib/gcc/avr/4.9.1/avr5/libgcc.a(_umulsidi3.o)
__utoa_common                                     /usr/avr/lib/libc.a(utoa_ncheck.o)
                                                  /usr/avr/lib/libc.a(itoa_ncheck.o)
__utoa_ncheck                                     /usr/avr/lib/libc.a(utoa_ncheck.o)
__vector_1                                        /usr/lib/gcc/avr/4.9.1/../../../../avr/lib/avr5/crtm328p.o
__vector_10                                       /usr/lib/gcc/avr/4.9.1/../../../../avr/lib/avr5/crtm328p.o
__vector_11                                       /usr/lib/gcc/avr/4.9.1/../../../../avr/lib/avr5/crtm328p.o
__vector_12                                       /usr/lib/gcc/avr/4.9.1/../../../../avr/lib/avr5/crtm328p.o
__vector_13                                       /usr/lib/gcc/avr/4.9.1/../../../../avr/lib/avr5/crtm328p.o
__vector_14                                       /usr/lib/gcc/avr/4.9.1/../../../../avr/lib/avr5/crtm328p.o
__vector_15                                       /usr/lib/gcc/avr/4.9.1/../../../../avr/lib/avr5/crtm328p.o
__vector_16                                       obj/Release/softUart.o
                                                  /usr/lib/gcc/avr/4.9.1/../../../../avr/lib/avr5/crtm328p.o
__vector_17                                       /usr/lib/gcc/avr/4.9.1/../../../../avr/lib/avr5/crtm328p.o
__vector_18                                       obj/Release/serial.o
                                                  /usr/lib/gcc/avr/4.9.1/../../../../avr/lib/avr5/crtm328p.o
__vector_19                                       /usr/lib/gcc/avr/4.9.1/../../../../avr/lib/avr5/crtm328p.o
__vector_2                                        /usr/lib/gcc/avr/4.9.1/../../../../avr/lib/avr5/crtm328p.o
__vector_20                                       /usr/lib/gcc/avr/4.9.1/../../../../avr/lib/avr5/crtm328p.o
__vector_21                                       /usr/lib/gcc/avr/4.9.1/../../../../avr/lib/avr5/crtm328p.o
__vector_22                                       /usr/lib/gcc/avr/4.9.1/../../../../avr/lib/avr5/crtm328p.o
__vector_23                                       /usr/lib/gcc/avr/4.9.1/../../../../avr/lib/avr5/crtm328p.o
__vector_24                                       /usr/lib/gcc/avr/4.9.1/../../../../avr/lib/avr5/crtm328p.o
__vector_25                                       /usr/lib/gcc/avr/4.9.1/../../../../avr/lib/avr5/crtm328p.o
__vector_3                                        /usr/lib/gcc/avr/4.9.1/../../../../avr/lib/avr5/crtm328p.o
__vector_4                                        /usr/lib/gcc/avr/4.9.1/../../../../avr/lib/avr5/crtm328p.o
__vector_5                                        /usr/lib/gcc/avr/4.9.1/../../../../avr/lib/avr5/crtm328p.o
__vector_6                                        /usr/lib/gcc/avr/4.9.1/../../../../avr/lib/avr5/crtm328p.o
__vector_7                                        /usr/lib/gcc/avr/4.9.1/../../../../avr/lib/avr5/crtm328p.o
__vector_8                                        /usr/lib/gcc/avr/4.9.1/../../../../avr/lib/avr5/crtm328p.o
__vector_9                                        obj/Release/buttons.o
                                                  /usr/lib/gcc/avr/4.9.1/../../../../avr/lib/avr5/crtm328p.o
__vector_default                                  /usr/lib/gcc/avr/4.9.1/../../../../avr/lib/avr5/crtm328p.o
__vectors                                         /usr/lib/gcc/avr/4.9.1/../../../../avr/lib/avr5/crtm328p.o
_buffer                                           obj/Release/serial.o
                                                  obj/Release/main.o
                                                  obj/Release/buttons.o
_buffer_length                                    obj/Release/serial.o
                                                  obj/Release/main.o
                                                  obj/Release/buttons.o
_exit                                             /usr/lib/gcc/avr/4.9.1/avr5/libgcc.a(_exit.o)
_serial_initialized                               obj/Release/serial.o
                                                  obj/Release/main.o
                                                  obj/Release/buttons.o
buttonClicked                                     obj/Release/buttons.o
buttonWasFirstClick                               obj/Release/buttons.o
buttonsCount                                      obj/Release/buttons.o
buttonsEnabled                                    obj/Release/buttons.o
convertTo7bit                                     obj/Release/main.o
dtoa_prf                                          /usr/avr/lib/libc.a(dtoa_prf.o)
                                                  /usr/avr/lib/libc.a(dtostrf.o)
dtostrf                                           /usr/avr/lib/libc.a(dtostrf.o)
                                                  obj/Release/serial.o
errno                                             /usr/avr/lib/libc.a(errno.o)
                                                  /usr/avr/lib/libc.a(strtol.o)
                                                  /usr/avr/lib/libc.a(strtod.o)
exit                                              /usr/lib/gcc/avr/4.9.1/avr5/libgcc.a(_exit.o)
                                                  /usr/lib/gcc/avr/4.9.1/../../../../avr/lib/avr5/crtm328p.o
flags                                             obj/Release/buttons.o
fputc                                             /usr/avr/lib/libc.a(fputc.o)
                                                  /usr/avr/lib/libc.a(vfprintf_std.o)
hexToStr                                          obj/Release/main.o
isspace                                           /usr/avr/lib/libc.a(isspace.o)
                                                  /usr/avr/lib/libc.a(strtol.o)
                                                  /usr/avr/lib/libc.a(strtod.o)
lastChar                                          obj/Release/serial.o
                                                  obj/Release/main.o
                                                  obj/Release/buttons.o
main                                              obj/Release/main.o
                                                  /usr/lib/gcc/avr/4.9.1/../../../../avr/lib/avr5/crtm328p.o
memcpy                                            /usr/avr/lib/libc.a(memcpy.o)
                                                  obj/Release/serial.o
onClick                                           obj/Release/buttons.o
pins                                              obj/Release/buttons.o
ports                                             obj/Release/buttons.o
push                                              obj/Release/serial.o
put_dump                                          obj/Release/xprintf.o
sendSMS                                           obj/Release/main.o
serialAvailable                                   obj/Release/serial.o
serialClearBuffer                                 obj/Release/serial.o
serialEnd                                         obj/Release/serial.o
serialGetBuffer                                   obj/Release/serial.o
serialInit                                        obj/Release/serial.o
                                                  obj/Release/main.o
serialLast                                        obj/Release/serial.o
serialParseFloat                                  obj/Release/serial.o
serialParseInt                                    obj/Release/serial.o
serialPrintDouble                                 obj/Release/serial.o
serialPrintDoubleLn                               obj/Release/serial.o
serialPrintInt                                    obj/Release/serial.o
serialPrintIntLn                                  obj/Release/serial.o
serialRead                                        obj/Release/serial.o
serialReadAll                                     obj/Release/serial.o
serialReadChar                                    obj/Release/serial.o
                                                  obj/Release/main.o
serialReadUntil                                   obj/Release/serial.o
serialSearchChr                                   obj/Release/serial.o
serialWaitUntil                                   obj/Release/serial.o
serialWrite                                       obj/Release/serial.o
                                                  obj/Release/main.o
serialWriteChar                                   obj/Release/serial.o
                                                  obj/Release/main.o
serialWriteF                                      obj/Release/serial.o
shift                                             obj/Release/serial.o
sprintf                                           /usr/avr/lib/libc.a(sprintf.o)
                                                  obj/Release/serial.o
strcat                                            /usr/avr/lib/libc.a(strcat.o)
                                                  obj/Release/main.o
strchr                                            /usr/avr/lib/libc.a(strchr.o)
                                                  obj/Release/serial.o
strncasecmp_P                                     /usr/avr/lib/libc.a(strncasecmp_P.o)
                                                  /usr/avr/lib/libc.a(strtod.o)
strnlen                                           /usr/avr/lib/libc.a(strnlen.o)
                                                  /usr/avr/lib/libc.a(vfprintf_std.o)
strnlen_P                                         /usr/avr/lib/libc.a(strnlen_P.o)
                                                  /usr/avr/lib/libc.a(vfprintf_std.o)
strrev                                            /usr/avr/lib/libc.a(strrev.o)
                                                  /usr/avr/lib/libc.a(utoa_ncheck.o)
strtod                                            /usr/avr/lib/libc.a(strtod.o)
                                                  obj/Release/serial.o
strtol                                            /usr/avr/lib/libc.a(strtol.o)
                                                  obj/Release/serial.o
vfprintf                                          /usr/avr/lib/libc.a(vfprintf_std.o)
                                                  /usr/avr/lib/libc.a(sprintf.o)
xatoi                                             obj/Release/xprintf.o
xfgets                                            obj/Release/xprintf.o
xfprintf                                          obj/Release/xprintf.o
xfputs                                            obj/Release/xprintf.o
xfunc_in                                          obj/Release/xprintf.o
xfunc_out                                         obj/Release/xprintf.o
xgets                                             obj/Release/xprintf.o
xprintf                                           obj/Release/xprintf.o
xputc                                             obj/Release/xprintf.o
xputs                                             obj/Release/xprintf.o
xsprintf                                          obj/Release/xprintf.o
