Archive member included because of file (symbol)

/usr/lib/gcc/avr/4.8.2/avr5/libgcc.a(_exit.o)
                              /usr/lib/gcc/avr/4.8.2/../../../../avr/lib/avr5/crtm16.o (exit)
/usr/lib/gcc/avr/4.8.2/avr5/libgcc.a(_copy_data.o)
                              obj/Release/main.o (__do_copy_data)
/usr/lib/gcc/avr/4.8.2/avr5/libgcc.a(_clear_bss.o)
                              obj/Release/main.o (__do_clear_bss)
/usr/lib/gcc/avr/4.8.2/../../../../avr/lib/avr5/libm.a(addsf3.o)
                              obj/Release/mpu6050.o (__subsf3)
/usr/lib/gcc/avr/4.8.2/../../../../avr/lib/avr5/libm.a(addsf3x.o)
                              /usr/lib/gcc/avr/4.8.2/../../../../avr/lib/avr5/libm.a(addsf3.o) (__addsf3x)
/usr/lib/gcc/avr/4.8.2/../../../../avr/lib/avr5/libm.a(asin.o)
                              obj/Release/mpu6050.o (asin)
/usr/lib/gcc/avr/4.8.2/../../../../avr/lib/avr5/libm.a(atan2.o)
                              obj/Release/mpu6050.o (atan2)
/usr/lib/gcc/avr/4.8.2/../../../../avr/lib/avr5/libm.a(atan.o)
                              /usr/lib/gcc/avr/4.8.2/../../../../avr/lib/avr5/libm.a(atan2.o) (atan)
/usr/lib/gcc/avr/4.8.2/../../../../avr/lib/avr5/libm.a(cmpsf2.o)
                              obj/Release/mpu6050.o (__nesf2)
/usr/lib/gcc/avr/4.8.2/../../../../avr/lib/avr5/libm.a(divsf3.o)
                              obj/Release/mpu6050.o (__divsf3)
/usr/lib/gcc/avr/4.8.2/../../../../avr/lib/avr5/libm.a(divsf3x.o)
                              /usr/lib/gcc/avr/4.8.2/../../../../avr/lib/avr5/libm.a(divsf3.o) (__divsf3x)
/usr/lib/gcc/avr/4.8.2/../../../../avr/lib/avr5/libm.a(floatsisf.o)
                              obj/Release/mpu6050.o (__floatsisf)
/usr/lib/gcc/avr/4.8.2/../../../../avr/lib/avr5/libm.a(fp_arccos.o)
                              /usr/lib/gcc/avr/4.8.2/../../../../avr/lib/avr5/libm.a(asin.o) (__fp_arccos)
/usr/lib/gcc/avr/4.8.2/../../../../avr/lib/avr5/libm.a(fp_cmp.o)
                              /usr/lib/gcc/avr/4.8.2/../../../../avr/lib/avr5/libm.a(cmpsf2.o) (__fp_cmp)
/usr/lib/gcc/avr/4.8.2/../../../../avr/lib/avr5/libm.a(fp_inf.o)
                              /usr/lib/gcc/avr/4.8.2/../../../../avr/lib/avr5/libm.a(addsf3x.o) (__fp_inf)
/usr/lib/gcc/avr/4.8.2/../../../../avr/lib/avr5/libm.a(fp_nan.o)
                              /usr/lib/gcc/avr/4.8.2/../../../../avr/lib/avr5/libm.a(addsf3x.o) (__fp_nan)
/usr/lib/gcc/avr/4.8.2/../../../../avr/lib/avr5/libm.a(fp_powser.o)
                              /usr/lib/gcc/avr/4.8.2/../../../../avr/lib/avr5/libm.a(atan.o) (__fp_powser)
/usr/lib/gcc/avr/4.8.2/../../../../avr/lib/avr5/libm.a(fp_powsodd.o)
                              /usr/lib/gcc/avr/4.8.2/../../../../avr/lib/avr5/libm.a(asin.o) (__fp_powsodd)
/usr/lib/gcc/avr/4.8.2/../../../../avr/lib/avr5/libm.a(fp_pscA.o)
                              /usr/lib/gcc/avr/4.8.2/../../../../avr/lib/avr5/libm.a(addsf3x.o) (__fp_pscA)
/usr/lib/gcc/avr/4.8.2/../../../../avr/lib/avr5/libm.a(fp_pscB.o)
                              /usr/lib/gcc/avr/4.8.2/../../../../avr/lib/avr5/libm.a(addsf3x.o) (__fp_pscB)
/usr/lib/gcc/avr/4.8.2/../../../../avr/lib/avr5/libm.a(fp_round.o)
                              /usr/lib/gcc/avr/4.8.2/../../../../avr/lib/avr5/libm.a(addsf3.o) (__fp_round)
/usr/lib/gcc/avr/4.8.2/../../../../avr/lib/avr5/libm.a(fp_split3.o)
                              /usr/lib/gcc/avr/4.8.2/../../../../avr/lib/avr5/libm.a(addsf3x.o) (__fp_split3)
/usr/lib/gcc/avr/4.8.2/../../../../avr/lib/avr5/libm.a(fp_zero.o)
                              /usr/lib/gcc/avr/4.8.2/../../../../avr/lib/avr5/libm.a(addsf3x.o) (__fp_zero)
/usr/lib/gcc/avr/4.8.2/../../../../avr/lib/avr5/libm.a(inverse.o)
                              /usr/lib/gcc/avr/4.8.2/../../../../avr/lib/avr5/libm.a(atan.o) (inverse)
/usr/lib/gcc/avr/4.8.2/../../../../avr/lib/avr5/libm.a(mulsf3.o)
                              obj/Release/mpu6050.o (__mulsf3)
/usr/lib/gcc/avr/4.8.2/../../../../avr/lib/avr5/libm.a(mulsf3x.o)
                              /usr/lib/gcc/avr/4.8.2/../../../../avr/lib/avr5/libm.a(atan.o) (__mulsf3x)
/usr/lib/gcc/avr/4.8.2/../../../../avr/lib/avr5/libm.a(sqrt.o)
                              obj/Release/mpu6050.o (sqrt)
/usr/lib/gcc/avr/4.8.2/../../../../avr/lib/avr5/libm.a(square.o)
                              /usr/lib/gcc/avr/4.8.2/../../../../avr/lib/avr5/libm.a(atan.o) (square)
/usr/lib/gcc/avr/4.8.2/../../../../avr/lib/avr5/libm.a(fp_mpack.o)
                              /usr/lib/gcc/avr/4.8.2/../../../../avr/lib/avr5/libm.a(sqrt.o) (__fp_mpack)
/usr/lib/gcc/avr/4.8.2/../../../../avr/lib/avr5/libm.a(fp_norm2.o)
                              /usr/lib/gcc/avr/4.8.2/../../../../avr/lib/avr5/libm.a(sqrt.o) (__fp_norm2)
/usr/lib/gcc/avr/4.8.2/../../../../avr/lib/avr5/libc.a(dtostrf.o)
                              obj/Release/serial.o (dtostrf)
/usr/lib/gcc/avr/4.8.2/../../../../avr/lib/avr5/libc.a(strtod.o)
                              obj/Release/serial.o (strtod)
/usr/lib/gcc/avr/4.8.2/../../../../avr/lib/avr5/libc.a(strtol.o)
                              obj/Release/serial.o (strtol)
/usr/lib/gcc/avr/4.8.2/../../../../avr/lib/avr5/libc.a(isspace.o)
                              /usr/lib/gcc/avr/4.8.2/../../../../avr/lib/avr5/libc.a(strtod.o) (isspace)
/usr/lib/gcc/avr/4.8.2/../../../../avr/lib/avr5/libc.a(strncasecmp_P.o)
                              /usr/lib/gcc/avr/4.8.2/../../../../avr/lib/avr5/libc.a(strtod.o) (strncasecmp_P)
/usr/lib/gcc/avr/4.8.2/../../../../avr/lib/avr5/libc.a(memcpy.o)
                              obj/Release/serial.o (memcpy)
/usr/lib/gcc/avr/4.8.2/../../../../avr/lib/avr5/libc.a(sprintf.o)
                              obj/Release/serial.o (sprintf)
/usr/lib/gcc/avr/4.8.2/../../../../avr/lib/avr5/libc.a(vfprintf_std.o)
                              /usr/lib/gcc/avr/4.8.2/../../../../avr/lib/avr5/libc.a(sprintf.o) (vfprintf)
/usr/lib/gcc/avr/4.8.2/../../../../avr/lib/avr5/libc.a(errno.o)
                              /usr/lib/gcc/avr/4.8.2/../../../../avr/lib/avr5/libc.a(strtod.o) (errno)
/usr/lib/gcc/avr/4.8.2/../../../../avr/lib/avr5/libc.a(dtoa_prf.o)
                              /usr/lib/gcc/avr/4.8.2/../../../../avr/lib/avr5/libc.a(dtostrf.o) (dtoa_prf)
/usr/lib/gcc/avr/4.8.2/../../../../avr/lib/avr5/libc.a(ftoa_engine.o)
                              /usr/lib/gcc/avr/4.8.2/../../../../avr/lib/avr5/libc.a(dtoa_prf.o) (__ftoa_engine)
/usr/lib/gcc/avr/4.8.2/../../../../avr/lib/avr5/libc.a(cty_isfalse.o)
                              /usr/lib/gcc/avr/4.8.2/../../../../avr/lib/avr5/libc.a(isspace.o) (__ctype_isfalse)
/usr/lib/gcc/avr/4.8.2/../../../../avr/lib/avr5/libc.a(strnlen_P.o)
                              /usr/lib/gcc/avr/4.8.2/../../../../avr/lib/avr5/libc.a(vfprintf_std.o) (strnlen_P)
/usr/lib/gcc/avr/4.8.2/../../../../avr/lib/avr5/libc.a(strnlen.o)
                              /usr/lib/gcc/avr/4.8.2/../../../../avr/lib/avr5/libc.a(vfprintf_std.o) (strnlen)
/usr/lib/gcc/avr/4.8.2/../../../../avr/lib/avr5/libc.a(fputc.o)
                              /usr/lib/gcc/avr/4.8.2/../../../../avr/lib/avr5/libc.a(vfprintf_std.o) (fputc)
/usr/lib/gcc/avr/4.8.2/../../../../avr/lib/avr5/libc.a(ultoa_invert.o)
                              /usr/lib/gcc/avr/4.8.2/../../../../avr/lib/avr5/libc.a(vfprintf_std.o) (__ultoa_invert)
/usr/lib/gcc/avr/4.8.2/avr5/libgcc.a(_muluhisi3.o)
                              /usr/lib/gcc/avr/4.8.2/../../../../avr/lib/avr5/libc.a(strtod.o) (__muluhisi3)
/usr/lib/gcc/avr/4.8.2/avr5/libgcc.a(_mulsi3.o)
                              /usr/lib/gcc/avr/4.8.2/../../../../avr/lib/avr5/libc.a(strtol.o) (__mulsi3)
/usr/lib/gcc/avr/4.8.2/avr5/libgcc.a(_udivmodsi4.o)
                              /usr/lib/gcc/avr/4.8.2/../../../../avr/lib/avr5/libc.a(strtol.o) (__udivmodsi4)
/usr/lib/gcc/avr/4.8.2/avr5/libgcc.a(_prologue.o)
                              /usr/lib/gcc/avr/4.8.2/../../../../avr/lib/avr5/libc.a(strtod.o) (__prologue_saves__)
/usr/lib/gcc/avr/4.8.2/avr5/libgcc.a(_epilogue.o)
                              /usr/lib/gcc/avr/4.8.2/../../../../avr/lib/avr5/libc.a(strtod.o) (__epilogue_restores__)
/usr/lib/gcc/avr/4.8.2/avr5/libgcc.a(_umulhisi3.o)
                              /usr/lib/gcc/avr/4.8.2/avr5/libgcc.a(_muluhisi3.o) (__umulhisi3)

Allocating common symbols
Common symbol       size              file

errno               0x2               /usr/lib/gcc/avr/4.8.2/../../../../avr/lib/avr5/libc.a(errno.o)
_buffer             0x80              obj/Release/main.o
_serial_initialized
                    0x1               obj/Release/main.o
buffer              0xe               obj/Release/mpu6050.o
_buffer_length      0x1               obj/Release/main.o
lastChar            0x1               obj/Release/main.o

Discarded input sections

 .bss           0x00000000        0x0 /usr/lib/gcc/avr/4.8.2/../../../../avr/lib/avr5/crtm16.o
 .stab          0x00000000      0x6cc /usr/lib/gcc/avr/4.8.2/../../../../avr/lib/avr5/crtm16.o
 .stabstr       0x00000000       0x64 /usr/lib/gcc/avr/4.8.2/../../../../avr/lib/avr5/crtm16.o
 .text          0x00000000        0x0 obj/Release/main.o
 .bss           0x00000000        0x0 obj/Release/main.o
 .text          0x00000000        0x0 obj/Release/mpu6050.o
 .bss           0x00000000        0x0 obj/Release/mpu6050.o
 .text.mpu6050_writeBits
                0x00000000        0x8 obj/Release/mpu6050.o
 .text.mpu6050_setSleepEnabled
                0x00000000        0xa obj/Release/mpu6050.o
 .text.mpu6050_getRawData
                0x00000000       0xb0 obj/Release/mpu6050.o
 .text.mpu6050_getConvData
                0x00000000      0x1a0 obj/Release/mpu6050.o
 .text.mpu6050_getQuaternion
                0x00000000       0x7a obj/Release/mpu6050.o
 .text          0x00000000        0x0 obj/Release/mpu6050dmp6.o
 .bss           0x00000000        0x0 obj/Release/mpu6050dmp6.o
 .text          0x00000000        0x0 obj/Release/serial.o
 .bss           0x00000000        0x0 obj/Release/serial.o
 .text.serialAvailable
                0x00000000        0x6 obj/Release/serial.o
 .text.serialEnd
                0x00000000        0x8 obj/Release/serial.o
 .text.serialWriteChar
                0x00000000       0x10 obj/Release/serial.o
 .text.serialWriteF
                0x00000000       0x1c obj/Release/serial.o
 .text.serialLast
                0x00000000       0x12 obj/Release/serial.o
 .text.serialReadChar
                0x00000000       0x1e obj/Release/serial.o
 .text.serialRead
                0x00000000       0x24 obj/Release/serial.o
 .text.serialReadUntil
                0x00000000       0x9c obj/Release/serial.o
 .text.serialClearBuffer
                0x00000000        0x6 obj/Release/serial.o
 .text.serialWaitUntil
                0x00000000       0x14 obj/Release/serial.o
 .text.serialParseInt
                0x00000000       0xa4 obj/Release/serial.o
 .text.serialParseFloat
                0x00000000       0xa8 obj/Release/serial.o
 .rodata.str1.1
                0x00000000        0x9 obj/Release/serial.o
 .text.serialPrintInt
                0x00000000       0x5a obj/Release/serial.o
 .text.serialPrintIntLn
                0x00000000       0x5a obj/Release/serial.o
 .text.serialPrintDoubleLn
                0x00000000        0xc obj/Release/serial.o
 .text          0x00000000        0x0 obj/Release/twimaster.o
 .bss           0x00000000        0x0 obj/Release/twimaster.o
 .text.i2c_start_wait
                0x00000000       0x3c obj/Release/twimaster.o
 .text.i2c_rep_start
                0x00000000        0x4 obj/Release/twimaster.o
 .text          0x00000000        0x0 /usr/lib/gcc/avr/4.8.2/avr5/libgcc.a(_exit.o)
 .bss           0x00000000        0x0 /usr/lib/gcc/avr/4.8.2/avr5/libgcc.a(_exit.o)
 .text.libgcc.mul
                0x00000000        0x0 /usr/lib/gcc/avr/4.8.2/avr5/libgcc.a(_exit.o)
 .text.libgcc.div
                0x00000000        0x0 /usr/lib/gcc/avr/4.8.2/avr5/libgcc.a(_exit.o)
 .text.libgcc   0x00000000        0x0 /usr/lib/gcc/avr/4.8.2/avr5/libgcc.a(_exit.o)
 .text.libgcc.prologue
                0x00000000        0x0 /usr/lib/gcc/avr/4.8.2/avr5/libgcc.a(_exit.o)
 .text.libgcc.builtins
                0x00000000        0x0 /usr/lib/gcc/avr/4.8.2/avr5/libgcc.a(_exit.o)
 .text.libgcc.fmul
                0x00000000        0x0 /usr/lib/gcc/avr/4.8.2/avr5/libgcc.a(_exit.o)
 .text.libgcc.fixed
                0x00000000        0x0 /usr/lib/gcc/avr/4.8.2/avr5/libgcc.a(_exit.o)
 .text          0x00000000        0x0 /usr/lib/gcc/avr/4.8.2/avr5/libgcc.a(_copy_data.o)
 .bss           0x00000000        0x0 /usr/lib/gcc/avr/4.8.2/avr5/libgcc.a(_copy_data.o)
 .text.libgcc.mul
                0x00000000        0x0 /usr/lib/gcc/avr/4.8.2/avr5/libgcc.a(_copy_data.o)
 .text.libgcc.div
                0x00000000        0x0 /usr/lib/gcc/avr/4.8.2/avr5/libgcc.a(_copy_data.o)
 .text.libgcc   0x00000000        0x0 /usr/lib/gcc/avr/4.8.2/avr5/libgcc.a(_copy_data.o)
 .text.libgcc.prologue
                0x00000000        0x0 /usr/lib/gcc/avr/4.8.2/avr5/libgcc.a(_copy_data.o)
 .text.libgcc.builtins
                0x00000000        0x0 /usr/lib/gcc/avr/4.8.2/avr5/libgcc.a(_copy_data.o)
 .text.libgcc.fmul
                0x00000000        0x0 /usr/lib/gcc/avr/4.8.2/avr5/libgcc.a(_copy_data.o)
 .text.libgcc.fixed
                0x00000000        0x0 /usr/lib/gcc/avr/4.8.2/avr5/libgcc.a(_copy_data.o)
 .text          0x00000000        0x0 /usr/lib/gcc/avr/4.8.2/avr5/libgcc.a(_clear_bss.o)
 .bss           0x00000000        0x0 /usr/lib/gcc/avr/4.8.2/avr5/libgcc.a(_clear_bss.o)
 .text.libgcc.mul
                0x00000000        0x0 /usr/lib/gcc/avr/4.8.2/avr5/libgcc.a(_clear_bss.o)
 .text.libgcc.div
                0x00000000        0x0 /usr/lib/gcc/avr/4.8.2/avr5/libgcc.a(_clear_bss.o)
 .text.libgcc   0x00000000        0x0 /usr/lib/gcc/avr/4.8.2/avr5/libgcc.a(_clear_bss.o)
 .text.libgcc.prologue
                0x00000000        0x0 /usr/lib/gcc/avr/4.8.2/avr5/libgcc.a(_clear_bss.o)
 .text.libgcc.builtins
                0x00000000        0x0 /usr/lib/gcc/avr/4.8.2/avr5/libgcc.a(_clear_bss.o)
 .text.libgcc.fmul
                0x00000000        0x0 /usr/lib/gcc/avr/4.8.2/avr5/libgcc.a(_clear_bss.o)
 .text.libgcc.fixed
                0x00000000        0x0 /usr/lib/gcc/avr/4.8.2/avr5/libgcc.a(_clear_bss.o)
 .text          0x00000000        0x0 /usr/lib/gcc/avr/4.8.2/../../../../avr/lib/avr5/libm.a(addsf3.o)
 .bss           0x00000000        0x0 /usr/lib/gcc/avr/4.8.2/../../../../avr/lib/avr5/libm.a(addsf3.o)
 .stab          0x00000000       0x84 /usr/lib/gcc/avr/4.8.2/../../../../avr/lib/avr5/libm.a(addsf3.o)
 .stabstr       0x00000000       0x3e /usr/lib/gcc/avr/4.8.2/../../../../avr/lib/avr5/libm.a(addsf3.o)
 .text          0x00000000        0x0 /usr/lib/gcc/avr/4.8.2/../../../../avr/lib/avr5/libm.a(addsf3x.o)
 .bss           0x00000000        0x0 /usr/lib/gcc/avr/4.8.2/../../../../avr/lib/avr5/libm.a(addsf3x.o)
 .stab          0x00000000      0x4c8 /usr/lib/gcc/avr/4.8.2/../../../../avr/lib/avr5/libm.a(addsf3x.o)
 .stabstr       0x00000000       0x3f /usr/lib/gcc/avr/4.8.2/../../../../avr/lib/avr5/libm.a(addsf3x.o)
 .text          0x00000000        0x0 /usr/lib/gcc/avr/4.8.2/../../../../avr/lib/avr5/libm.a(asin.o)
 .bss           0x00000000        0x0 /usr/lib/gcc/avr/4.8.2/../../../../avr/lib/avr5/libm.a(asin.o)
 .stab          0x00000000      0x150 /usr/lib/gcc/avr/4.8.2/../../../../avr/lib/avr5/libm.a(asin.o)
 .stabstr       0x00000000       0x3c /usr/lib/gcc/avr/4.8.2/../../../../avr/lib/avr5/libm.a(asin.o)
 .text          0x00000000        0x0 /usr/lib/gcc/avr/4.8.2/../../../../avr/lib/avr5/libm.a(atan2.o)
 .bss           0x00000000        0x0 /usr/lib/gcc/avr/4.8.2/../../../../avr/lib/avr5/libm.a(atan2.o)
 .stab          0x00000000      0x300 /usr/lib/gcc/avr/4.8.2/../../../../avr/lib/avr5/libm.a(atan2.o)
 .stabstr       0x00000000       0x3d /usr/lib/gcc/avr/4.8.2/../../../../avr/lib/avr5/libm.a(atan2.o)
 .text          0x00000000        0x0 /usr/lib/gcc/avr/4.8.2/../../../../avr/lib/avr5/libm.a(atan.o)
 .bss           0x00000000        0x0 /usr/lib/gcc/avr/4.8.2/../../../../avr/lib/avr5/libm.a(atan.o)
 .stab          0x00000000      0x21c /usr/lib/gcc/avr/4.8.2/../../../../avr/lib/avr5/libm.a(atan.o)
 .stabstr       0x00000000       0x3c /usr/lib/gcc/avr/4.8.2/../../../../avr/lib/avr5/libm.a(atan.o)
 .text          0x00000000        0x0 /usr/lib/gcc/avr/4.8.2/../../../../avr/lib/avr5/libm.a(cmpsf2.o)
 .bss           0x00000000        0x0 /usr/lib/gcc/avr/4.8.2/../../../../avr/lib/avr5/libm.a(cmpsf2.o)
 .stab          0x00000000       0x9c /usr/lib/gcc/avr/4.8.2/../../../../avr/lib/avr5/libm.a(cmpsf2.o)
 .stabstr       0x00000000       0x3e /usr/lib/gcc/avr/4.8.2/../../../../avr/lib/avr5/libm.a(cmpsf2.o)
 .text          0x00000000        0x0 /usr/lib/gcc/avr/4.8.2/../../../../avr/lib/avr5/libm.a(divsf3.o)
 .bss           0x00000000        0x0 /usr/lib/gcc/avr/4.8.2/../../../../avr/lib/avr5/libm.a(divsf3.o)
 .stab          0x00000000       0x54 /usr/lib/gcc/avr/4.8.2/../../../../avr/lib/avr5/libm.a(divsf3.o)
 .stabstr       0x00000000       0x3e /usr/lib/gcc/avr/4.8.2/../../../../avr/lib/avr5/libm.a(divsf3.o)
 .text          0x00000000        0x0 /usr/lib/gcc/avr/4.8.2/../../../../avr/lib/avr5/libm.a(divsf3x.o)
 .bss           0x00000000        0x0 /usr/lib/gcc/avr/4.8.2/../../../../avr/lib/avr5/libm.a(divsf3x.o)
 .stab          0x00000000      0x51c /usr/lib/gcc/avr/4.8.2/../../../../avr/lib/avr5/libm.a(divsf3x.o)
 .stabstr       0x00000000       0x3f /usr/lib/gcc/avr/4.8.2/../../../../avr/lib/avr5/libm.a(divsf3x.o)
 .text          0x00000000        0x0 /usr/lib/gcc/avr/4.8.2/../../../../avr/lib/avr5/libm.a(floatsisf.o)
 .bss           0x00000000        0x0 /usr/lib/gcc/avr/4.8.2/../../../../avr/lib/avr5/libm.a(floatsisf.o)
 .stab          0x00000000      0x324 /usr/lib/gcc/avr/4.8.2/../../../../avr/lib/avr5/libm.a(floatsisf.o)
 .stabstr       0x00000000       0x41 /usr/lib/gcc/avr/4.8.2/../../../../avr/lib/avr5/libm.a(floatsisf.o)
 .text          0x00000000        0x0 /usr/lib/gcc/avr/4.8.2/../../../../avr/lib/avr5/libm.a(fp_arccos.o)
 .bss           0x00000000        0x0 /usr/lib/gcc/avr/4.8.2/../../../../avr/lib/avr5/libm.a(fp_arccos.o)
 .stab          0x00000000      0x180 /usr/lib/gcc/avr/4.8.2/../../../../avr/lib/avr5/libm.a(fp_arccos.o)
 .stabstr       0x00000000       0x41 /usr/lib/gcc/avr/4.8.2/../../../../avr/lib/avr5/libm.a(fp_arccos.o)
 .text          0x00000000        0x0 /usr/lib/gcc/avr/4.8.2/../../../../avr/lib/avr5/libm.a(fp_cmp.o)
 .bss           0x00000000        0x0 /usr/lib/gcc/avr/4.8.2/../../../../avr/lib/avr5/libm.a(fp_cmp.o)
 .stab          0x00000000      0x1ec /usr/lib/gcc/avr/4.8.2/../../../../avr/lib/avr5/libm.a(fp_cmp.o)
 .stabstr       0x00000000       0x3e /usr/lib/gcc/avr/4.8.2/../../../../avr/lib/avr5/libm.a(fp_cmp.o)
 .text          0x00000000        0x0 /usr/lib/gcc/avr/4.8.2/../../../../avr/lib/avr5/libm.a(fp_inf.o)
 .bss           0x00000000        0x0 /usr/lib/gcc/avr/4.8.2/../../../../avr/lib/avr5/libm.a(fp_inf.o)
 .stab          0x00000000       0x84 /usr/lib/gcc/avr/4.8.2/../../../../avr/lib/avr5/libm.a(fp_inf.o)
 .stabstr       0x00000000       0x3e /usr/lib/gcc/avr/4.8.2/../../../../avr/lib/avr5/libm.a(fp_inf.o)
 .text          0x00000000        0x0 /usr/lib/gcc/avr/4.8.2/../../../../avr/lib/avr5/libm.a(fp_nan.o)
 .bss           0x00000000        0x0 /usr/lib/gcc/avr/4.8.2/../../../../avr/lib/avr5/libm.a(fp_nan.o)
 .stab          0x00000000       0x60 /usr/lib/gcc/avr/4.8.2/../../../../avr/lib/avr5/libm.a(fp_nan.o)
 .stabstr       0x00000000       0x3e /usr/lib/gcc/avr/4.8.2/../../../../avr/lib/avr5/libm.a(fp_nan.o)
 .text          0x00000000        0x0 /usr/lib/gcc/avr/4.8.2/../../../../avr/lib/avr5/libm.a(fp_powser.o)
 .bss           0x00000000        0x0 /usr/lib/gcc/avr/4.8.2/../../../../avr/lib/avr5/libm.a(fp_powser.o)
 .stab          0x00000000      0x1f8 /usr/lib/gcc/avr/4.8.2/../../../../avr/lib/avr5/libm.a(fp_powser.o)
 .stabstr       0x00000000       0x41 /usr/lib/gcc/avr/4.8.2/../../../../avr/lib/avr5/libm.a(fp_powser.o)
 .text          0x00000000        0x0 /usr/lib/gcc/avr/4.8.2/../../../../avr/lib/avr5/libm.a(fp_powsodd.o)
 .bss           0x00000000        0x0 /usr/lib/gcc/avr/4.8.2/../../../../avr/lib/avr5/libm.a(fp_powsodd.o)
 .stab          0x00000000      0x108 /usr/lib/gcc/avr/4.8.2/../../../../avr/lib/avr5/libm.a(fp_powsodd.o)
 .stabstr       0x00000000       0x42 /usr/lib/gcc/avr/4.8.2/../../../../avr/lib/avr5/libm.a(fp_powsodd.o)
 .text          0x00000000        0x0 /usr/lib/gcc/avr/4.8.2/../../../../avr/lib/avr5/libm.a(fp_pscA.o)
 .bss           0x00000000        0x0 /usr/lib/gcc/avr/4.8.2/../../../../avr/lib/avr5/libm.a(fp_pscA.o)
 .stab          0x00000000       0x90 /usr/lib/gcc/avr/4.8.2/../../../../avr/lib/avr5/libm.a(fp_pscA.o)
 .stabstr       0x00000000       0x3f /usr/lib/gcc/avr/4.8.2/../../../../avr/lib/avr5/libm.a(fp_pscA.o)
 .text          0x00000000        0x0 /usr/lib/gcc/avr/4.8.2/../../../../avr/lib/avr5/libm.a(fp_pscB.o)
 .bss           0x00000000        0x0 /usr/lib/gcc/avr/4.8.2/../../../../avr/lib/avr5/libm.a(fp_pscB.o)
 .stab          0x00000000       0x90 /usr/lib/gcc/avr/4.8.2/../../../../avr/lib/avr5/libm.a(fp_pscB.o)
 .stabstr       0x00000000       0x3f /usr/lib/gcc/avr/4.8.2/../../../../avr/lib/avr5/libm.a(fp_pscB.o)
 .text          0x00000000        0x0 /usr/lib/gcc/avr/4.8.2/../../../../avr/lib/avr5/libm.a(fp_round.o)
 .bss           0x00000000        0x0 /usr/lib/gcc/avr/4.8.2/../../../../avr/lib/avr5/libm.a(fp_round.o)
 .stab          0x00000000      0x108 /usr/lib/gcc/avr/4.8.2/../../../../avr/lib/avr5/libm.a(fp_round.o)
 .stabstr       0x00000000       0x40 /usr/lib/gcc/avr/4.8.2/../../../../avr/lib/avr5/libm.a(fp_round.o)
 .text          0x00000000        0x0 /usr/lib/gcc/avr/4.8.2/../../../../avr/lib/avr5/libm.a(fp_split3.o)
 .bss           0x00000000        0x0 /usr/lib/gcc/avr/4.8.2/../../../../avr/lib/avr5/libm.a(fp_split3.o)
 .stab          0x00000000      0x1e0 /usr/lib/gcc/avr/4.8.2/../../../../avr/lib/avr5/libm.a(fp_split3.o)
 .stabstr       0x00000000       0x41 /usr/lib/gcc/avr/4.8.2/../../../../avr/lib/avr5/libm.a(fp_split3.o)
 .text          0x00000000        0x0 /usr/lib/gcc/avr/4.8.2/../../../../avr/lib/avr5/libm.a(fp_zero.o)
 .bss           0x00000000        0x0 /usr/lib/gcc/avr/4.8.2/../../../../avr/lib/avr5/libm.a(fp_zero.o)
 .stab          0x00000000       0x9c /usr/lib/gcc/avr/4.8.2/../../../../avr/lib/avr5/libm.a(fp_zero.o)
 .stabstr       0x00000000       0x3f /usr/lib/gcc/avr/4.8.2/../../../../avr/lib/avr5/libm.a(fp_zero.o)
 .text          0x00000000        0x0 /usr/lib/gcc/avr/4.8.2/../../../../avr/lib/avr5/libm.a(inverse.o)
 .bss           0x00000000        0x0 /usr/lib/gcc/avr/4.8.2/../../../../avr/lib/avr5/libm.a(inverse.o)
 .stab          0x00000000       0x90 /usr/lib/gcc/avr/4.8.2/../../../../avr/lib/avr5/libm.a(inverse.o)
 .stabstr       0x00000000       0x3f /usr/lib/gcc/avr/4.8.2/../../../../avr/lib/avr5/libm.a(inverse.o)
 .text          0x00000000        0x0 /usr/lib/gcc/avr/4.8.2/../../../../avr/lib/avr5/libm.a(mulsf3.o)
 .bss           0x00000000        0x0 /usr/lib/gcc/avr/4.8.2/../../../../avr/lib/avr5/libm.a(mulsf3.o)
 .stab          0x00000000       0x54 /usr/lib/gcc/avr/4.8.2/../../../../avr/lib/avr5/libm.a(mulsf3.o)
 .stabstr       0x00000000       0x3e /usr/lib/gcc/avr/4.8.2/../../../../avr/lib/avr5/libm.a(mulsf3.o)
 .text          0x00000000        0x0 /usr/lib/gcc/avr/4.8.2/../../../../avr/lib/avr5/libm.a(mulsf3x.o)
 .bss           0x00000000        0x0 /usr/lib/gcc/avr/4.8.2/../../../../avr/lib/avr5/libm.a(mulsf3x.o)
 .stab          0x00000000      0x4e0 /usr/lib/gcc/avr/4.8.2/../../../../avr/lib/avr5/libm.a(mulsf3x.o)
 .stabstr       0x00000000       0x3f /usr/lib/gcc/avr/4.8.2/../../../../avr/lib/avr5/libm.a(mulsf3x.o)
 .text          0x00000000        0x0 /usr/lib/gcc/avr/4.8.2/../../../../avr/lib/avr5/libm.a(sqrt.o)
 .bss           0x00000000        0x0 /usr/lib/gcc/avr/4.8.2/../../../../avr/lib/avr5/libm.a(sqrt.o)
 .stab          0x00000000      0x360 /usr/lib/gcc/avr/4.8.2/../../../../avr/lib/avr5/libm.a(sqrt.o)
 .stabstr       0x00000000       0x3c /usr/lib/gcc/avr/4.8.2/../../../../avr/lib/avr5/libm.a(sqrt.o)
 .text          0x00000000        0x0 /usr/lib/gcc/avr/4.8.2/../../../../avr/lib/avr5/libm.a(square.o)
 .bss           0x00000000        0x0 /usr/lib/gcc/avr/4.8.2/../../../../avr/lib/avr5/libm.a(square.o)
 .stab          0x00000000       0x60 /usr/lib/gcc/avr/4.8.2/../../../../avr/lib/avr5/libm.a(square.o)
 .stabstr       0x00000000       0x3e /usr/lib/gcc/avr/4.8.2/../../../../avr/lib/avr5/libm.a(square.o)
 .text          0x00000000        0x0 /usr/lib/gcc/avr/4.8.2/../../../../avr/lib/avr5/libm.a(fp_mpack.o)
 .bss           0x00000000        0x0 /usr/lib/gcc/avr/4.8.2/../../../../avr/lib/avr5/libm.a(fp_mpack.o)
 .stab          0x00000000       0xf0 /usr/lib/gcc/avr/4.8.2/../../../../avr/lib/avr5/libm.a(fp_mpack.o)
 .stabstr       0x00000000       0x40 /usr/lib/gcc/avr/4.8.2/../../../../avr/lib/avr5/libm.a(fp_mpack.o)
 .text          0x00000000        0x0 /usr/lib/gcc/avr/4.8.2/../../../../avr/lib/avr5/libm.a(fp_norm2.o)
 .bss           0x00000000        0x0 /usr/lib/gcc/avr/4.8.2/../../../../avr/lib/avr5/libm.a(fp_norm2.o)
 .stab          0x00000000       0x90 /usr/lib/gcc/avr/4.8.2/../../../../avr/lib/avr5/libm.a(fp_norm2.o)
 .stabstr       0x00000000       0x40 /usr/lib/gcc/avr/4.8.2/../../../../avr/lib/avr5/libm.a(fp_norm2.o)
 .text          0x00000000        0x0 /usr/lib/gcc/avr/4.8.2/../../../../avr/lib/avr5/libc.a(dtostrf.o)
 .bss           0x00000000        0x0 /usr/lib/gcc/avr/4.8.2/../../../../avr/lib/avr5/libc.a(dtostrf.o)
 .stab          0x00000000      0x594 /usr/lib/gcc/avr/4.8.2/../../../../avr/lib/avr5/libc.a(dtostrf.o)
 .stabstr       0x00000000      0xd9a /usr/lib/gcc/avr/4.8.2/../../../../avr/lib/avr5/libc.a(dtostrf.o)
 .text          0x00000000        0x0 /usr/lib/gcc/avr/4.8.2/../../../../avr/lib/avr5/libc.a(strtod.o)
 .bss           0x00000000        0x0 /usr/lib/gcc/avr/4.8.2/../../../../avr/lib/avr5/libc.a(strtod.o)
 .stab          0x00000000      0x96c /usr/lib/gcc/avr/4.8.2/../../../../avr/lib/avr5/libc.a(strtod.o)
 .stabstr       0x00000000      0xd53 /usr/lib/gcc/avr/4.8.2/../../../../avr/lib/avr5/libc.a(strtod.o)
 .text.avr-libc
                0x00000000      0x2ce /usr/lib/gcc/avr/4.8.2/../../../../avr/lib/avr5/libc.a(strtod.o)
 .progmem.data  0x00000000       0x3b /usr/lib/gcc/avr/4.8.2/../../../../avr/lib/avr5/libc.a(strtod.o)
 .text          0x00000000        0x0 /usr/lib/gcc/avr/4.8.2/../../../../avr/lib/avr5/libc.a(strtol.o)
 .bss           0x00000000        0x0 /usr/lib/gcc/avr/4.8.2/../../../../avr/lib/avr5/libc.a(strtol.o)
 .stab          0x00000000      0x660 /usr/lib/gcc/avr/4.8.2/../../../../avr/lib/avr5/libc.a(strtol.o)
 .stabstr       0x00000000      0x919 /usr/lib/gcc/avr/4.8.2/../../../../avr/lib/avr5/libc.a(strtol.o)
 .text.avr-libc
                0x00000000      0x268 /usr/lib/gcc/avr/4.8.2/../../../../avr/lib/avr5/libc.a(strtol.o)
 .text          0x00000000        0x0 /usr/lib/gcc/avr/4.8.2/../../../../avr/lib/avr5/libc.a(isspace.o)
 .bss           0x00000000        0x0 /usr/lib/gcc/avr/4.8.2/../../../../avr/lib/avr5/libc.a(isspace.o)
 .stab          0x00000000       0xa8 /usr/lib/gcc/avr/4.8.2/../../../../avr/lib/avr5/libc.a(isspace.o)
 .stabstr       0x00000000       0x53 /usr/lib/gcc/avr/4.8.2/../../../../avr/lib/avr5/libc.a(isspace.o)
 .text.avr-libc
                0x00000000       0x10 /usr/lib/gcc/avr/4.8.2/../../../../avr/lib/avr5/libc.a(isspace.o)
 .text          0x00000000        0x0 /usr/lib/gcc/avr/4.8.2/../../../../avr/lib/avr5/libc.a(strncasecmp_P.o)
 .bss           0x00000000        0x0 /usr/lib/gcc/avr/4.8.2/../../../../avr/lib/avr5/libc.a(strncasecmp_P.o)
 .stab          0x00000000      0x144 /usr/lib/gcc/avr/4.8.2/../../../../avr/lib/avr5/libc.a(strncasecmp_P.o)
 .stabstr       0x00000000       0x48 /usr/lib/gcc/avr/4.8.2/../../../../avr/lib/avr5/libc.a(strncasecmp_P.o)
 .text.avr-libc
                0x00000000       0x30 /usr/lib/gcc/avr/4.8.2/../../../../avr/lib/avr5/libc.a(strncasecmp_P.o)
 .text          0x00000000        0x0 /usr/lib/gcc/avr/4.8.2/../../../../avr/lib/avr5/libc.a(memcpy.o)
 .bss           0x00000000        0x0 /usr/lib/gcc/avr/4.8.2/../../../../avr/lib/avr5/libc.a(memcpy.o)
 .stab          0x00000000       0x90 /usr/lib/gcc/avr/4.8.2/../../../../avr/lib/avr5/libc.a(memcpy.o)
 .stabstr       0x00000000       0x3f /usr/lib/gcc/avr/4.8.2/../../../../avr/lib/avr5/libc.a(memcpy.o)
 .text.avr-libc
                0x00000000       0x12 /usr/lib/gcc/avr/4.8.2/../../../../avr/lib/avr5/libc.a(memcpy.o)
 .text          0x00000000        0x0 /usr/lib/gcc/avr/4.8.2/../../../../avr/lib/avr5/libc.a(sprintf.o)
 .bss           0x00000000        0x0 /usr/lib/gcc/avr/4.8.2/../../../../avr/lib/avr5/libc.a(sprintf.o)
 .stab          0x00000000      0x54c /usr/lib/gcc/avr/4.8.2/../../../../avr/lib/avr5/libc.a(sprintf.o)
 .stabstr       0x00000000      0xca5 /usr/lib/gcc/avr/4.8.2/../../../../avr/lib/avr5/libc.a(sprintf.o)
 .text.avr-libc
                0x00000000       0x44 /usr/lib/gcc/avr/4.8.2/../../../../avr/lib/avr5/libc.a(sprintf.o)
 .text          0x00000000        0x0 /usr/lib/gcc/avr/4.8.2/../../../../avr/lib/avr5/libc.a(vfprintf_std.o)
 .bss           0x00000000        0x0 /usr/lib/gcc/avr/4.8.2/../../../../avr/lib/avr5/libc.a(vfprintf_std.o)
 .stab          0x00000000      0xd80 /usr/lib/gcc/avr/4.8.2/../../../../avr/lib/avr5/libc.a(vfprintf_std.o)
 .stabstr       0x00000000      0xea9 /usr/lib/gcc/avr/4.8.2/../../../../avr/lib/avr5/libc.a(vfprintf_std.o)
 .text.avr-libc
                0x00000000      0x3a4 /usr/lib/gcc/avr/4.8.2/../../../../avr/lib/avr5/libc.a(vfprintf_std.o)
 .text          0x00000000        0x0 /usr/lib/gcc/avr/4.8.2/../../../../avr/lib/avr5/libc.a(errno.o)
 .bss           0x00000000        0x0 /usr/lib/gcc/avr/4.8.2/../../../../avr/lib/avr5/libc.a(errno.o)
 .stab          0x00000000      0x27c /usr/lib/gcc/avr/4.8.2/../../../../avr/lib/avr5/libc.a(errno.o)
 .stabstr       0x00000000      0x7c2 /usr/lib/gcc/avr/4.8.2/../../../../avr/lib/avr5/libc.a(errno.o)
 COMMON         0x00000000        0x2 /usr/lib/gcc/avr/4.8.2/../../../../avr/lib/avr5/libc.a(errno.o)
 .text          0x00000000        0x0 /usr/lib/gcc/avr/4.8.2/../../../../avr/lib/avr5/libc.a(dtoa_prf.o)
 .bss           0x00000000        0x0 /usr/lib/gcc/avr/4.8.2/../../../../avr/lib/avr5/libc.a(dtoa_prf.o)
 .stab          0x00000000      0xaa4 /usr/lib/gcc/avr/4.8.2/../../../../avr/lib/avr5/libc.a(dtoa_prf.o)
 .stabstr       0x00000000      0xd1e /usr/lib/gcc/avr/4.8.2/../../../../avr/lib/avr5/libc.a(dtoa_prf.o)
 .text          0x00000000        0x0 /usr/lib/gcc/avr/4.8.2/../../../../avr/lib/avr5/libc.a(ftoa_engine.o)
 .bss           0x00000000        0x0 /usr/lib/gcc/avr/4.8.2/../../../../avr/lib/avr5/libc.a(ftoa_engine.o)
 .stab          0x00000000      0xa44 /usr/lib/gcc/avr/4.8.2/../../../../avr/lib/avr5/libc.a(ftoa_engine.o)
 .stabstr       0x00000000       0x44 /usr/lib/gcc/avr/4.8.2/../../../../avr/lib/avr5/libc.a(ftoa_engine.o)
 .text          0x00000000        0x0 /usr/lib/gcc/avr/4.8.2/../../../../avr/lib/avr5/libc.a(cty_isfalse.o)
 .bss           0x00000000        0x0 /usr/lib/gcc/avr/4.8.2/../../../../avr/lib/avr5/libc.a(cty_isfalse.o)
 .stab          0x00000000       0x6c /usr/lib/gcc/avr/4.8.2/../../../../avr/lib/avr5/libc.a(cty_isfalse.o)
 .stabstr       0x00000000       0x5b /usr/lib/gcc/avr/4.8.2/../../../../avr/lib/avr5/libc.a(cty_isfalse.o)
 .text.avr-libc
                0x00000000        0x6 /usr/lib/gcc/avr/4.8.2/../../../../avr/lib/avr5/libc.a(cty_isfalse.o)
 .text          0x00000000        0x0 /usr/lib/gcc/avr/4.8.2/../../../../avr/lib/avr5/libc.a(strnlen_P.o)
 .bss           0x00000000        0x0 /usr/lib/gcc/avr/4.8.2/../../../../avr/lib/avr5/libc.a(strnlen_P.o)
 .stab          0x00000000       0xa8 /usr/lib/gcc/avr/4.8.2/../../../../avr/lib/avr5/libc.a(strnlen_P.o)
 .stabstr       0x00000000       0x44 /usr/lib/gcc/avr/4.8.2/../../../../avr/lib/avr5/libc.a(strnlen_P.o)
 .text.avr-libc
                0x00000000       0x16 /usr/lib/gcc/avr/4.8.2/../../../../avr/lib/avr5/libc.a(strnlen_P.o)
 .text          0x00000000        0x0 /usr/lib/gcc/avr/4.8.2/../../../../avr/lib/avr5/libc.a(strnlen.o)
 .bss           0x00000000        0x0 /usr/lib/gcc/avr/4.8.2/../../../../avr/lib/avr5/libc.a(strnlen.o)
 .stab          0x00000000       0xa8 /usr/lib/gcc/avr/4.8.2/../../../../avr/lib/avr5/libc.a(strnlen.o)
 .stabstr       0x00000000       0x40 /usr/lib/gcc/avr/4.8.2/../../../../avr/lib/avr5/libc.a(strnlen.o)
 .text.avr-libc
                0x00000000       0x16 /usr/lib/gcc/avr/4.8.2/../../../../avr/lib/avr5/libc.a(strnlen.o)
 .text          0x00000000        0x0 /usr/lib/gcc/avr/4.8.2/../../../../avr/lib/avr5/libc.a(fputc.o)
 .bss           0x00000000        0x0 /usr/lib/gcc/avr/4.8.2/../../../../avr/lib/avr5/libc.a(fputc.o)
 .stab          0x00000000      0x534 /usr/lib/gcc/avr/4.8.2/../../../../avr/lib/avr5/libc.a(fputc.o)
 .stabstr       0x00000000      0xc80 /usr/lib/gcc/avr/4.8.2/../../../../avr/lib/avr5/libc.a(fputc.o)
 .text.avr-libc
                0x00000000       0x64 /usr/lib/gcc/avr/4.8.2/../../../../avr/lib/avr5/libc.a(fputc.o)
 .text          0x00000000        0x0 /usr/lib/gcc/avr/4.8.2/../../../../avr/lib/avr5/libc.a(ultoa_invert.o)
 .bss           0x00000000        0x0 /usr/lib/gcc/avr/4.8.2/../../../../avr/lib/avr5/libc.a(ultoa_invert.o)
 .stab          0x00000000      0x48c /usr/lib/gcc/avr/4.8.2/../../../../avr/lib/avr5/libc.a(ultoa_invert.o)
 .stabstr       0x00000000       0x44 /usr/lib/gcc/avr/4.8.2/../../../../avr/lib/avr5/libc.a(ultoa_invert.o)
 .text.avr-libc
                0x00000000       0xbc /usr/lib/gcc/avr/4.8.2/../../../../avr/lib/avr5/libc.a(ultoa_invert.o)
 .text          0x00000000        0x0 /usr/lib/gcc/avr/4.8.2/avr5/libgcc.a(_muluhisi3.o)
 .bss           0x00000000        0x0 /usr/lib/gcc/avr/4.8.2/avr5/libgcc.a(_muluhisi3.o)
 .text.libgcc.mul
                0x00000000       0x16 /usr/lib/gcc/avr/4.8.2/avr5/libgcc.a(_muluhisi3.o)
 .text.libgcc.div
                0x00000000        0x0 /usr/lib/gcc/avr/4.8.2/avr5/libgcc.a(_muluhisi3.o)
 .text.libgcc   0x00000000        0x0 /usr/lib/gcc/avr/4.8.2/avr5/libgcc.a(_muluhisi3.o)
 .text.libgcc.prologue
                0x00000000        0x0 /usr/lib/gcc/avr/4.8.2/avr5/libgcc.a(_muluhisi3.o)
 .text.libgcc.builtins
                0x00000000        0x0 /usr/lib/gcc/avr/4.8.2/avr5/libgcc.a(_muluhisi3.o)
 .text.libgcc.fmul
                0x00000000        0x0 /usr/lib/gcc/avr/4.8.2/avr5/libgcc.a(_muluhisi3.o)
 .text.libgcc.fixed
                0x00000000        0x0 /usr/lib/gcc/avr/4.8.2/avr5/libgcc.a(_muluhisi3.o)
 .text          0x00000000        0x0 /usr/lib/gcc/avr/4.8.2/avr5/libgcc.a(_mulsi3.o)
 .bss           0x00000000        0x0 /usr/lib/gcc/avr/4.8.2/avr5/libgcc.a(_mulsi3.o)
 .text.libgcc.mul
                0x00000000       0x20 /usr/lib/gcc/avr/4.8.2/avr5/libgcc.a(_mulsi3.o)
 .text.libgcc.div
                0x00000000        0x0 /usr/lib/gcc/avr/4.8.2/avr5/libgcc.a(_mulsi3.o)
 .text.libgcc   0x00000000        0x0 /usr/lib/gcc/avr/4.8.2/avr5/libgcc.a(_mulsi3.o)
 .text.libgcc.prologue
                0x00000000        0x0 /usr/lib/gcc/avr/4.8.2/avr5/libgcc.a(_mulsi3.o)
 .text.libgcc.builtins
                0x00000000        0x0 /usr/lib/gcc/avr/4.8.2/avr5/libgcc.a(_mulsi3.o)
 .text.libgcc.fmul
                0x00000000        0x0 /usr/lib/gcc/avr/4.8.2/avr5/libgcc.a(_mulsi3.o)
 .text.libgcc.fixed
                0x00000000        0x0 /usr/lib/gcc/avr/4.8.2/avr5/libgcc.a(_mulsi3.o)
 .text          0x00000000        0x0 /usr/lib/gcc/avr/4.8.2/avr5/libgcc.a(_udivmodsi4.o)
 .bss           0x00000000        0x0 /usr/lib/gcc/avr/4.8.2/avr5/libgcc.a(_udivmodsi4.o)
 .text.libgcc.mul
                0x00000000        0x0 /usr/lib/gcc/avr/4.8.2/avr5/libgcc.a(_udivmodsi4.o)
 .text.libgcc.div
                0x00000000       0x44 /usr/lib/gcc/avr/4.8.2/avr5/libgcc.a(_udivmodsi4.o)
 .text.libgcc   0x00000000        0x0 /usr/lib/gcc/avr/4.8.2/avr5/libgcc.a(_udivmodsi4.o)
 .text.libgcc.prologue
                0x00000000        0x0 /usr/lib/gcc/avr/4.8.2/avr5/libgcc.a(_udivmodsi4.o)
 .text.libgcc.builtins
                0x00000000        0x0 /usr/lib/gcc/avr/4.8.2/avr5/libgcc.a(_udivmodsi4.o)
 .text.libgcc.fmul
                0x00000000        0x0 /usr/lib/gcc/avr/4.8.2/avr5/libgcc.a(_udivmodsi4.o)
 .text.libgcc.fixed
                0x00000000        0x0 /usr/lib/gcc/avr/4.8.2/avr5/libgcc.a(_udivmodsi4.o)
 .text          0x00000000        0x0 /usr/lib/gcc/avr/4.8.2/avr5/libgcc.a(_prologue.o)
 .bss           0x00000000        0x0 /usr/lib/gcc/avr/4.8.2/avr5/libgcc.a(_prologue.o)
 .text.libgcc.mul
                0x00000000        0x0 /usr/lib/gcc/avr/4.8.2/avr5/libgcc.a(_prologue.o)
 .text.libgcc.div
                0x00000000        0x0 /usr/lib/gcc/avr/4.8.2/avr5/libgcc.a(_prologue.o)
 .text.libgcc   0x00000000        0x0 /usr/lib/gcc/avr/4.8.2/avr5/libgcc.a(_prologue.o)
 .text.libgcc.prologue
                0x00000000       0x38 /usr/lib/gcc/avr/4.8.2/avr5/libgcc.a(_prologue.o)
 .text.libgcc.builtins
                0x00000000        0x0 /usr/lib/gcc/avr/4.8.2/avr5/libgcc.a(_prologue.o)
 .text.libgcc.fmul
                0x00000000        0x0 /usr/lib/gcc/avr/4.8.2/avr5/libgcc.a(_prologue.o)
 .text.libgcc.fixed
                0x00000000        0x0 /usr/lib/gcc/avr/4.8.2/avr5/libgcc.a(_prologue.o)
 .text          0x00000000        0x0 /usr/lib/gcc/avr/4.8.2/avr5/libgcc.a(_epilogue.o)
 .bss           0x00000000        0x0 /usr/lib/gcc/avr/4.8.2/avr5/libgcc.a(_epilogue.o)
 .text.libgcc.mul
                0x00000000        0x0 /usr/lib/gcc/avr/4.8.2/avr5/libgcc.a(_epilogue.o)
 .text.libgcc.div
                0x00000000        0x0 /usr/lib/gcc/avr/4.8.2/avr5/libgcc.a(_epilogue.o)
 .text.libgcc   0x00000000        0x0 /usr/lib/gcc/avr/4.8.2/avr5/libgcc.a(_epilogue.o)
 .text.libgcc.prologue
                0x00000000       0x36 /usr/lib/gcc/avr/4.8.2/avr5/libgcc.a(_epilogue.o)
 .text.libgcc.builtins
                0x00000000        0x0 /usr/lib/gcc/avr/4.8.2/avr5/libgcc.a(_epilogue.o)
 .text.libgcc.fmul
                0x00000000        0x0 /usr/lib/gcc/avr/4.8.2/avr5/libgcc.a(_epilogue.o)
 .text.libgcc.fixed
                0x00000000        0x0 /usr/lib/gcc/avr/4.8.2/avr5/libgcc.a(_epilogue.o)
 .text          0x00000000        0x0 /usr/lib/gcc/avr/4.8.2/avr5/libgcc.a(_umulhisi3.o)
 .bss           0x00000000        0x0 /usr/lib/gcc/avr/4.8.2/avr5/libgcc.a(_umulhisi3.o)
 .text.libgcc.mul
                0x00000000       0x1e /usr/lib/gcc/avr/4.8.2/avr5/libgcc.a(_umulhisi3.o)
 .text.libgcc.div
                0x00000000        0x0 /usr/lib/gcc/avr/4.8.2/avr5/libgcc.a(_umulhisi3.o)
 .text.libgcc   0x00000000        0x0 /usr/lib/gcc/avr/4.8.2/avr5/libgcc.a(_umulhisi3.o)
 .text.libgcc.prologue
                0x00000000        0x0 /usr/lib/gcc/avr/4.8.2/avr5/libgcc.a(_umulhisi3.o)
 .text.libgcc.builtins
                0x00000000        0x0 /usr/lib/gcc/avr/4.8.2/avr5/libgcc.a(_umulhisi3.o)
 .text.libgcc.fmul
                0x00000000        0x0 /usr/lib/gcc/avr/4.8.2/avr5/libgcc.a(_umulhisi3.o)
 .text.libgcc.fixed
                0x00000000        0x0 /usr/lib/gcc/avr/4.8.2/avr5/libgcc.a(_umulhisi3.o)

Memory Configuration

Name             Origin             Length             Attributes
text             0x00000000         0x00020000         xr
data             0x00800060         0x0000ffa0         rw !x
eeprom           0x00810000         0x00010000         rw !x
fuse             0x00820000         0x00000400         rw !x
lock             0x00830000         0x00000400         rw !x
signature        0x00840000         0x00000400         rw !x
*default*        0x00000000         0xffffffff

Linker script and memory map

LOAD /usr/lib/gcc/avr/4.8.2/../../../../avr/lib/avr5/crtm16.o
LOAD obj/Release/main.o
LOAD obj/Release/mpu6050.o
LOAD obj/Release/mpu6050dmp6.o
LOAD obj/Release/serial.o
LOAD obj/Release/twimaster.o
LOAD /usr/lib/gcc/avr/4.8.2/avr5/libgcc.a
LOAD /usr/lib/gcc/avr/4.8.2/../../../../avr/lib/avr5/libm.a
START GROUP
LOAD /usr/lib/gcc/avr/4.8.2/avr5/libgcc.a
LOAD /usr/lib/gcc/avr/4.8.2/../../../../avr/lib/avr5/libm.a
LOAD /usr/lib/gcc/avr/4.8.2/../../../../avr/lib/avr5/libc.a
END GROUP

.hash
 *(.hash)

.dynsym
 *(.dynsym)

.dynstr
 *(.dynstr)

.gnu.version
 *(.gnu.version)

.gnu.version_d
 *(.gnu.version_d)

.gnu.version_r
 *(.gnu.version_r)

.rel.init
 *(.rel.init)

.rela.init
 *(.rela.init)

.rel.text
 *(.rel.text)
 *(.rel.text.*)
 *(.rel.gnu.linkonce.t*)

.rela.text
 *(.rela.text)
 *(.rela.text.*)
 *(.rela.gnu.linkonce.t*)

.rel.fini
 *(.rel.fini)

.rela.fini
 *(.rela.fini)

.rel.rodata
 *(.rel.rodata)
 *(.rel.rodata.*)
 *(.rel.gnu.linkonce.r*)

.rela.rodata
 *(.rela.rodata)
 *(.rela.rodata.*)
 *(.rela.gnu.linkonce.r*)

.rel.data
 *(.rel.data)
 *(.rel.data.*)
 *(.rel.gnu.linkonce.d*)

.rela.data
 *(.rela.data)
 *(.rela.data.*)
 *(.rela.gnu.linkonce.d*)

.rel.ctors
 *(.rel.ctors)

.rela.ctors
 *(.rela.ctors)

.rel.dtors
 *(.rel.dtors)

.rela.dtors
 *(.rela.dtors)

.rel.got
 *(.rel.got)

.rela.got
 *(.rela.got)

.rel.bss
 *(.rel.bss)

.rela.bss
 *(.rela.bss)

.rel.plt
 *(.rel.plt)

.rela.plt
 *(.rela.plt)

.text           0x00000000     0x21aa
 *(.vectors)
 .vectors       0x00000000       0x54 /usr/lib/gcc/avr/4.8.2/../../../../avr/lib/avr5/crtm16.o
                0x00000000                __vectors
                0x00000000                __vector_default
 *(.vectors)
 *(.progmem.gcc*)
 .progmem.gcc_fplib
                0x00000054       0x14 /usr/lib/gcc/avr/4.8.2/../../../../avr/lib/avr5/libm.a(asin.o)
 .progmem.gcc_fplib
                0x00000068       0x2d /usr/lib/gcc/avr/4.8.2/../../../../avr/lib/avr5/libm.a(atan.o)
 .progmem.gcc_fplib
                0x00000095       0x28 /usr/lib/gcc/avr/4.8.2/../../../../avr/lib/avr5/libm.a(fp_arccos.o)
 *(.progmem*)
 .progmem.data  0x000000bd       0xfa /usr/lib/gcc/avr/4.8.2/../../../../avr/lib/avr5/libc.a(ftoa_engine.o)
                0x000001b8                . = ALIGN (0x2)
 *fill*         0x000001b7        0x1 
                0x000001b8                __trampolines_start = .
 *(.trampolines)
 .trampolines   0x000001b8        0x0 linker stubs
 *(.trampolines*)
                0x000001b8                __trampolines_end = .
 *(.jumptables)
 *(.jumptables*)
 *(.lowtext)
 *(.lowtext*)
                0x000001b8                __ctors_start = .
 *(.ctors)
                0x000001b8                __ctors_end = .
                0x000001b8                __dtors_start = .
 *(.dtors)
                0x000001b8                __dtors_end = .
 SORT(*)(.ctors)
 SORT(*)(.dtors)
 *(.init0)
 .init0         0x000001b8        0x0 /usr/lib/gcc/avr/4.8.2/../../../../avr/lib/avr5/crtm16.o
                0x000001b8                __init
 *(.init0)
 *(.init1)
 *(.init1)
 *(.init2)
 .init2         0x000001b8        0xc /usr/lib/gcc/avr/4.8.2/../../../../avr/lib/avr5/crtm16.o
 *(.init2)
 *(.init3)
 *(.init3)
 *(.init4)
 .init4         0x000001c4       0x16 /usr/lib/gcc/avr/4.8.2/avr5/libgcc.a(_copy_data.o)
                0x000001c4                __do_copy_data
 .init4         0x000001da       0x10 /usr/lib/gcc/avr/4.8.2/avr5/libgcc.a(_clear_bss.o)
                0x000001da                __do_clear_bss
 *(.init4)
 *(.init5)
 *(.init5)
 *(.init6)
 *(.init6)
 *(.init7)
 *(.init7)
 *(.init8)
 *(.init8)
 *(.init9)
 .init9         0x000001ea        0x8 /usr/lib/gcc/avr/4.8.2/../../../../avr/lib/avr5/crtm16.o
 *(.init9)
 *(.text)
 .text          0x000001f2        0x4 /usr/lib/gcc/avr/4.8.2/../../../../avr/lib/avr5/crtm16.o
                0x000001f2                __vector_1
                0x000001f2                __vector_12
                0x000001f2                __bad_interrupt
                0x000001f2                __vector_6
                0x000001f2                __vector_3
                0x000001f2                __vector_13
                0x000001f2                __vector_17
                0x000001f2                __vector_19
                0x000001f2                __vector_7
                0x000001f2                __vector_5
                0x000001f2                __vector_4
                0x000001f2                __vector_2
                0x000001f2                __vector_15
                0x000001f2                __vector_8
                0x000001f2                __vector_14
                0x000001f2                __vector_10
                0x000001f2                __vector_16
                0x000001f2                __vector_18
                0x000001f2                __vector_20
                0x000001f6                . = ALIGN (0x2)
 *(.text.*)
 .text.startup.main
                0x000001f6       0xbc obj/Release/main.o
                0x000001f6                main
 .text.mpu6050_readBytes.part.0
                0x000002b2       0x92 obj/Release/mpu6050.o
 .text.mpu6050_readBytes
                0x00000344        0xa obj/Release/mpu6050.o
                0x00000344                mpu6050_readBytes
 .text.mpu6050_readByte
                0x0000034e        0x8 obj/Release/mpu6050.o
                0x0000034e                mpu6050_readByte
 .text.mpu6050_writeBytes
                0x00000356       0x6e obj/Release/mpu6050.o
                0x00000356                mpu6050_writeBytes
 .text.mpu6050_writeByte
                0x000003c4       0x20 obj/Release/mpu6050.o
                0x000003c4                mpu6050_writeByte
 .text.mpu6050_writeBits.part.1
                0x000003e4       0x7e obj/Release/mpu6050.o
 .text.mpu6050_readBits
                0x00000462       0x78 obj/Release/mpu6050.o
                0x00000462                mpu6050_readBits
 .text.mpu6050_readBit
                0x000004da       0x40 obj/Release/mpu6050.o
                0x000004da                mpu6050_readBit
 .text.mpu6050_writeBit
                0x0000051a       0x56 obj/Release/mpu6050.o
                0x0000051a                mpu6050_writeBit
 .text.mpu6050_setSleepDisabled
                0x00000570        0xa obj/Release/mpu6050.o
                0x00000570                mpu6050_setSleepDisabled
 .text.mpu6050_testConnection
                0x0000057a       0x1c obj/Release/mpu6050.o
                0x0000057a                mpu6050_testConnection
 .text.mpu6050_init
                0x00000596       0x56 obj/Release/mpu6050.o
                0x00000596                mpu6050_init
 .text.mpu6050_mahonyUpdate
                0x000005ec      0x95c obj/Release/mpu6050.o
                0x000005ec                mpu6050_mahonyUpdate
 .text.mpu6050_updateQuaternion
                0x00000f48      0x1e4 obj/Release/mpu6050.o
                0x00000f48                mpu6050_updateQuaternion
 .text.__vector_9
                0x0000112c       0x48 obj/Release/mpu6050.o
                0x0000112c                __vector_9
 .text.mpu6050_getRollPitchYaw
                0x00001174      0x374 obj/Release/mpu6050.o
                0x00001174                mpu6050_getRollPitchYaw
 .text.shift    0x000014e8       0x3e obj/Release/serial.o
                0x000014e8                shift
 .text.push     0x00001526       0x2c obj/Release/serial.o
                0x00001526                push
 .text.__vector_11
                0x00001552       0x4e obj/Release/serial.o
                0x00001552                __vector_11
 .text.serialInit
                0x000015a0       0x1a obj/Release/serial.o
                0x000015a0                serialInit
 .text.serialWrite
                0x000015ba       0x1a obj/Release/serial.o
                0x000015ba                serialWrite
 .text.serialPrintDouble
                0x000015d4       0x42 obj/Release/serial.o
                0x000015d4                serialPrintDouble
 .text.i2c_init
                0x00001616        0x8 obj/Release/twimaster.o
                0x00001616                i2c_init
 .text.i2c_start
                0x0000161e       0x36 obj/Release/twimaster.o
                0x0000161e                i2c_start
 .text.i2c_stop
                0x00001654        0xc obj/Release/twimaster.o
                0x00001654                i2c_stop
 .text.i2c_write
                0x00001660       0x1a obj/Release/twimaster.o
                0x00001660                i2c_write
 .text.i2c_readAck
                0x0000167a        0xe obj/Release/twimaster.o
                0x0000167a                i2c_readAck
 .text.i2c_readNak
                0x00001688        0xe obj/Release/twimaster.o
                0x00001688                i2c_readNak
 .text.avr-libc.fplib
                0x00001696        0xa /usr/lib/gcc/avr/4.8.2/../../../../avr/lib/avr5/libm.a(addsf3.o)
                0x00001696                __subsf3
                0x00001698                __addsf3
 .text.avr-libc.fplib
                0x000016a0       0xc0 /usr/lib/gcc/avr/4.8.2/../../../../avr/lib/avr5/libm.a(addsf3x.o)
                0x000016ba                __addsf3x
 .text.avr-libc.fplib
                0x00001760       0x2e /usr/lib/gcc/avr/4.8.2/../../../../avr/lib/avr5/libm.a(asin.o)
                0x00001760                asin
 .text.avr-libc.fplib
                0x0000178e       0x74 /usr/lib/gcc/avr/4.8.2/../../../../avr/lib/avr5/libm.a(atan2.o)
                0x000017ac                atan2
 .text.avr-libc.fplib
                0x00001802       0x50 /usr/lib/gcc/avr/4.8.2/../../../../avr/lib/avr5/libm.a(atan.o)
                0x00001802                atan
 .text.avr-libc.fplib
                0x00001852        0x8 /usr/lib/gcc/avr/4.8.2/../../../../avr/lib/avr5/libm.a(cmpsf2.o)
                0x00001852                __lesf2
                0x00001852                __nesf2
                0x00001852                __eqsf2
                0x00001852                __cmpsf2
                0x00001852                __ltsf2
 .text.avr-libc.fplib
                0x0000185a        0x4 /usr/lib/gcc/avr/4.8.2/../../../../avr/lib/avr5/libm.a(divsf3.o)
                0x0000185a                __divsf3
 .text.avr-libc.fplib
                0x0000185e       0xcc /usr/lib/gcc/avr/4.8.2/../../../../avr/lib/avr5/libm.a(divsf3x.o)
                0x00001874                __divsf3x
                0x00001878                __divsf3_pse
 .text.avr-libc.fplib
                0x0000192a       0x7a /usr/lib/gcc/avr/4.8.2/../../../../avr/lib/avr5/libm.a(floatsisf.o)
                0x0000192a                __floatunsisf
                0x0000192e                __floatsisf
 .text.avr-libc.fplib
                0x000019a4       0x36 /usr/lib/gcc/avr/4.8.2/../../../../avr/lib/avr5/libm.a(fp_arccos.o)
                0x000019a4                __fp_arccos
 .text.avr-libc.fplib
                0x000019da       0x48 /usr/lib/gcc/avr/4.8.2/../../../../avr/lib/avr5/libm.a(fp_cmp.o)
                0x000019da                __fp_cmp
 .text.avr-libc.fplib
                0x00001a22        0xc /usr/lib/gcc/avr/4.8.2/../../../../avr/lib/avr5/libm.a(fp_inf.o)
                0x00001a22                __fp_inf
 .text.avr-libc.fplib
                0x00001a2e        0x6 /usr/lib/gcc/avr/4.8.2/../../../../avr/lib/avr5/libm.a(fp_nan.o)
                0x00001a2e                __fp_nan
 .text.avr-libc.fplib
                0x00001a34       0x4a /usr/lib/gcc/avr/4.8.2/../../../../avr/lib/avr5/libm.a(fp_powser.o)
                0x00001a34                __fp_powser
 .text.avr-libc.fplib
                0x00001a7e       0x22 /usr/lib/gcc/avr/4.8.2/../../../../avr/lib/avr5/libm.a(fp_powsodd.o)
                0x00001a7e                __fp_powsodd
 .text.avr-libc.fplib
                0x00001aa0        0xe /usr/lib/gcc/avr/4.8.2/../../../../avr/lib/avr5/libm.a(fp_pscA.o)
                0x00001aa0                __fp_pscA
 .text.avr-libc.fplib
                0x00001aae        0xe /usr/lib/gcc/avr/4.8.2/../../../../avr/lib/avr5/libm.a(fp_pscB.o)
                0x00001aae                __fp_pscB
 .text.avr-libc.fplib
                0x00001abc       0x22 /usr/lib/gcc/avr/4.8.2/../../../../avr/lib/avr5/libm.a(fp_round.o)
                0x00001abc                __fp_round
 .text.avr-libc.fplib
                0x00001ade       0x44 /usr/lib/gcc/avr/4.8.2/../../../../avr/lib/avr5/libm.a(fp_split3.o)
                0x00001ade                __fp_split3
                0x00001aee                __fp_splitA
 .text.avr-libc.fplib
                0x00001b22        0xe /usr/lib/gcc/avr/4.8.2/../../../../avr/lib/avr5/libm.a(fp_zero.o)
                0x00001b22                __fp_zero
                0x00001b24                __fp_szero
 .text.avr-libc.fplib
                0x00001b30        0xe /usr/lib/gcc/avr/4.8.2/../../../../avr/lib/avr5/libm.a(inverse.o)
                0x00001b30                inverse
 .text.avr-libc.fplib
                0x00001b3e        0x4 /usr/lib/gcc/avr/4.8.2/../../../../avr/lib/avr5/libm.a(mulsf3.o)
                0x00001b3e                __mulsf3
 .text.avr-libc.fplib
                0x00001b42       0xc2 /usr/lib/gcc/avr/4.8.2/../../../../avr/lib/avr5/libm.a(mulsf3x.o)
                0x00001b56                __mulsf3x
                0x00001b5a                __mulsf3_pse
 .text.avr-libc.fplib
                0x00001c04       0x84 /usr/lib/gcc/avr/4.8.2/../../../../avr/lib/avr5/libm.a(sqrt.o)
                0x00001c0c                sqrt
 .text.avr-libc.fplib
                0x00001c88        0x6 /usr/lib/gcc/avr/4.8.2/../../../../avr/lib/avr5/libm.a(square.o)
                0x00001c88                square
 .text.avr-libc.fplib
                0x00001c8e       0x1c /usr/lib/gcc/avr/4.8.2/../../../../avr/lib/avr5/libm.a(fp_mpack.o)
                0x00001c8e                __fp_mpack
                0x00001c92                __fp_mpack_finite
 .text.avr-libc.fplib
                0x00001caa        0xe /usr/lib/gcc/avr/4.8.2/../../../../avr/lib/avr5/libm.a(fp_norm2.o)
                0x00001caa                __fp_norm2
 .text.avr-libc
                0x00001cb8       0x42 /usr/lib/gcc/avr/4.8.2/../../../../avr/lib/avr5/libc.a(dtostrf.o)
                0x00001cb8                dtostrf
 .text.avr-libc
                0x00001cfa      0x2fc /usr/lib/gcc/avr/4.8.2/../../../../avr/lib/avr5/libc.a(dtoa_prf.o)
                0x00001cfa                dtoa_prf
 .text.avr-libc
                0x00001ff6      0x1b0 /usr/lib/gcc/avr/4.8.2/../../../../avr/lib/avr5/libc.a(ftoa_engine.o)
                0x00001ff6                __ftoa_engine
                0x000021a6                . = ALIGN (0x2)
 *(.fini9)
 .fini9         0x000021a6        0x0 /usr/lib/gcc/avr/4.8.2/avr5/libgcc.a(_exit.o)
                0x000021a6                exit
                0x000021a6                _exit
 *(.fini9)
 *(.fini8)
 *(.fini8)
 *(.fini7)
 *(.fini7)
 *(.fini6)
 *(.fini6)
 *(.fini5)
 *(.fini5)
 *(.fini4)
 *(.fini4)
 *(.fini3)
 *(.fini3)
 *(.fini2)
 *(.fini2)
 *(.fini1)
 *(.fini1)
 *(.fini0)
 .fini0         0x000021a6        0x4 /usr/lib/gcc/avr/4.8.2/avr5/libgcc.a(_exit.o)
 *(.fini0)
                0x000021aa                _etext = .

.data           0x00800060       0x3c load address 0x000021aa
                0x00800060                PROVIDE (__data_start, .)
 *(.data)
 .data          0x00800060        0x0 /usr/lib/gcc/avr/4.8.2/../../../../avr/lib/avr5/crtm16.o
 .data          0x00800060        0x0 obj/Release/main.o
 .data          0x00800060        0x0 obj/Release/mpu6050.o
 .data          0x00800060        0x0 obj/Release/mpu6050dmp6.o
 .data          0x00800060        0x0 obj/Release/serial.o
 .data          0x00800060        0x0 obj/Release/twimaster.o
 .data          0x00800060        0x0 /usr/lib/gcc/avr/4.8.2/avr5/libgcc.a(_exit.o)
 .data          0x00800060        0x0 /usr/lib/gcc/avr/4.8.2/avr5/libgcc.a(_copy_data.o)
 .data          0x00800060        0x0 /usr/lib/gcc/avr/4.8.2/avr5/libgcc.a(_clear_bss.o)
 .data          0x00800060        0x0 /usr/lib/gcc/avr/4.8.2/../../../../avr/lib/avr5/libm.a(addsf3.o)
 .data          0x00800060        0x0 /usr/lib/gcc/avr/4.8.2/../../../../avr/lib/avr5/libm.a(addsf3x.o)
 .data          0x00800060        0x0 /usr/lib/gcc/avr/4.8.2/../../../../avr/lib/avr5/libm.a(asin.o)
 .data          0x00800060        0x0 /usr/lib/gcc/avr/4.8.2/../../../../avr/lib/avr5/libm.a(atan2.o)
 .data          0x00800060        0x0 /usr/lib/gcc/avr/4.8.2/../../../../avr/lib/avr5/libm.a(atan.o)
 .data          0x00800060        0x0 /usr/lib/gcc/avr/4.8.2/../../../../avr/lib/avr5/libm.a(cmpsf2.o)
 .data          0x00800060        0x0 /usr/lib/gcc/avr/4.8.2/../../../../avr/lib/avr5/libm.a(divsf3.o)
 .data          0x00800060        0x0 /usr/lib/gcc/avr/4.8.2/../../../../avr/lib/avr5/libm.a(divsf3x.o)
 .data          0x00800060        0x0 /usr/lib/gcc/avr/4.8.2/../../../../avr/lib/avr5/libm.a(floatsisf.o)
 .data          0x00800060        0x0 /usr/lib/gcc/avr/4.8.2/../../../../avr/lib/avr5/libm.a(fp_arccos.o)
 .data          0x00800060        0x0 /usr/lib/gcc/avr/4.8.2/../../../../avr/lib/avr5/libm.a(fp_cmp.o)
 .data          0x00800060        0x0 /usr/lib/gcc/avr/4.8.2/../../../../avr/lib/avr5/libm.a(fp_inf.o)
 .data          0x00800060        0x0 /usr/lib/gcc/avr/4.8.2/../../../../avr/lib/avr5/libm.a(fp_nan.o)
 .data          0x00800060        0x0 /usr/lib/gcc/avr/4.8.2/../../../../avr/lib/avr5/libm.a(fp_powser.o)
 .data          0x00800060        0x0 /usr/lib/gcc/avr/4.8.2/../../../../avr/lib/avr5/libm.a(fp_powsodd.o)
 .data          0x00800060        0x0 /usr/lib/gcc/avr/4.8.2/../../../../avr/lib/avr5/libm.a(fp_pscA.o)
 .data          0x00800060        0x0 /usr/lib/gcc/avr/4.8.2/../../../../avr/lib/avr5/libm.a(fp_pscB.o)
 .data          0x00800060        0x0 /usr/lib/gcc/avr/4.8.2/../../../../avr/lib/avr5/libm.a(fp_round.o)
 .data          0x00800060        0x0 /usr/lib/gcc/avr/4.8.2/../../../../avr/lib/avr5/libm.a(fp_split3.o)
 .data          0x00800060        0x0 /usr/lib/gcc/avr/4.8.2/../../../../avr/lib/avr5/libm.a(fp_zero.o)
 .data          0x00800060        0x0 /usr/lib/gcc/avr/4.8.2/../../../../avr/lib/avr5/libm.a(inverse.o)
 .data          0x00800060        0x0 /usr/lib/gcc/avr/4.8.2/../../../../avr/lib/avr5/libm.a(mulsf3.o)
 .data          0x00800060        0x0 /usr/lib/gcc/avr/4.8.2/../../../../avr/lib/avr5/libm.a(mulsf3x.o)
 .data          0x00800060        0x0 /usr/lib/gcc/avr/4.8.2/../../../../avr/lib/avr5/libm.a(sqrt.o)
 .data          0x00800060        0x0 /usr/lib/gcc/avr/4.8.2/../../../../avr/lib/avr5/libm.a(square.o)
 .data          0x00800060        0x0 /usr/lib/gcc/avr/4.8.2/../../../../avr/lib/avr5/libm.a(fp_mpack.o)
 .data          0x00800060        0x0 /usr/lib/gcc/avr/4.8.2/../../../../avr/lib/avr5/libm.a(fp_norm2.o)
 .data          0x00800060        0x0 /usr/lib/gcc/avr/4.8.2/../../../../avr/lib/avr5/libc.a(dtostrf.o)
 .data          0x00800060        0x0 /usr/lib/gcc/avr/4.8.2/../../../../avr/lib/avr5/libc.a(strtod.o)
 .data          0x00800060        0x0 /usr/lib/gcc/avr/4.8.2/../../../../avr/lib/avr5/libc.a(strtol.o)
 .data          0x00800060        0x0 /usr/lib/gcc/avr/4.8.2/../../../../avr/lib/avr5/libc.a(isspace.o)
 .data          0x00800060        0x0 /usr/lib/gcc/avr/4.8.2/../../../../avr/lib/avr5/libc.a(strncasecmp_P.o)
 .data          0x00800060        0x0 /usr/lib/gcc/avr/4.8.2/../../../../avr/lib/avr5/libc.a(memcpy.o)
 .data          0x00800060        0x0 /usr/lib/gcc/avr/4.8.2/../../../../avr/lib/avr5/libc.a(sprintf.o)
 .data          0x00800060        0x0 /usr/lib/gcc/avr/4.8.2/../../../../avr/lib/avr5/libc.a(vfprintf_std.o)
 .data          0x00800060        0x0 /usr/lib/gcc/avr/4.8.2/../../../../avr/lib/avr5/libc.a(errno.o)
 .data          0x00800060        0x0 /usr/lib/gcc/avr/4.8.2/../../../../avr/lib/avr5/libc.a(dtoa_prf.o)
 .data          0x00800060        0x0 /usr/lib/gcc/avr/4.8.2/../../../../avr/lib/avr5/libc.a(ftoa_engine.o)
 .data          0x00800060        0x0 /usr/lib/gcc/avr/4.8.2/../../../../avr/lib/avr5/libc.a(cty_isfalse.o)
 .data          0x00800060        0x0 /usr/lib/gcc/avr/4.8.2/../../../../avr/lib/avr5/libc.a(strnlen_P.o)
 .data          0x00800060        0x0 /usr/lib/gcc/avr/4.8.2/../../../../avr/lib/avr5/libc.a(strnlen.o)
 .data          0x00800060        0x0 /usr/lib/gcc/avr/4.8.2/../../../../avr/lib/avr5/libc.a(fputc.o)
 .data          0x00800060        0x0 /usr/lib/gcc/avr/4.8.2/../../../../avr/lib/avr5/libc.a(ultoa_invert.o)
 .data          0x00800060        0x0 /usr/lib/gcc/avr/4.8.2/avr5/libgcc.a(_muluhisi3.o)
 .data          0x00800060        0x0 /usr/lib/gcc/avr/4.8.2/avr5/libgcc.a(_mulsi3.o)
 .data          0x00800060        0x0 /usr/lib/gcc/avr/4.8.2/avr5/libgcc.a(_udivmodsi4.o)
 .data          0x00800060        0x0 /usr/lib/gcc/avr/4.8.2/avr5/libgcc.a(_prologue.o)
 .data          0x00800060        0x0 /usr/lib/gcc/avr/4.8.2/avr5/libgcc.a(_epilogue.o)
 .data          0x00800060        0x0 /usr/lib/gcc/avr/4.8.2/avr5/libgcc.a(_umulhisi3.o)
 *(.data*)
 .data.q0       0x00800060        0x4 obj/Release/mpu6050.o
                0x00800060                q0
 *(.rodata)
 *(.rodata*)
 .rodata.str1.1
                0x00800064       0x38 obj/Release/main.o
 *(.gnu.linkonce.d*)
                0x0080009c                . = ALIGN (0x2)
                0x0080009c                _edata = .
                0x0080009c                PROVIDE (__data_end, .)

.bss            0x0080009c       0xa9
                0x0080009c                PROVIDE (__bss_start, .)
 *(.bss)
 *(.bss*)
 .bss.integralFBz
                0x0080009c        0x4 obj/Release/mpu6050.o
                0x0080009c                integralFBz
 .bss.integralFBy
                0x008000a0        0x4 obj/Release/mpu6050.o
                0x008000a0                integralFBy
 .bss.integralFBx
                0x008000a4        0x4 obj/Release/mpu6050.o
                0x008000a4                integralFBx
 .bss.q3        0x008000a8        0x4 obj/Release/mpu6050.o
                0x008000a8                q3
 .bss.q2        0x008000ac        0x4 obj/Release/mpu6050.o
                0x008000ac                q2
 .bss.q1        0x008000b0        0x4 obj/Release/mpu6050.o
                0x008000b0                q1
 *(COMMON)
 COMMON         0x008000b4       0x83 obj/Release/main.o
                0x008000b4                _buffer
                0x00800134                _serial_initialized
                0x00800135                _buffer_length
                0x00800136                lastChar
 COMMON         0x00800137        0xe obj/Release/mpu6050.o
                0x00800137                buffer
                0x00800145                PROVIDE (__bss_end, .)
                0x000021aa                __data_load_start = LOADADDR (.data)
                0x000021e6                __data_load_end = (__data_load_start + SIZEOF (.data))

.noinit         0x00800145        0x0
                0x00800145                PROVIDE (__noinit_start, .)
 *(.noinit*)
                0x00800145                PROVIDE (__noinit_end, .)
                0x00800145                _end = .
                0x00800145                PROVIDE (__heap_start, .)

.eeprom         0x00810000        0x0
 *(.eeprom*)
                0x00810000                __eeprom_end = .

.fuse
 *(.fuse)
 *(.lfuse)
 *(.hfuse)
 *(.efuse)

.lock
 *(.lock*)

.signature
 *(.signature*)

.stab
 *(.stab)

.stabstr
 *(.stabstr)

.stab.excl
 *(.stab.excl)

.stab.exclstr
 *(.stab.exclstr)

.stab.index
 *(.stab.index)

.stab.indexstr
 *(.stab.indexstr)

.comment        0x00000000       0x22
 *(.comment)
 .comment       0x00000000       0x11 obj/Release/main.o
                                 0x12 (size before relaxing)
 .comment       0x00000000       0x12 obj/Release/mpu6050.o
 .comment       0x00000000       0x12 obj/Release/mpu6050dmp6.o
 .comment       0x00000000       0x12 obj/Release/serial.o
 .comment       0x00000000       0x12 obj/Release/twimaster.o
 .comment       0x00000011       0x11 /usr/lib/gcc/avr/4.8.2/../../../../avr/lib/avr5/libc.a(dtostrf.o)
                                 0x12 (size before relaxing)
 .comment       0x00000000       0x12 /usr/lib/gcc/avr/4.8.2/../../../../avr/lib/avr5/libc.a(strtod.o)
 .comment       0x00000000       0x12 /usr/lib/gcc/avr/4.8.2/../../../../avr/lib/avr5/libc.a(strtol.o)
 .comment       0x00000000       0x12 /usr/lib/gcc/avr/4.8.2/../../../../avr/lib/avr5/libc.a(sprintf.o)
 .comment       0x00000000       0x12 /usr/lib/gcc/avr/4.8.2/../../../../avr/lib/avr5/libc.a(vfprintf_std.o)
 .comment       0x00000000       0x12 /usr/lib/gcc/avr/4.8.2/../../../../avr/lib/avr5/libc.a(errno.o)
 .comment       0x00000000       0x12 /usr/lib/gcc/avr/4.8.2/../../../../avr/lib/avr5/libc.a(dtoa_prf.o)
 .comment       0x00000000       0x12 /usr/lib/gcc/avr/4.8.2/../../../../avr/lib/avr5/libc.a(fputc.o)

.debug
 *(.debug)

.line
 *(.line)

.debug_srcinfo
 *(.debug_srcinfo)

.debug_sfnames
 *(.debug_sfnames)

.debug_aranges
 *(.debug_aranges)

.debug_pubnames
 *(.debug_pubnames)

.debug_info
 *(.debug_info)
 *(.gnu.linkonce.wi.*)

.debug_abbrev
 *(.debug_abbrev)

.debug_line
 *(.debug_line)

.debug_frame
 *(.debug_frame)

.debug_str
 *(.debug_str)

.debug_loc
 *(.debug_loc)

.debug_macinfo
 *(.debug_macinfo)

.debug_pubtypes
 *(.debug_pubtypes)

.debug_ranges
 *(.debug_ranges)

.debug_macro
 *(.debug_macro)
OUTPUT(bin/Release/mpu6050_mega16.elf elf32-avr)
LOAD linker stubs

Cross Reference Table

Symbol                                            File
__addsf3                                          /usr/lib/gcc/avr/4.8.2/../../../../avr/lib/avr5/libm.a(addsf3.o)
                                                  /usr/lib/gcc/avr/4.8.2/../../../../avr/lib/avr5/libm.a(atan2.o)
                                                  obj/Release/mpu6050.o
__addsf3x                                         /usr/lib/gcc/avr/4.8.2/../../../../avr/lib/avr5/libm.a(addsf3x.o)
                                                  /usr/lib/gcc/avr/4.8.2/../../../../avr/lib/avr5/libm.a(fp_powser.o)
                                                  /usr/lib/gcc/avr/4.8.2/../../../../avr/lib/avr5/libm.a(atan.o)
                                                  /usr/lib/gcc/avr/4.8.2/../../../../avr/lib/avr5/libm.a(asin.o)
                                                  /usr/lib/gcc/avr/4.8.2/../../../../avr/lib/avr5/libm.a(addsf3.o)
__bad_interrupt                                   /usr/lib/gcc/avr/4.8.2/../../../../avr/lib/avr5/crtm16.o
__bss_end                                         /usr/lib/gcc/avr/4.8.2/avr5/libgcc.a(_clear_bss.o)
__bss_start                                       /usr/lib/gcc/avr/4.8.2/avr5/libgcc.a(_clear_bss.o)
__cmpsf2                                          /usr/lib/gcc/avr/4.8.2/../../../../avr/lib/avr5/libm.a(cmpsf2.o)
__ctype_isfalse                                   /usr/lib/gcc/avr/4.8.2/../../../../avr/lib/avr5/libc.a(cty_isfalse.o)
                                                  /usr/lib/gcc/avr/4.8.2/../../../../avr/lib/avr5/libc.a(isspace.o)
__ctype_istrue                                    /usr/lib/gcc/avr/4.8.2/../../../../avr/lib/avr5/libc.a(cty_isfalse.o)
__data_end                                        /usr/lib/gcc/avr/4.8.2/avr5/libgcc.a(_copy_data.o)
__data_load_start                                 /usr/lib/gcc/avr/4.8.2/avr5/libgcc.a(_copy_data.o)
__data_start                                      /usr/lib/gcc/avr/4.8.2/avr5/libgcc.a(_copy_data.o)
__divsf3                                          /usr/lib/gcc/avr/4.8.2/../../../../avr/lib/avr5/libm.a(divsf3.o)
                                                  /usr/lib/gcc/avr/4.8.2/../../../../avr/lib/avr5/libm.a(inverse.o)
                                                  obj/Release/mpu6050.o
__divsf3_pse                                      /usr/lib/gcc/avr/4.8.2/../../../../avr/lib/avr5/libm.a(divsf3x.o)
                                                  /usr/lib/gcc/avr/4.8.2/../../../../avr/lib/avr5/libm.a(atan2.o)
__divsf3x                                         /usr/lib/gcc/avr/4.8.2/../../../../avr/lib/avr5/libm.a(divsf3x.o)
                                                  /usr/lib/gcc/avr/4.8.2/../../../../avr/lib/avr5/libm.a(divsf3.o)
__do_clear_bss                                    /usr/lib/gcc/avr/4.8.2/avr5/libgcc.a(_clear_bss.o)
                                                  /usr/lib/gcc/avr/4.8.2/../../../../avr/lib/avr5/libc.a(errno.o)
                                                  obj/Release/serial.o
                                                  obj/Release/mpu6050.o
                                                  obj/Release/main.o
__do_copy_data                                    /usr/lib/gcc/avr/4.8.2/avr5/libgcc.a(_copy_data.o)
                                                  obj/Release/serial.o
                                                  obj/Release/mpu6050.o
                                                  obj/Release/main.o
__epilogue_restores__                             /usr/lib/gcc/avr/4.8.2/avr5/libgcc.a(_epilogue.o)
                                                  /usr/lib/gcc/avr/4.8.2/../../../../avr/lib/avr5/libc.a(vfprintf_std.o)
                                                  /usr/lib/gcc/avr/4.8.2/../../../../avr/lib/avr5/libc.a(sprintf.o)
                                                  /usr/lib/gcc/avr/4.8.2/../../../../avr/lib/avr5/libc.a(strtod.o)
__eqsf2                                           /usr/lib/gcc/avr/4.8.2/../../../../avr/lib/avr5/libm.a(cmpsf2.o)
                                                  /usr/lib/gcc/avr/4.8.2/../../../../avr/lib/avr5/libc.a(strtod.o)
__floatsisf                                       /usr/lib/gcc/avr/4.8.2/../../../../avr/lib/avr5/libm.a(floatsisf.o)
                                                  obj/Release/mpu6050.o
__floatunsisf                                     /usr/lib/gcc/avr/4.8.2/../../../../avr/lib/avr5/libm.a(floatsisf.o)
                                                  /usr/lib/gcc/avr/4.8.2/../../../../avr/lib/avr5/libc.a(strtod.o)
__fp_arccos                                       /usr/lib/gcc/avr/4.8.2/../../../../avr/lib/avr5/libm.a(fp_arccos.o)
                                                  /usr/lib/gcc/avr/4.8.2/../../../../avr/lib/avr5/libm.a(asin.o)
__fp_cmp                                          /usr/lib/gcc/avr/4.8.2/../../../../avr/lib/avr5/libm.a(fp_cmp.o)
                                                  /usr/lib/gcc/avr/4.8.2/../../../../avr/lib/avr5/libm.a(cmpsf2.o)
__fp_inf                                          /usr/lib/gcc/avr/4.8.2/../../../../avr/lib/avr5/libm.a(fp_inf.o)
                                                  /usr/lib/gcc/avr/4.8.2/../../../../avr/lib/avr5/libm.a(mulsf3x.o)
                                                  /usr/lib/gcc/avr/4.8.2/../../../../avr/lib/avr5/libm.a(divsf3x.o)
                                                  /usr/lib/gcc/avr/4.8.2/../../../../avr/lib/avr5/libm.a(addsf3x.o)
__fp_mpack                                        /usr/lib/gcc/avr/4.8.2/../../../../avr/lib/avr5/libm.a(fp_mpack.o)
                                                  /usr/lib/gcc/avr/4.8.2/../../../../avr/lib/avr5/libm.a(sqrt.o)
__fp_mpack_finite                                 /usr/lib/gcc/avr/4.8.2/../../../../avr/lib/avr5/libm.a(fp_mpack.o)
__fp_nan                                          /usr/lib/gcc/avr/4.8.2/../../../../avr/lib/avr5/libm.a(fp_nan.o)
                                                  /usr/lib/gcc/avr/4.8.2/../../../../avr/lib/avr5/libm.a(sqrt.o)
                                                  /usr/lib/gcc/avr/4.8.2/../../../../avr/lib/avr5/libm.a(mulsf3x.o)
                                                  /usr/lib/gcc/avr/4.8.2/../../../../avr/lib/avr5/libm.a(divsf3x.o)
                                                  /usr/lib/gcc/avr/4.8.2/../../../../avr/lib/avr5/libm.a(atan2.o)
                                                  /usr/lib/gcc/avr/4.8.2/../../../../avr/lib/avr5/libm.a(addsf3x.o)
__fp_norm2                                        /usr/lib/gcc/avr/4.8.2/../../../../avr/lib/avr5/libm.a(fp_norm2.o)
                                                  /usr/lib/gcc/avr/4.8.2/../../../../avr/lib/avr5/libm.a(sqrt.o)
__fp_powser                                       /usr/lib/gcc/avr/4.8.2/../../../../avr/lib/avr5/libm.a(fp_powser.o)
                                                  /usr/lib/gcc/avr/4.8.2/../../../../avr/lib/avr5/libm.a(fp_powsodd.o)
                                                  /usr/lib/gcc/avr/4.8.2/../../../../avr/lib/avr5/libm.a(fp_arccos.o)
                                                  /usr/lib/gcc/avr/4.8.2/../../../../avr/lib/avr5/libm.a(atan.o)
__fp_powsodd                                      /usr/lib/gcc/avr/4.8.2/../../../../avr/lib/avr5/libm.a(fp_powsodd.o)
                                                  /usr/lib/gcc/avr/4.8.2/../../../../avr/lib/avr5/libm.a(asin.o)
__fp_pscA                                         /usr/lib/gcc/avr/4.8.2/../../../../avr/lib/avr5/libm.a(fp_pscA.o)
                                                  /usr/lib/gcc/avr/4.8.2/../../../../avr/lib/avr5/libm.a(mulsf3x.o)
                                                  /usr/lib/gcc/avr/4.8.2/../../../../avr/lib/avr5/libm.a(divsf3x.o)
                                                  /usr/lib/gcc/avr/4.8.2/../../../../avr/lib/avr5/libm.a(atan2.o)
                                                  /usr/lib/gcc/avr/4.8.2/../../../../avr/lib/avr5/libm.a(addsf3x.o)
__fp_pscB                                         /usr/lib/gcc/avr/4.8.2/../../../../avr/lib/avr5/libm.a(fp_pscB.o)
                                                  /usr/lib/gcc/avr/4.8.2/../../../../avr/lib/avr5/libm.a(mulsf3x.o)
                                                  /usr/lib/gcc/avr/4.8.2/../../../../avr/lib/avr5/libm.a(divsf3x.o)
                                                  /usr/lib/gcc/avr/4.8.2/../../../../avr/lib/avr5/libm.a(atan2.o)
                                                  /usr/lib/gcc/avr/4.8.2/../../../../avr/lib/avr5/libm.a(addsf3x.o)
__fp_round                                        /usr/lib/gcc/avr/4.8.2/../../../../avr/lib/avr5/libm.a(fp_round.o)
                                                  /usr/lib/gcc/avr/4.8.2/../../../../avr/lib/avr5/libm.a(mulsf3.o)
                                                  /usr/lib/gcc/avr/4.8.2/../../../../avr/lib/avr5/libm.a(fp_arccos.o)
                                                  /usr/lib/gcc/avr/4.8.2/../../../../avr/lib/avr5/libm.a(divsf3.o)
                                                  /usr/lib/gcc/avr/4.8.2/../../../../avr/lib/avr5/libm.a(atan.o)
                                                  /usr/lib/gcc/avr/4.8.2/../../../../avr/lib/avr5/libm.a(atan2.o)
                                                  /usr/lib/gcc/avr/4.8.2/../../../../avr/lib/avr5/libm.a(asin.o)
                                                  /usr/lib/gcc/avr/4.8.2/../../../../avr/lib/avr5/libm.a(addsf3.o)
__fp_split3                                       /usr/lib/gcc/avr/4.8.2/../../../../avr/lib/avr5/libm.a(fp_split3.o)
                                                  /usr/lib/gcc/avr/4.8.2/../../../../avr/lib/avr5/libm.a(mulsf3x.o)
                                                  /usr/lib/gcc/avr/4.8.2/../../../../avr/lib/avr5/libm.a(divsf3x.o)
                                                  /usr/lib/gcc/avr/4.8.2/../../../../avr/lib/avr5/libm.a(atan2.o)
                                                  /usr/lib/gcc/avr/4.8.2/../../../../avr/lib/avr5/libm.a(addsf3x.o)
__fp_splitA                                       /usr/lib/gcc/avr/4.8.2/../../../../avr/lib/avr5/libm.a(fp_split3.o)
                                                  /usr/lib/gcc/avr/4.8.2/../../../../avr/lib/avr5/libm.a(sqrt.o)
__fp_szero                                        /usr/lib/gcc/avr/4.8.2/../../../../avr/lib/avr5/libm.a(fp_zero.o)
                                                  /usr/lib/gcc/avr/4.8.2/../../../../avr/lib/avr5/libm.a(mulsf3x.o)
                                                  /usr/lib/gcc/avr/4.8.2/../../../../avr/lib/avr5/libm.a(divsf3x.o)
__fp_zero                                         /usr/lib/gcc/avr/4.8.2/../../../../avr/lib/avr5/libm.a(fp_zero.o)
                                                  /usr/lib/gcc/avr/4.8.2/../../../../avr/lib/avr5/libm.a(atan2.o)
                                                  /usr/lib/gcc/avr/4.8.2/../../../../avr/lib/avr5/libm.a(addsf3x.o)
__ftoa_engine                                     /usr/lib/gcc/avr/4.8.2/../../../../avr/lib/avr5/libc.a(ftoa_engine.o)
                                                  /usr/lib/gcc/avr/4.8.2/../../../../avr/lib/avr5/libc.a(dtoa_prf.o)
__heap_end                                        /usr/lib/gcc/avr/4.8.2/../../../../avr/lib/avr5/crtm16.o
__init                                            /usr/lib/gcc/avr/4.8.2/../../../../avr/lib/avr5/crtm16.o
__lesf2                                           /usr/lib/gcc/avr/4.8.2/../../../../avr/lib/avr5/libm.a(cmpsf2.o)
__ltsf2                                           /usr/lib/gcc/avr/4.8.2/../../../../avr/lib/avr5/libm.a(cmpsf2.o)
__mulsf3                                          /usr/lib/gcc/avr/4.8.2/../../../../avr/lib/avr5/libm.a(mulsf3.o)
                                                  /usr/lib/gcc/avr/4.8.2/../../../../avr/lib/avr5/libc.a(strtod.o)
                                                  /usr/lib/gcc/avr/4.8.2/../../../../avr/lib/avr5/libm.a(square.o)
                                                  /usr/lib/gcc/avr/4.8.2/../../../../avr/lib/avr5/libm.a(fp_powsodd.o)
                                                  obj/Release/mpu6050.o
__mulsf3_pse                                      /usr/lib/gcc/avr/4.8.2/../../../../avr/lib/avr5/libm.a(mulsf3x.o)
__mulsf3x                                         /usr/lib/gcc/avr/4.8.2/../../../../avr/lib/avr5/libm.a(mulsf3x.o)
                                                  /usr/lib/gcc/avr/4.8.2/../../../../avr/lib/avr5/libm.a(mulsf3.o)
                                                  /usr/lib/gcc/avr/4.8.2/../../../../avr/lib/avr5/libm.a(fp_powser.o)
                                                  /usr/lib/gcc/avr/4.8.2/../../../../avr/lib/avr5/libm.a(fp_arccos.o)
                                                  /usr/lib/gcc/avr/4.8.2/../../../../avr/lib/avr5/libm.a(atan.o)
__mulsi3                                          /usr/lib/gcc/avr/4.8.2/avr5/libgcc.a(_mulsi3.o)
                                                  /usr/lib/gcc/avr/4.8.2/../../../../avr/lib/avr5/libc.a(strtol.o)
__muluhisi3                                       /usr/lib/gcc/avr/4.8.2/avr5/libgcc.a(_muluhisi3.o)
                                                  /usr/lib/gcc/avr/4.8.2/avr5/libgcc.a(_mulsi3.o)
                                                  /usr/lib/gcc/avr/4.8.2/../../../../avr/lib/avr5/libc.a(strtod.o)
__nesf2                                           /usr/lib/gcc/avr/4.8.2/../../../../avr/lib/avr5/libm.a(cmpsf2.o)
                                                  /usr/lib/gcc/avr/4.8.2/../../../../avr/lib/avr5/libc.a(strtod.o)
                                                  obj/Release/mpu6050.o
__prologue_saves__                                /usr/lib/gcc/avr/4.8.2/avr5/libgcc.a(_prologue.o)
                                                  /usr/lib/gcc/avr/4.8.2/../../../../avr/lib/avr5/libc.a(vfprintf_std.o)
                                                  /usr/lib/gcc/avr/4.8.2/../../../../avr/lib/avr5/libc.a(sprintf.o)
                                                  /usr/lib/gcc/avr/4.8.2/../../../../avr/lib/avr5/libc.a(strtod.o)
__stack                                           /usr/lib/gcc/avr/4.8.2/../../../../avr/lib/avr5/crtm16.o
__subsf3                                          /usr/lib/gcc/avr/4.8.2/../../../../avr/lib/avr5/libm.a(addsf3.o)
                                                  /usr/lib/gcc/avr/4.8.2/../../../../avr/lib/avr5/libm.a(fp_arccos.o)
                                                  obj/Release/mpu6050.o
__udivmodsi4                                      /usr/lib/gcc/avr/4.8.2/avr5/libgcc.a(_udivmodsi4.o)
                                                  /usr/lib/gcc/avr/4.8.2/../../../../avr/lib/avr5/libc.a(strtol.o)
__ultoa_invert                                    /usr/lib/gcc/avr/4.8.2/../../../../avr/lib/avr5/libc.a(ultoa_invert.o)
                                                  /usr/lib/gcc/avr/4.8.2/../../../../avr/lib/avr5/libc.a(vfprintf_std.o)
__umulhisi3                                       /usr/lib/gcc/avr/4.8.2/avr5/libgcc.a(_umulhisi3.o)
                                                  /usr/lib/gcc/avr/4.8.2/avr5/libgcc.a(_muluhisi3.o)
__vector_1                                        /usr/lib/gcc/avr/4.8.2/../../../../avr/lib/avr5/crtm16.o
__vector_10                                       /usr/lib/gcc/avr/4.8.2/../../../../avr/lib/avr5/crtm16.o
__vector_11                                       obj/Release/serial.o
                                                  /usr/lib/gcc/avr/4.8.2/../../../../avr/lib/avr5/crtm16.o
__vector_12                                       /usr/lib/gcc/avr/4.8.2/../../../../avr/lib/avr5/crtm16.o
__vector_13                                       /usr/lib/gcc/avr/4.8.2/../../../../avr/lib/avr5/crtm16.o
__vector_14                                       /usr/lib/gcc/avr/4.8.2/../../../../avr/lib/avr5/crtm16.o
__vector_15                                       /usr/lib/gcc/avr/4.8.2/../../../../avr/lib/avr5/crtm16.o
__vector_16                                       /usr/lib/gcc/avr/4.8.2/../../../../avr/lib/avr5/crtm16.o
__vector_17                                       /usr/lib/gcc/avr/4.8.2/../../../../avr/lib/avr5/crtm16.o
__vector_18                                       /usr/lib/gcc/avr/4.8.2/../../../../avr/lib/avr5/crtm16.o
__vector_19                                       /usr/lib/gcc/avr/4.8.2/../../../../avr/lib/avr5/crtm16.o
__vector_2                                        /usr/lib/gcc/avr/4.8.2/../../../../avr/lib/avr5/crtm16.o
__vector_20                                       /usr/lib/gcc/avr/4.8.2/../../../../avr/lib/avr5/crtm16.o
__vector_3                                        /usr/lib/gcc/avr/4.8.2/../../../../avr/lib/avr5/crtm16.o
__vector_4                                        /usr/lib/gcc/avr/4.8.2/../../../../avr/lib/avr5/crtm16.o
__vector_5                                        /usr/lib/gcc/avr/4.8.2/../../../../avr/lib/avr5/crtm16.o
__vector_6                                        /usr/lib/gcc/avr/4.8.2/../../../../avr/lib/avr5/crtm16.o
__vector_7                                        /usr/lib/gcc/avr/4.8.2/../../../../avr/lib/avr5/crtm16.o
__vector_8                                        /usr/lib/gcc/avr/4.8.2/../../../../avr/lib/avr5/crtm16.o
__vector_9                                        obj/Release/mpu6050.o
                                                  /usr/lib/gcc/avr/4.8.2/../../../../avr/lib/avr5/crtm16.o
__vector_default                                  /usr/lib/gcc/avr/4.8.2/../../../../avr/lib/avr5/crtm16.o
__vectors                                         /usr/lib/gcc/avr/4.8.2/../../../../avr/lib/avr5/crtm16.o
_buffer                                           obj/Release/serial.o
                                                  obj/Release/main.o
_buffer_length                                    obj/Release/serial.o
                                                  obj/Release/main.o
_exit                                             /usr/lib/gcc/avr/4.8.2/avr5/libgcc.a(_exit.o)
_serial_initialized                               obj/Release/serial.o
                                                  obj/Release/main.o
asin                                              /usr/lib/gcc/avr/4.8.2/../../../../avr/lib/avr5/libm.a(asin.o)
                                                  obj/Release/mpu6050.o
atan                                              /usr/lib/gcc/avr/4.8.2/../../../../avr/lib/avr5/libm.a(atan.o)
                                                  /usr/lib/gcc/avr/4.8.2/../../../../avr/lib/avr5/libm.a(atan2.o)
atan2                                             /usr/lib/gcc/avr/4.8.2/../../../../avr/lib/avr5/libm.a(atan2.o)
                                                  obj/Release/mpu6050.o
buffer                                            obj/Release/mpu6050.o
dtoa_prf                                          /usr/lib/gcc/avr/4.8.2/../../../../avr/lib/avr5/libc.a(dtoa_prf.o)
                                                  /usr/lib/gcc/avr/4.8.2/../../../../avr/lib/avr5/libc.a(dtostrf.o)
dtostrf                                           /usr/lib/gcc/avr/4.8.2/../../../../avr/lib/avr5/libc.a(dtostrf.o)
                                                  obj/Release/serial.o
errno                                             /usr/lib/gcc/avr/4.8.2/../../../../avr/lib/avr5/libc.a(errno.o)
                                                  /usr/lib/gcc/avr/4.8.2/../../../../avr/lib/avr5/libc.a(strtol.o)
                                                  /usr/lib/gcc/avr/4.8.2/../../../../avr/lib/avr5/libc.a(strtod.o)
exit                                              /usr/lib/gcc/avr/4.8.2/avr5/libgcc.a(_exit.o)
                                                  /usr/lib/gcc/avr/4.8.2/../../../../avr/lib/avr5/crtm16.o
fputc                                             /usr/lib/gcc/avr/4.8.2/../../../../avr/lib/avr5/libc.a(fputc.o)
                                                  /usr/lib/gcc/avr/4.8.2/../../../../avr/lib/avr5/libc.a(vfprintf_std.o)
i2c_init                                          obj/Release/twimaster.o
                                                  obj/Release/mpu6050.o
i2c_readAck                                       obj/Release/twimaster.o
                                                  obj/Release/mpu6050.o
i2c_readNak                                       obj/Release/twimaster.o
                                                  obj/Release/mpu6050.o
i2c_rep_start                                     obj/Release/twimaster.o
i2c_start                                         obj/Release/twimaster.o
                                                  obj/Release/mpu6050.o
i2c_start_wait                                    obj/Release/twimaster.o
i2c_stop                                          obj/Release/twimaster.o
                                                  obj/Release/mpu6050.o
i2c_write                                         obj/Release/twimaster.o
                                                  obj/Release/mpu6050.o
integralFBx                                       obj/Release/mpu6050.o
integralFBy                                       obj/Release/mpu6050.o
integralFBz                                       obj/Release/mpu6050.o
inverse                                           /usr/lib/gcc/avr/4.8.2/../../../../avr/lib/avr5/libm.a(inverse.o)
                                                  /usr/lib/gcc/avr/4.8.2/../../../../avr/lib/avr5/libm.a(atan.o)
isspace                                           /usr/lib/gcc/avr/4.8.2/../../../../avr/lib/avr5/libc.a(isspace.o)
                                                  /usr/lib/gcc/avr/4.8.2/../../../../avr/lib/avr5/libc.a(strtol.o)
                                                  /usr/lib/gcc/avr/4.8.2/../../../../avr/lib/avr5/libc.a(strtod.o)
lastChar                                          obj/Release/serial.o
                                                  obj/Release/main.o
main                                              obj/Release/main.o
                                                  /usr/lib/gcc/avr/4.8.2/../../../../avr/lib/avr5/crtm16.o
memcpy                                            /usr/lib/gcc/avr/4.8.2/../../../../avr/lib/avr5/libc.a(memcpy.o)
                                                  obj/Release/serial.o
mpu6050_getConvData                               obj/Release/mpu6050.o
mpu6050_getQuaternion                             obj/Release/mpu6050.o
mpu6050_getRawData                                obj/Release/mpu6050.o
mpu6050_getRollPitchYaw                           obj/Release/mpu6050.o
                                                  obj/Release/main.o
mpu6050_init                                      obj/Release/mpu6050.o
                                                  obj/Release/main.o
mpu6050_mahonyUpdate                              obj/Release/mpu6050.o
mpu6050_readBit                                   obj/Release/mpu6050.o
mpu6050_readBits                                  obj/Release/mpu6050.o
mpu6050_readByte                                  obj/Release/mpu6050.o
mpu6050_readBytes                                 obj/Release/mpu6050.o
mpu6050_setSleepDisabled                          obj/Release/mpu6050.o
mpu6050_setSleepEnabled                           obj/Release/mpu6050.o
mpu6050_testConnection                            obj/Release/mpu6050.o
                                                  obj/Release/main.o
mpu6050_updateQuaternion                          obj/Release/mpu6050.o
mpu6050_writeBit                                  obj/Release/mpu6050.o
mpu6050_writeBits                                 obj/Release/mpu6050.o
mpu6050_writeByte                                 obj/Release/mpu6050.o
mpu6050_writeBytes                                obj/Release/mpu6050.o
push                                              obj/Release/serial.o
q0                                                obj/Release/mpu6050.o
q1                                                obj/Release/mpu6050.o
q2                                                obj/Release/mpu6050.o
q3                                                obj/Release/mpu6050.o
serialAvailable                                   obj/Release/serial.o
serialClearBuffer                                 obj/Release/serial.o
serialEnd                                         obj/Release/serial.o
serialInit                                        obj/Release/serial.o
                                                  obj/Release/main.o
serialLast                                        obj/Release/serial.o
serialParseFloat                                  obj/Release/serial.o
serialParseInt                                    obj/Release/serial.o
serialPrintDouble                                 obj/Release/serial.o
                                                  obj/Release/main.o
serialPrintDoubleLn                               obj/Release/serial.o
serialPrintFloat                                  obj/Release/serial.o
serialPrintInt                                    obj/Release/serial.o
serialPrintIntLn                                  obj/Release/serial.o
serialRead                                        obj/Release/serial.o
serialReadChar                                    obj/Release/serial.o
serialReadUntil                                   obj/Release/serial.o
serialWaitUntil                                   obj/Release/serial.o
serialWrite                                       obj/Release/serial.o
                                                  obj/Release/main.o
serialWriteChar                                   obj/Release/serial.o
serialWriteF                                      obj/Release/serial.o
shift                                             obj/Release/serial.o
sprintf                                           /usr/lib/gcc/avr/4.8.2/../../../../avr/lib/avr5/libc.a(sprintf.o)
                                                  obj/Release/serial.o
sqrt                                              /usr/lib/gcc/avr/4.8.2/../../../../avr/lib/avr5/libm.a(sqrt.o)
                                                  /usr/lib/gcc/avr/4.8.2/../../../../avr/lib/avr5/libm.a(fp_arccos.o)
                                                  obj/Release/mpu6050.o
square                                            /usr/lib/gcc/avr/4.8.2/../../../../avr/lib/avr5/libm.a(square.o)
                                                  /usr/lib/gcc/avr/4.8.2/../../../../avr/lib/avr5/libm.a(atan.o)
strncasecmp_P                                     /usr/lib/gcc/avr/4.8.2/../../../../avr/lib/avr5/libc.a(strncasecmp_P.o)
                                                  /usr/lib/gcc/avr/4.8.2/../../../../avr/lib/avr5/libc.a(strtod.o)
strnlen                                           /usr/lib/gcc/avr/4.8.2/../../../../avr/lib/avr5/libc.a(strnlen.o)
                                                  /usr/lib/gcc/avr/4.8.2/../../../../avr/lib/avr5/libc.a(vfprintf_std.o)
strnlen_P                                         /usr/lib/gcc/avr/4.8.2/../../../../avr/lib/avr5/libc.a(strnlen_P.o)
                                                  /usr/lib/gcc/avr/4.8.2/../../../../avr/lib/avr5/libc.a(vfprintf_std.o)
strtod                                            /usr/lib/gcc/avr/4.8.2/../../../../avr/lib/avr5/libc.a(strtod.o)
                                                  obj/Release/serial.o
strtol                                            /usr/lib/gcc/avr/4.8.2/../../../../avr/lib/avr5/libc.a(strtol.o)
                                                  obj/Release/serial.o
vfprintf                                          /usr/lib/gcc/avr/4.8.2/../../../../avr/lib/avr5/libc.a(vfprintf_std.o)
                                                  /usr/lib/gcc/avr/4.8.2/../../../../avr/lib/avr5/libc.a(sprintf.o)
