Archive member included because of file (symbol)

/usr/lib/gcc/avr/4.8.2/avr4/libgcc.a(_divmodhi4.o)
                              obj/Release/n3310.o (__divmodhi4)
/usr/lib/gcc/avr/4.8.2/avr4/libgcc.a(_exit.o)
                              /usr/lib/gcc/avr/4.8.2/../../../../avr/lib/avr4/crtm88p.o (exit)
/usr/lib/gcc/avr/4.8.2/avr4/libgcc.a(_copy_data.o)
                              obj/Release/main.o (__do_copy_data)
/usr/lib/gcc/avr/4.8.2/avr4/libgcc.a(_clear_bss.o)
                              obj/Release/main.o (__do_clear_bss)
/usr/lib/gcc/avr/4.8.2/avr4/libgcc.a(_udivmodhi4.o)
                              /usr/lib/gcc/avr/4.8.2/avr4/libgcc.a(_divmodhi4.o) (__udivmodhi4)
/usr/avr/lib/libm.a(floatsisf.o)
                              obj/Release/nmea.o (__floatsisf)
/usr/avr/lib/libc.a(dtostrf.o)
                              obj/Release/main.o (dtostrf)
/usr/avr/lib/libc.a(strtod.o)
                              obj/Release/serial.o (strtod)
/usr/avr/lib/libc.a(strtol.o)
                              obj/Release/serial.o (strtol)
/usr/avr/lib/libc.a(atof.o)   obj/Release/main.o (atof)
/usr/avr/lib/libc.a(atol.o)   obj/Release/nmea.o (atol)
/usr/avr/lib/libc.a(isspace.o)
                              /usr/avr/lib/libc.a(strtod.o) (isspace)
/usr/avr/lib/libc.a(memcpy_P.o)
                              obj/Release/n3310.o (memcpy_P)
/usr/avr/lib/libc.a(strncasecmp_P.o)
                              /usr/avr/lib/libc.a(strtod.o) (strncasecmp_P)
/usr/avr/lib/libc.a(memcpy.o)
                              obj/Release/serial.o (memcpy)
/usr/avr/lib/libc.a(strncmp.o)
                              obj/Release/nmea.o (strncmp)
/usr/avr/lib/libc.a(strstr.o)
                              obj/Release/main.o (strstr)
/usr/avr/lib/libc.a(mulsi10.o)
                              /usr/avr/lib/libc.a(atol.o) (__mulsi_const_10)
/usr/avr/lib/libc.a(sprintf.o)
                              obj/Release/serial.o (sprintf)
/usr/avr/lib/libc.a(cmpsf2.o)
                              /usr/avr/lib/libc.a(strtod.o) (__eqsf2)
/usr/avr/lib/libc.a(fp_cmp.o)
                              /usr/avr/lib/libc.a(cmpsf2.o) (__fp_cmp)
/usr/avr/lib/libc.a(mulsf3.o)
                              /usr/avr/lib/libc.a(strtod.o) (__mulsf3)
/usr/avr/lib/libc.a(mulsf3x.o)
                              /usr/avr/lib/libc.a(mulsf3.o) (__mulsf3x)
/usr/avr/lib/libc.a(vfprintf_std.o)
                              /usr/avr/lib/libc.a(sprintf.o) (vfprintf)
/usr/avr/lib/libc.a(errno.o)  /usr/avr/lib/libc.a(strtod.o) (errno)
/usr/avr/lib/libc.a(dtoa_prf.o)
                              /usr/avr/lib/libc.a(dtostrf.o) (dtoa_prf)
/usr/avr/lib/libc.a(ftoa_engine.o)
                              /usr/avr/lib/libc.a(dtoa_prf.o) (__ftoa_engine)
/usr/avr/lib/libc.a(cty_isfalse.o)
                              /usr/avr/lib/libc.a(isspace.o) (__ctype_isfalse)
/usr/avr/lib/libc.a(strnlen_P.o)
                              /usr/avr/lib/libc.a(vfprintf_std.o) (strnlen_P)
/usr/avr/lib/libc.a(strnlen.o)
                              /usr/avr/lib/libc.a(vfprintf_std.o) (strnlen)
/usr/avr/lib/libc.a(fputc.o)  /usr/avr/lib/libc.a(vfprintf_std.o) (fputc)
/usr/avr/lib/libc.a(ultoa_invert.o)
                              /usr/avr/lib/libc.a(vfprintf_std.o) (__ultoa_invert)
/usr/avr/lib/libc.a(fp_inf.o)
                              /usr/avr/lib/libc.a(mulsf3x.o) (__fp_inf)
/usr/avr/lib/libc.a(fp_nan.o)
                              /usr/avr/lib/libc.a(mulsf3x.o) (__fp_nan)
/usr/avr/lib/libc.a(fp_pscA.o)
                              /usr/avr/lib/libc.a(mulsf3x.o) (__fp_pscA)
/usr/avr/lib/libc.a(fp_pscB.o)
                              /usr/avr/lib/libc.a(mulsf3x.o) (__fp_pscB)
/usr/avr/lib/libc.a(fp_round.o)
                              /usr/avr/lib/libc.a(mulsf3.o) (__fp_round)
/usr/avr/lib/libc.a(fp_split3.o)
                              /usr/avr/lib/libc.a(mulsf3x.o) (__fp_split3)
/usr/avr/lib/libc.a(fp_zero.o)
                              /usr/avr/lib/libc.a(mulsf3x.o) (__fp_szero)
/usr/lib/gcc/avr/4.8.2/avr4/libgcc.a(_udivmodsi4.o)
                              /usr/avr/lib/libc.a(strtol.o) (__udivmodsi4)
/usr/lib/gcc/avr/4.8.2/avr4/libgcc.a(_umulsidi3.o)
                              /usr/avr/lib/libc.a(strtol.o) (__umulsidi3)
/usr/lib/gcc/avr/4.8.2/avr4/libgcc.a(_prologue.o)
                              /usr/avr/lib/libc.a(strtod.o) (__prologue_saves__)
/usr/lib/gcc/avr/4.8.2/avr4/libgcc.a(_epilogue.o)
                              /usr/avr/lib/libc.a(strtod.o) (__epilogue_restores__)
/usr/lib/gcc/avr/4.8.2/avr4/libgcc.a(_umulhisi3.o)
                              /usr/lib/gcc/avr/4.8.2/avr4/libgcc.a(_umulsidi3.o) (__umulhisi3)
/usr/lib/gcc/avr/4.8.2/avr4/libgcc.a(_muldi3_6.o)
                              /usr/lib/gcc/avr/4.8.2/avr4/libgcc.a(_umulsidi3.o) (__muldi3_6)

Allocating common symbols
Common symbol       size              file

errno               0x2               /usr/avr/lib/libc.a(errno.o)
position            0x9               obj/Release/main.o
_buffer             0x40              obj/Release/main.o
_serial_initialized
                    0x1               obj/Release/main.o
_buffer_length      0x1               obj/Release/main.o
nmea_rmc_data       0x19              obj/Release/main.o
lastChar            0x1               obj/Release/main.o

Discarded input sections

 .bss           0x0000000000000000        0x0 /usr/lib/gcc/avr/4.8.2/../../../../avr/lib/avr4/crtm88p.o
 .stab          0x0000000000000000      0x6cc /usr/lib/gcc/avr/4.8.2/../../../../avr/lib/avr4/crtm88p.o
 .stabstr       0x0000000000000000       0x64 /usr/lib/gcc/avr/4.8.2/../../../../avr/lib/avr4/crtm88p.o
 .text          0x0000000000000000        0x0 obj/Release/main.o
 .bss           0x0000000000000000        0x0 obj/Release/main.o
 .text          0x0000000000000000        0x0 obj/Release/n3310.o
 .bss           0x0000000000000000        0x0 obj/Release/n3310.o
 .text.LcdContrast
                0x0000000000000000       0x22 obj/Release/n3310.o
 .text.LcdFStr  0x0000000000000000       0x3c obj/Release/n3310.o
 .text.LcdPixel
                0x0000000000000000       0xc4 obj/Release/n3310.o
 .text.LcdLine  0x0000000000000000       0xfe obj/Release/n3310.o
 .text.LcdCircle
                0x0000000000000000      0x104 obj/Release/n3310.o
 .text.LcdSingleBar
                0x0000000000000000       0x8e obj/Release/n3310.o
 .text.LcdBars  0x0000000000000000       0x82 obj/Release/n3310.o
 .text.LcdRect  0x0000000000000000       0x90 obj/Release/n3310.o
 .text.LcdImage
                0x0000000000000000       0x28 obj/Release/n3310.o
 .text          0x0000000000000000        0x0 obj/Release/nmea.o
 .bss           0x0000000000000000        0x0 obj/Release/nmea.o
 .text.hex2bin  0x0000000000000000       0x1c obj/Release/nmea.o
 .text.nmea_check_crc
                0x0000000000000000       0x48 obj/Release/nmea.o
 .text.nmea_next_field
                0x0000000000000000       0x18 obj/Release/nmea.o
 .text.nmea_rmc_parser
                0x0000000000000000      0x11a obj/Release/nmea.o
 .text.nmea_parser
                0x0000000000000000       0x74 obj/Release/nmea.o
 .rodata.str1.1
                0x0000000000000000        0x6 obj/Release/nmea.o
 .data.nmea_messages
                0x0000000000000000        0x6 obj/Release/nmea.o
 .text          0x0000000000000000        0x0 obj/Release/serial.o
 .bss           0x0000000000000000        0x0 obj/Release/serial.o
 .text.serialEnd
                0x0000000000000000        0xa obj/Release/serial.o
 .text.serialWriteChar
                0x0000000000000000       0x18 obj/Release/serial.o
 .text.serialWrite
                0x0000000000000000       0x34 obj/Release/serial.o
 .text.serialWriteF
                0x0000000000000000       0x4a obj/Release/serial.o
 .text.serialReadChar
                0x0000000000000000       0x1c obj/Release/serial.o
 .text.serialRead
                0x0000000000000000       0x20 obj/Release/serial.o
 .text.serialWaitUntil
                0x0000000000000000       0x12 obj/Release/serial.o
 .text.serialParseInt
                0x0000000000000000       0xf0 obj/Release/serial.o
 .text.serialParseFloat
                0x0000000000000000       0xf4 obj/Release/serial.o
 .rodata.str1.1
                0x0000000000000000        0x9 obj/Release/serial.o
 .text.serialPrintInt
                0x0000000000000000       0x56 obj/Release/serial.o
 .text.serialPrintIntLn
                0x0000000000000000       0x56 obj/Release/serial.o
 .text.serialPrintDouble
                0x0000000000000000       0x3e obj/Release/serial.o
 .text.serialPrintDoubleLn
                0x0000000000000000        0xa obj/Release/serial.o
 .text          0x0000000000000000        0x0 /usr/lib/gcc/avr/4.8.2/avr4/libgcc.a(_divmodhi4.o)
 .bss           0x0000000000000000        0x0 /usr/lib/gcc/avr/4.8.2/avr4/libgcc.a(_divmodhi4.o)
 .text.libgcc.mul
                0x0000000000000000        0x0 /usr/lib/gcc/avr/4.8.2/avr4/libgcc.a(_divmodhi4.o)
 .text.libgcc   0x0000000000000000        0x0 /usr/lib/gcc/avr/4.8.2/avr4/libgcc.a(_divmodhi4.o)
 .text.libgcc.prologue
                0x0000000000000000        0x0 /usr/lib/gcc/avr/4.8.2/avr4/libgcc.a(_divmodhi4.o)
 .text.libgcc.builtins
                0x0000000000000000        0x0 /usr/lib/gcc/avr/4.8.2/avr4/libgcc.a(_divmodhi4.o)
 .text.libgcc.fmul
                0x0000000000000000        0x0 /usr/lib/gcc/avr/4.8.2/avr4/libgcc.a(_divmodhi4.o)
 .text.libgcc.fixed
                0x0000000000000000        0x0 /usr/lib/gcc/avr/4.8.2/avr4/libgcc.a(_divmodhi4.o)
 .text          0x0000000000000000        0x0 /usr/lib/gcc/avr/4.8.2/avr4/libgcc.a(_exit.o)
 .bss           0x0000000000000000        0x0 /usr/lib/gcc/avr/4.8.2/avr4/libgcc.a(_exit.o)
 .text.libgcc.mul
                0x0000000000000000        0x0 /usr/lib/gcc/avr/4.8.2/avr4/libgcc.a(_exit.o)
 .text.libgcc.div
                0x0000000000000000        0x0 /usr/lib/gcc/avr/4.8.2/avr4/libgcc.a(_exit.o)
 .text.libgcc   0x0000000000000000        0x0 /usr/lib/gcc/avr/4.8.2/avr4/libgcc.a(_exit.o)
 .text.libgcc.prologue
                0x0000000000000000        0x0 /usr/lib/gcc/avr/4.8.2/avr4/libgcc.a(_exit.o)
 .text.libgcc.builtins
                0x0000000000000000        0x0 /usr/lib/gcc/avr/4.8.2/avr4/libgcc.a(_exit.o)
 .text.libgcc.fmul
                0x0000000000000000        0x0 /usr/lib/gcc/avr/4.8.2/avr4/libgcc.a(_exit.o)
 .text.libgcc.fixed
                0x0000000000000000        0x0 /usr/lib/gcc/avr/4.8.2/avr4/libgcc.a(_exit.o)
 .text          0x0000000000000000        0x0 /usr/lib/gcc/avr/4.8.2/avr4/libgcc.a(_copy_data.o)
 .bss           0x0000000000000000        0x0 /usr/lib/gcc/avr/4.8.2/avr4/libgcc.a(_copy_data.o)
 .text.libgcc.mul
                0x0000000000000000        0x0 /usr/lib/gcc/avr/4.8.2/avr4/libgcc.a(_copy_data.o)
 .text.libgcc.div
                0x0000000000000000        0x0 /usr/lib/gcc/avr/4.8.2/avr4/libgcc.a(_copy_data.o)
 .text.libgcc   0x0000000000000000        0x0 /usr/lib/gcc/avr/4.8.2/avr4/libgcc.a(_copy_data.o)
 .text.libgcc.prologue
                0x0000000000000000        0x0 /usr/lib/gcc/avr/4.8.2/avr4/libgcc.a(_copy_data.o)
 .text.libgcc.builtins
                0x0000000000000000        0x0 /usr/lib/gcc/avr/4.8.2/avr4/libgcc.a(_copy_data.o)
 .text.libgcc.fmul
                0x0000000000000000        0x0 /usr/lib/gcc/avr/4.8.2/avr4/libgcc.a(_copy_data.o)
 .text.libgcc.fixed
                0x0000000000000000        0x0 /usr/lib/gcc/avr/4.8.2/avr4/libgcc.a(_copy_data.o)
 .text          0x0000000000000000        0x0 /usr/lib/gcc/avr/4.8.2/avr4/libgcc.a(_clear_bss.o)
 .bss           0x0000000000000000        0x0 /usr/lib/gcc/avr/4.8.2/avr4/libgcc.a(_clear_bss.o)
 .text.libgcc.mul
                0x0000000000000000        0x0 /usr/lib/gcc/avr/4.8.2/avr4/libgcc.a(_clear_bss.o)
 .text.libgcc.div
                0x0000000000000000        0x0 /usr/lib/gcc/avr/4.8.2/avr4/libgcc.a(_clear_bss.o)
 .text.libgcc   0x0000000000000000        0x0 /usr/lib/gcc/avr/4.8.2/avr4/libgcc.a(_clear_bss.o)
 .text.libgcc.prologue
                0x0000000000000000        0x0 /usr/lib/gcc/avr/4.8.2/avr4/libgcc.a(_clear_bss.o)
 .text.libgcc.builtins
                0x0000000000000000        0x0 /usr/lib/gcc/avr/4.8.2/avr4/libgcc.a(_clear_bss.o)
 .text.libgcc.fmul
                0x0000000000000000        0x0 /usr/lib/gcc/avr/4.8.2/avr4/libgcc.a(_clear_bss.o)
 .text.libgcc.fixed
                0x0000000000000000        0x0 /usr/lib/gcc/avr/4.8.2/avr4/libgcc.a(_clear_bss.o)
 .text          0x0000000000000000        0x0 /usr/lib/gcc/avr/4.8.2/avr4/libgcc.a(_udivmodhi4.o)
 .bss           0x0000000000000000        0x0 /usr/lib/gcc/avr/4.8.2/avr4/libgcc.a(_udivmodhi4.o)
 .text.libgcc.mul
                0x0000000000000000        0x0 /usr/lib/gcc/avr/4.8.2/avr4/libgcc.a(_udivmodhi4.o)
 .text.libgcc   0x0000000000000000        0x0 /usr/lib/gcc/avr/4.8.2/avr4/libgcc.a(_udivmodhi4.o)
 .text.libgcc.prologue
                0x0000000000000000        0x0 /usr/lib/gcc/avr/4.8.2/avr4/libgcc.a(_udivmodhi4.o)
 .text.libgcc.builtins
                0x0000000000000000        0x0 /usr/lib/gcc/avr/4.8.2/avr4/libgcc.a(_udivmodhi4.o)
 .text.libgcc.fmul
                0x0000000000000000        0x0 /usr/lib/gcc/avr/4.8.2/avr4/libgcc.a(_udivmodhi4.o)
 .text.libgcc.fixed
                0x0000000000000000        0x0 /usr/lib/gcc/avr/4.8.2/avr4/libgcc.a(_udivmodhi4.o)
 .text          0x0000000000000000        0x0 /usr/avr/lib/libm.a(floatsisf.o)
 .bss           0x0000000000000000        0x0 /usr/avr/lib/libm.a(floatsisf.o)
 .stab          0x0000000000000000      0x324 /usr/avr/lib/libm.a(floatsisf.o)
 .stabstr       0x0000000000000000       0x41 /usr/avr/lib/libm.a(floatsisf.o)
 .text          0x0000000000000000        0x0 /usr/avr/lib/libc.a(dtostrf.o)
 .bss           0x0000000000000000        0x0 /usr/avr/lib/libc.a(dtostrf.o)
 .stab          0x0000000000000000      0x594 /usr/avr/lib/libc.a(dtostrf.o)
 .stabstr       0x0000000000000000      0xd9a /usr/avr/lib/libc.a(dtostrf.o)
 .text          0x0000000000000000        0x0 /usr/avr/lib/libc.a(strtod.o)
 .bss           0x0000000000000000        0x0 /usr/avr/lib/libc.a(strtod.o)
 .stab          0x0000000000000000      0x96c /usr/avr/lib/libc.a(strtod.o)
 .stabstr       0x0000000000000000      0xd53 /usr/avr/lib/libc.a(strtod.o)
 .text          0x0000000000000000        0x0 /usr/avr/lib/libc.a(strtol.o)
 .bss           0x0000000000000000        0x0 /usr/avr/lib/libc.a(strtol.o)
 .stab          0x0000000000000000      0x660 /usr/avr/lib/libc.a(strtol.o)
 .stabstr       0x0000000000000000      0x919 /usr/avr/lib/libc.a(strtol.o)
 .text.avr-libc
                0x0000000000000000      0x2a6 /usr/avr/lib/libc.a(strtol.o)
 .text          0x0000000000000000        0x0 /usr/avr/lib/libc.a(atof.o)
 .bss           0x0000000000000000        0x0 /usr/avr/lib/libc.a(atof.o)
 .stab          0x0000000000000000       0x48 /usr/avr/lib/libc.a(atof.o)
 .stabstr       0x0000000000000000       0x3d /usr/avr/lib/libc.a(atof.o)
 .text          0x0000000000000000        0x0 /usr/avr/lib/libc.a(atol.o)
 .bss           0x0000000000000000        0x0 /usr/avr/lib/libc.a(atol.o)
 .stab          0x0000000000000000      0x1ec /usr/avr/lib/libc.a(atol.o)
 .stabstr       0x0000000000000000       0x3d /usr/avr/lib/libc.a(atol.o)
 .text.avr-libc
                0x0000000000000000       0x50 /usr/avr/lib/libc.a(atol.o)
 .text          0x0000000000000000        0x0 /usr/avr/lib/libc.a(isspace.o)
 .bss           0x0000000000000000        0x0 /usr/avr/lib/libc.a(isspace.o)
 .stab          0x0000000000000000       0xa8 /usr/avr/lib/libc.a(isspace.o)
 .stabstr       0x0000000000000000       0x53 /usr/avr/lib/libc.a(isspace.o)
 .text          0x0000000000000000        0x0 /usr/avr/lib/libc.a(memcpy_P.o)
 .bss           0x0000000000000000        0x0 /usr/avr/lib/libc.a(memcpy_P.o)
 .stab          0x0000000000000000       0x90 /usr/avr/lib/libc.a(memcpy_P.o)
 .stabstr       0x0000000000000000       0x43 /usr/avr/lib/libc.a(memcpy_P.o)
 .text.avr-libc
                0x0000000000000000       0x18 /usr/avr/lib/libc.a(memcpy_P.o)
 .text          0x0000000000000000        0x0 /usr/avr/lib/libc.a(strncasecmp_P.o)
 .bss           0x0000000000000000        0x0 /usr/avr/lib/libc.a(strncasecmp_P.o)
 .stab          0x0000000000000000      0x144 /usr/avr/lib/libc.a(strncasecmp_P.o)
 .stabstr       0x0000000000000000       0x48 /usr/avr/lib/libc.a(strncasecmp_P.o)
 .text          0x0000000000000000        0x0 /usr/avr/lib/libc.a(memcpy.o)
 .bss           0x0000000000000000        0x0 /usr/avr/lib/libc.a(memcpy.o)
 .stab          0x0000000000000000       0x90 /usr/avr/lib/libc.a(memcpy.o)
 .stabstr       0x0000000000000000       0x3f /usr/avr/lib/libc.a(memcpy.o)
 .text          0x0000000000000000        0x0 /usr/avr/lib/libc.a(strncmp.o)
 .bss           0x0000000000000000        0x0 /usr/avr/lib/libc.a(strncmp.o)
 .stab          0x0000000000000000       0xcc /usr/avr/lib/libc.a(strncmp.o)
 .stabstr       0x0000000000000000       0x40 /usr/avr/lib/libc.a(strncmp.o)
 .text.avr-libc
                0x0000000000000000       0x20 /usr/avr/lib/libc.a(strncmp.o)
 .text          0x0000000000000000        0x0 /usr/avr/lib/libc.a(strstr.o)
 .bss           0x0000000000000000        0x0 /usr/avr/lib/libc.a(strstr.o)
 .stab          0x0000000000000000      0x15c /usr/avr/lib/libc.a(strstr.o)
 .stabstr       0x0000000000000000       0x3f /usr/avr/lib/libc.a(strstr.o)
 .text          0x0000000000000000        0x0 /usr/avr/lib/libc.a(mulsi10.o)
 .bss           0x0000000000000000        0x0 /usr/avr/lib/libc.a(mulsi10.o)
 .stab          0x0000000000000000      0x120 /usr/avr/lib/libc.a(mulsi10.o)
 .stabstr       0x0000000000000000       0x3e /usr/avr/lib/libc.a(mulsi10.o)
 .text.avr-libc
                0x0000000000000000       0x2a /usr/avr/lib/libc.a(mulsi10.o)
 .text          0x0000000000000000        0x0 /usr/avr/lib/libc.a(sprintf.o)
 .bss           0x0000000000000000        0x0 /usr/avr/lib/libc.a(sprintf.o)
 .stab          0x0000000000000000      0x54c /usr/avr/lib/libc.a(sprintf.o)
 .stabstr       0x0000000000000000      0xca5 /usr/avr/lib/libc.a(sprintf.o)
 .text.avr-libc
                0x0000000000000000       0x42 /usr/avr/lib/libc.a(sprintf.o)
 .text          0x0000000000000000        0x0 /usr/avr/lib/libc.a(cmpsf2.o)
 .bss           0x0000000000000000        0x0 /usr/avr/lib/libc.a(cmpsf2.o)
 .stab          0x0000000000000000       0x9c /usr/avr/lib/libc.a(cmpsf2.o)
 .stabstr       0x0000000000000000       0x3e /usr/avr/lib/libc.a(cmpsf2.o)
 .text          0x0000000000000000        0x0 /usr/avr/lib/libc.a(fp_cmp.o)
 .bss           0x0000000000000000        0x0 /usr/avr/lib/libc.a(fp_cmp.o)
 .stab          0x0000000000000000      0x1ec /usr/avr/lib/libc.a(fp_cmp.o)
 .stabstr       0x0000000000000000       0x3e /usr/avr/lib/libc.a(fp_cmp.o)
 .text          0x0000000000000000        0x0 /usr/avr/lib/libc.a(mulsf3.o)
 .bss           0x0000000000000000        0x0 /usr/avr/lib/libc.a(mulsf3.o)
 .stab          0x0000000000000000       0x54 /usr/avr/lib/libc.a(mulsf3.o)
 .stabstr       0x0000000000000000       0x3e /usr/avr/lib/libc.a(mulsf3.o)
 .text          0x0000000000000000        0x0 /usr/avr/lib/libc.a(mulsf3x.o)
 .bss           0x0000000000000000        0x0 /usr/avr/lib/libc.a(mulsf3x.o)
 .stab          0x0000000000000000      0x540 /usr/avr/lib/libc.a(mulsf3x.o)
 .stabstr       0x0000000000000000       0x3f /usr/avr/lib/libc.a(mulsf3x.o)
 .text          0x0000000000000000        0x0 /usr/avr/lib/libc.a(vfprintf_std.o)
 .bss           0x0000000000000000        0x0 /usr/avr/lib/libc.a(vfprintf_std.o)
 .stab          0x0000000000000000      0xd80 /usr/avr/lib/libc.a(vfprintf_std.o)
 .stabstr       0x0000000000000000      0xea9 /usr/avr/lib/libc.a(vfprintf_std.o)
 .text.avr-libc
                0x0000000000000000      0x3ec /usr/avr/lib/libc.a(vfprintf_std.o)
 .text          0x0000000000000000        0x0 /usr/avr/lib/libc.a(errno.o)
 .bss           0x0000000000000000        0x0 /usr/avr/lib/libc.a(errno.o)
 .stab          0x0000000000000000      0x27c /usr/avr/lib/libc.a(errno.o)
 .stabstr       0x0000000000000000      0x7c2 /usr/avr/lib/libc.a(errno.o)
 .text          0x0000000000000000        0x0 /usr/avr/lib/libc.a(dtoa_prf.o)
 .bss           0x0000000000000000        0x0 /usr/avr/lib/libc.a(dtoa_prf.o)
 .stab          0x0000000000000000      0xaa4 /usr/avr/lib/libc.a(dtoa_prf.o)
 .stabstr       0x0000000000000000      0xd1e /usr/avr/lib/libc.a(dtoa_prf.o)
 .text          0x0000000000000000        0x0 /usr/avr/lib/libc.a(ftoa_engine.o)
 .bss           0x0000000000000000        0x0 /usr/avr/lib/libc.a(ftoa_engine.o)
 .stab          0x0000000000000000      0xa98 /usr/avr/lib/libc.a(ftoa_engine.o)
 .stabstr       0x0000000000000000       0x44 /usr/avr/lib/libc.a(ftoa_engine.o)
 .text          0x0000000000000000        0x0 /usr/avr/lib/libc.a(cty_isfalse.o)
 .bss           0x0000000000000000        0x0 /usr/avr/lib/libc.a(cty_isfalse.o)
 .stab          0x0000000000000000       0x6c /usr/avr/lib/libc.a(cty_isfalse.o)
 .stabstr       0x0000000000000000       0x5b /usr/avr/lib/libc.a(cty_isfalse.o)
 .text          0x0000000000000000        0x0 /usr/avr/lib/libc.a(strnlen_P.o)
 .bss           0x0000000000000000        0x0 /usr/avr/lib/libc.a(strnlen_P.o)
 .stab          0x0000000000000000       0xa8 /usr/avr/lib/libc.a(strnlen_P.o)
 .stabstr       0x0000000000000000       0x44 /usr/avr/lib/libc.a(strnlen_P.o)
 .text.avr-libc
                0x0000000000000000       0x1a /usr/avr/lib/libc.a(strnlen_P.o)
 .text          0x0000000000000000        0x0 /usr/avr/lib/libc.a(strnlen.o)
 .bss           0x0000000000000000        0x0 /usr/avr/lib/libc.a(strnlen.o)
 .stab          0x0000000000000000       0xa8 /usr/avr/lib/libc.a(strnlen.o)
 .stabstr       0x0000000000000000       0x40 /usr/avr/lib/libc.a(strnlen.o)
 .text.avr-libc
                0x0000000000000000       0x18 /usr/avr/lib/libc.a(strnlen.o)
 .text          0x0000000000000000        0x0 /usr/avr/lib/libc.a(fputc.o)
 .bss           0x0000000000000000        0x0 /usr/avr/lib/libc.a(fputc.o)
 .stab          0x0000000000000000      0x534 /usr/avr/lib/libc.a(fputc.o)
 .stabstr       0x0000000000000000      0xc80 /usr/avr/lib/libc.a(fputc.o)
 .text.avr-libc
                0x0000000000000000       0x68 /usr/avr/lib/libc.a(fputc.o)
 .text          0x0000000000000000        0x0 /usr/avr/lib/libc.a(ultoa_invert.o)
 .bss           0x0000000000000000        0x0 /usr/avr/lib/libc.a(ultoa_invert.o)
 .stab          0x0000000000000000      0x4a4 /usr/avr/lib/libc.a(ultoa_invert.o)
 .stabstr       0x0000000000000000       0x44 /usr/avr/lib/libc.a(ultoa_invert.o)
 .text.avr-libc
                0x0000000000000000       0xc8 /usr/avr/lib/libc.a(ultoa_invert.o)
 .text          0x0000000000000000        0x0 /usr/avr/lib/libc.a(fp_inf.o)
 .bss           0x0000000000000000        0x0 /usr/avr/lib/libc.a(fp_inf.o)
 .stab          0x0000000000000000       0x84 /usr/avr/lib/libc.a(fp_inf.o)
 .stabstr       0x0000000000000000       0x3e /usr/avr/lib/libc.a(fp_inf.o)
 .text          0x0000000000000000        0x0 /usr/avr/lib/libc.a(fp_nan.o)
 .bss           0x0000000000000000        0x0 /usr/avr/lib/libc.a(fp_nan.o)
 .stab          0x0000000000000000       0x60 /usr/avr/lib/libc.a(fp_nan.o)
 .stabstr       0x0000000000000000       0x3e /usr/avr/lib/libc.a(fp_nan.o)
 .text          0x0000000000000000        0x0 /usr/avr/lib/libc.a(fp_pscA.o)
 .bss           0x0000000000000000        0x0 /usr/avr/lib/libc.a(fp_pscA.o)
 .stab          0x0000000000000000       0x90 /usr/avr/lib/libc.a(fp_pscA.o)
 .stabstr       0x0000000000000000       0x3f /usr/avr/lib/libc.a(fp_pscA.o)
 .text          0x0000000000000000        0x0 /usr/avr/lib/libc.a(fp_pscB.o)
 .bss           0x0000000000000000        0x0 /usr/avr/lib/libc.a(fp_pscB.o)
 .stab          0x0000000000000000       0x90 /usr/avr/lib/libc.a(fp_pscB.o)
 .stabstr       0x0000000000000000       0x3f /usr/avr/lib/libc.a(fp_pscB.o)
 .text          0x0000000000000000        0x0 /usr/avr/lib/libc.a(fp_round.o)
 .bss           0x0000000000000000        0x0 /usr/avr/lib/libc.a(fp_round.o)
 .stab          0x0000000000000000      0x108 /usr/avr/lib/libc.a(fp_round.o)
 .stabstr       0x0000000000000000       0x40 /usr/avr/lib/libc.a(fp_round.o)
 .text          0x0000000000000000        0x0 /usr/avr/lib/libc.a(fp_split3.o)
 .bss           0x0000000000000000        0x0 /usr/avr/lib/libc.a(fp_split3.o)
 .stab          0x0000000000000000      0x1e0 /usr/avr/lib/libc.a(fp_split3.o)
 .stabstr       0x0000000000000000       0x41 /usr/avr/lib/libc.a(fp_split3.o)
 .text          0x0000000000000000        0x0 /usr/avr/lib/libc.a(fp_zero.o)
 .bss           0x0000000000000000        0x0 /usr/avr/lib/libc.a(fp_zero.o)
 .stab          0x0000000000000000       0x9c /usr/avr/lib/libc.a(fp_zero.o)
 .stabstr       0x0000000000000000       0x3f /usr/avr/lib/libc.a(fp_zero.o)
 .text          0x0000000000000000        0x0 /usr/lib/gcc/avr/4.8.2/avr4/libgcc.a(_udivmodsi4.o)
 .bss           0x0000000000000000        0x0 /usr/lib/gcc/avr/4.8.2/avr4/libgcc.a(_udivmodsi4.o)
 .text.libgcc.mul
                0x0000000000000000        0x0 /usr/lib/gcc/avr/4.8.2/avr4/libgcc.a(_udivmodsi4.o)
 .text.libgcc.div
                0x0000000000000000       0x44 /usr/lib/gcc/avr/4.8.2/avr4/libgcc.a(_udivmodsi4.o)
 .text.libgcc   0x0000000000000000        0x0 /usr/lib/gcc/avr/4.8.2/avr4/libgcc.a(_udivmodsi4.o)
 .text.libgcc.prologue
                0x0000000000000000        0x0 /usr/lib/gcc/avr/4.8.2/avr4/libgcc.a(_udivmodsi4.o)
 .text.libgcc.builtins
                0x0000000000000000        0x0 /usr/lib/gcc/avr/4.8.2/avr4/libgcc.a(_udivmodsi4.o)
 .text.libgcc.fmul
                0x0000000000000000        0x0 /usr/lib/gcc/avr/4.8.2/avr4/libgcc.a(_udivmodsi4.o)
 .text.libgcc.fixed
                0x0000000000000000        0x0 /usr/lib/gcc/avr/4.8.2/avr4/libgcc.a(_udivmodsi4.o)
 .text          0x0000000000000000        0x0 /usr/lib/gcc/avr/4.8.2/avr4/libgcc.a(_umulsidi3.o)
 .bss           0x0000000000000000        0x0 /usr/lib/gcc/avr/4.8.2/avr4/libgcc.a(_umulsidi3.o)
 .text.libgcc.mul
                0x0000000000000000       0x4e /usr/lib/gcc/avr/4.8.2/avr4/libgcc.a(_umulsidi3.o)
 .text.libgcc.div
                0x0000000000000000        0x0 /usr/lib/gcc/avr/4.8.2/avr4/libgcc.a(_umulsidi3.o)
 .text.libgcc   0x0000000000000000        0x0 /usr/lib/gcc/avr/4.8.2/avr4/libgcc.a(_umulsidi3.o)
 .text.libgcc.prologue
                0x0000000000000000        0x0 /usr/lib/gcc/avr/4.8.2/avr4/libgcc.a(_umulsidi3.o)
 .text.libgcc.builtins
                0x0000000000000000        0x0 /usr/lib/gcc/avr/4.8.2/avr4/libgcc.a(_umulsidi3.o)
 .text.libgcc.fmul
                0x0000000000000000        0x0 /usr/lib/gcc/avr/4.8.2/avr4/libgcc.a(_umulsidi3.o)
 .text.libgcc.fixed
                0x0000000000000000        0x0 /usr/lib/gcc/avr/4.8.2/avr4/libgcc.a(_umulsidi3.o)
 .text          0x0000000000000000        0x0 /usr/lib/gcc/avr/4.8.2/avr4/libgcc.a(_prologue.o)
 .bss           0x0000000000000000        0x0 /usr/lib/gcc/avr/4.8.2/avr4/libgcc.a(_prologue.o)
 .text.libgcc.mul
                0x0000000000000000        0x0 /usr/lib/gcc/avr/4.8.2/avr4/libgcc.a(_prologue.o)
 .text.libgcc.div
                0x0000000000000000        0x0 /usr/lib/gcc/avr/4.8.2/avr4/libgcc.a(_prologue.o)
 .text.libgcc   0x0000000000000000        0x0 /usr/lib/gcc/avr/4.8.2/avr4/libgcc.a(_prologue.o)
 .text.libgcc.builtins
                0x0000000000000000        0x0 /usr/lib/gcc/avr/4.8.2/avr4/libgcc.a(_prologue.o)
 .text.libgcc.fmul
                0x0000000000000000        0x0 /usr/lib/gcc/avr/4.8.2/avr4/libgcc.a(_prologue.o)
 .text.libgcc.fixed
                0x0000000000000000        0x0 /usr/lib/gcc/avr/4.8.2/avr4/libgcc.a(_prologue.o)
 .text          0x0000000000000000        0x0 /usr/lib/gcc/avr/4.8.2/avr4/libgcc.a(_epilogue.o)
 .bss           0x0000000000000000        0x0 /usr/lib/gcc/avr/4.8.2/avr4/libgcc.a(_epilogue.o)
 .text.libgcc.mul
                0x0000000000000000        0x0 /usr/lib/gcc/avr/4.8.2/avr4/libgcc.a(_epilogue.o)
 .text.libgcc.div
                0x0000000000000000        0x0 /usr/lib/gcc/avr/4.8.2/avr4/libgcc.a(_epilogue.o)
 .text.libgcc   0x0000000000000000        0x0 /usr/lib/gcc/avr/4.8.2/avr4/libgcc.a(_epilogue.o)
 .text.libgcc.builtins
                0x0000000000000000        0x0 /usr/lib/gcc/avr/4.8.2/avr4/libgcc.a(_epilogue.o)
 .text.libgcc.fmul
                0x0000000000000000        0x0 /usr/lib/gcc/avr/4.8.2/avr4/libgcc.a(_epilogue.o)
 .text.libgcc.fixed
                0x0000000000000000        0x0 /usr/lib/gcc/avr/4.8.2/avr4/libgcc.a(_epilogue.o)
 .text          0x0000000000000000        0x0 /usr/lib/gcc/avr/4.8.2/avr4/libgcc.a(_umulhisi3.o)
 .bss           0x0000000000000000        0x0 /usr/lib/gcc/avr/4.8.2/avr4/libgcc.a(_umulhisi3.o)
 .text.libgcc.mul
                0x0000000000000000       0x18 /usr/lib/gcc/avr/4.8.2/avr4/libgcc.a(_umulhisi3.o)
 .text.libgcc.div
                0x0000000000000000        0x0 /usr/lib/gcc/avr/4.8.2/avr4/libgcc.a(_umulhisi3.o)
 .text.libgcc   0x0000000000000000        0x0 /usr/lib/gcc/avr/4.8.2/avr4/libgcc.a(_umulhisi3.o)
 .text.libgcc.prologue
                0x0000000000000000        0x0 /usr/lib/gcc/avr/4.8.2/avr4/libgcc.a(_umulhisi3.o)
 .text.libgcc.builtins
                0x0000000000000000        0x0 /usr/lib/gcc/avr/4.8.2/avr4/libgcc.a(_umulhisi3.o)
 .text.libgcc.fmul
                0x0000000000000000        0x0 /usr/lib/gcc/avr/4.8.2/avr4/libgcc.a(_umulhisi3.o)
 .text.libgcc.fixed
                0x0000000000000000        0x0 /usr/lib/gcc/avr/4.8.2/avr4/libgcc.a(_umulhisi3.o)
 .text          0x0000000000000000        0x0 /usr/lib/gcc/avr/4.8.2/avr4/libgcc.a(_muldi3_6.o)
 .bss           0x0000000000000000        0x0 /usr/lib/gcc/avr/4.8.2/avr4/libgcc.a(_muldi3_6.o)
 .text.libgcc.mul
                0x0000000000000000       0x10 /usr/lib/gcc/avr/4.8.2/avr4/libgcc.a(_muldi3_6.o)
 .text.libgcc.div
                0x0000000000000000        0x0 /usr/lib/gcc/avr/4.8.2/avr4/libgcc.a(_muldi3_6.o)
 .text.libgcc   0x0000000000000000        0x0 /usr/lib/gcc/avr/4.8.2/avr4/libgcc.a(_muldi3_6.o)
 .text.libgcc.prologue
                0x0000000000000000        0x0 /usr/lib/gcc/avr/4.8.2/avr4/libgcc.a(_muldi3_6.o)
 .text.libgcc.builtins
                0x0000000000000000        0x0 /usr/lib/gcc/avr/4.8.2/avr4/libgcc.a(_muldi3_6.o)
 .text.libgcc.fmul
                0x0000000000000000        0x0 /usr/lib/gcc/avr/4.8.2/avr4/libgcc.a(_muldi3_6.o)
 .text.libgcc.fixed
                0x0000000000000000        0x0 /usr/lib/gcc/avr/4.8.2/avr4/libgcc.a(_muldi3_6.o)

Memory Configuration

Name             Origin             Length             Attributes
text             0x0000000000000000 0x0000000000002000 xr
data             0x0000000000800060 0x000000000000ffa0 rw !x
eeprom           0x0000000000810000 0x0000000000010000 rw !x
fuse             0x0000000000820000 0x0000000000000400 rw !x
lock             0x0000000000830000 0x0000000000000400 rw !x
signature        0x0000000000840000 0x0000000000000400 rw !x
*default*        0x0000000000000000 0xffffffffffffffff

Linker script and memory map

Address of section .data set to 0x800100
LOAD /usr/lib/gcc/avr/4.8.2/../../../../avr/lib/avr4/crtm88p.o
LOAD obj/Release/main.o
LOAD obj/Release/n3310.o
LOAD obj/Release/nmea.o
LOAD obj/Release/serial.o
LOAD /usr/lib/gcc/avr/4.8.2/avr4/libgcc.a
LOAD /usr/avr/lib/libm.a
START GROUP
LOAD /usr/lib/gcc/avr/4.8.2/avr4/libgcc.a
LOAD /usr/avr/lib/libm.a
LOAD /usr/avr/lib/libc.a
END GROUP

.hash
 *(.hash)

.dynsym
 *(.dynsym)

.dynstr
 *(.dynstr)

.gnu.version
 *(.gnu.version)

.gnu.version_d
 *(.gnu.version_d)

.gnu.version_r
 *(.gnu.version_r)

.rel.init
 *(.rel.init)

.rela.init
 *(.rela.init)

.rel.text
 *(.rel.text)
 *(.rel.text.*)
 *(.rel.gnu.linkonce.t*)

.rela.text
 *(.rela.text)
 *(.rela.text.*)
 *(.rela.gnu.linkonce.t*)

.rel.fini
 *(.rel.fini)

.rela.fini
 *(.rela.fini)

.rel.rodata
 *(.rel.rodata)
 *(.rel.rodata.*)
 *(.rel.gnu.linkonce.r*)

.rela.rodata
 *(.rela.rodata)
 *(.rela.rodata.*)
 *(.rela.gnu.linkonce.r*)

.rel.data
 *(.rel.data)
 *(.rel.data.*)
 *(.rel.gnu.linkonce.d*)

.rela.data
 *(.rela.data)
 *(.rela.data.*)
 *(.rela.gnu.linkonce.d*)

.rel.ctors
 *(.rel.ctors)

.rela.ctors
 *(.rela.ctors)

.rel.dtors
 *(.rel.dtors)

.rela.dtors
 *(.rela.dtors)

.rel.got
 *(.rel.got)

.rela.got
 *(.rela.got)

.rel.bss
 *(.rel.bss)

.rela.bss
 *(.rela.bss)

.rel.plt
 *(.rel.plt)

.rela.plt
 *(.rela.plt)

.text           0x0000000000000000     0x17f2
 *(.vectors)
 .vectors       0x0000000000000000       0x34 /usr/lib/gcc/avr/4.8.2/../../../../avr/lib/avr4/crtm88p.o
                0x0000000000000000                __vectors
                0x0000000000000000                __vector_default
 *(.vectors)
 *(.progmem.gcc*)
 *(.progmem*)
 .progmem.data.FontLookup
                0x0000000000000034      0x320 obj/Release/n3310.o
 .progmem.data  0x0000000000000354       0x3b /usr/avr/lib/libc.a(strtod.o)
 .progmem.data  0x000000000000038f       0xfa /usr/avr/lib/libc.a(ftoa_engine.o)
                0x000000000000048a                . = ALIGN (0x2)
 *fill*         0x0000000000000489        0x1 
                0x000000000000048a                __trampolines_start = .
 *(.trampolines)
 .trampolines   0x000000000000048a        0x0 linker stubs
 *(.trampolines*)
                0x000000000000048a                __trampolines_end = .
 *(.jumptables)
 *(.jumptables*)
 *(.lowtext)
 *(.lowtext*)
                0x000000000000048a                __ctors_start = .
 *(.ctors)
                0x000000000000048a                __ctors_end = .
                0x000000000000048a                __dtors_start = .
 *(.dtors)
                0x000000000000048a                __dtors_end = .
 SORT(*)(.ctors)
 SORT(*)(.dtors)
 *(.init0)
 .init0         0x000000000000048a        0x0 /usr/lib/gcc/avr/4.8.2/../../../../avr/lib/avr4/crtm88p.o
                0x000000000000048a                __init
 *(.init0)
 *(.init1)
 *(.init1)
 *(.init2)
 .init2         0x000000000000048a        0xc /usr/lib/gcc/avr/4.8.2/../../../../avr/lib/avr4/crtm88p.o
 *(.init2)
 *(.init3)
 *(.init3)
 *(.init4)
 .init4         0x0000000000000496       0x16 /usr/lib/gcc/avr/4.8.2/avr4/libgcc.a(_copy_data.o)
                0x0000000000000496                __do_copy_data
 .init4         0x00000000000004ac       0x10 /usr/lib/gcc/avr/4.8.2/avr4/libgcc.a(_clear_bss.o)
                0x00000000000004ac                __do_clear_bss
 *(.init4)
 *(.init5)
 *(.init5)
 *(.init6)
 *(.init6)
 *(.init7)
 *(.init7)
 *(.init8)
 *(.init8)
 *(.init9)
 .init9         0x00000000000004bc        0x4 /usr/lib/gcc/avr/4.8.2/../../../../avr/lib/avr4/crtm88p.o
 *(.init9)
 *(.text)
 .text          0x00000000000004c0        0x2 /usr/lib/gcc/avr/4.8.2/../../../../avr/lib/avr4/crtm88p.o
                0x00000000000004c0                __vector_22
                0x00000000000004c0                __vector_1
                0x00000000000004c0                __vector_24
                0x00000000000004c0                __vector_12
                0x00000000000004c0                __bad_interrupt
                0x00000000000004c0                __vector_6
                0x00000000000004c0                __vector_3
                0x00000000000004c0                __vector_23
                0x00000000000004c0                __vector_25
                0x00000000000004c0                __vector_11
                0x00000000000004c0                __vector_13
                0x00000000000004c0                __vector_17
                0x00000000000004c0                __vector_19
                0x00000000000004c0                __vector_7
                0x00000000000004c0                __vector_5
                0x00000000000004c0                __vector_4
                0x00000000000004c0                __vector_9
                0x00000000000004c0                __vector_2
                0x00000000000004c0                __vector_21
                0x00000000000004c0                __vector_15
                0x00000000000004c0                __vector_8
                0x00000000000004c0                __vector_14
                0x00000000000004c0                __vector_10
                0x00000000000004c0                __vector_16
                0x00000000000004c0                __vector_20
                0x00000000000004c2                . = ALIGN (0x2)
 *(.text.*)
 .text.next_field
                0x00000000000004c2       0x18 obj/Release/main.o
                0x00000000000004c2                next_field
 .text.parse    0x00000000000004da       0xa8 obj/Release/main.o
                0x00000000000004da                parse
 .text.main     0x0000000000000582       0xf2 obj/Release/main.o
                0x0000000000000582                main
 .text.LcdSend  0x0000000000000674       0x1a obj/Release/n3310.o
 .text.LcdClear
                0x000000000000068e       0x30 obj/Release/n3310.o
                0x000000000000068e                LcdClear
 .text.LcdUpdate
                0x00000000000006be       0xce obj/Release/n3310.o
                0x00000000000006be                LcdUpdate
 .text.LcdInit  0x000000000000078c       0x48 obj/Release/n3310.o
                0x000000000000078c                LcdInit
 .text.LcdGotoXYFont
                0x00000000000007d4       0x36 obj/Release/n3310.o
                0x00000000000007d4                LcdGotoXYFont
 .text.LcdChr   0x000000000000080a      0x1cc obj/Release/n3310.o
                0x000000000000080a                LcdChr
 .text.LcdStr   0x00000000000009d6       0x44 obj/Release/n3310.o
                0x00000000000009d6                LcdStr
 .text.shift    0x0000000000000a1a       0x46 obj/Release/serial.o
                0x0000000000000a1a                shift
 .text.push     0x0000000000000a60       0x42 obj/Release/serial.o
                0x0000000000000a60                push
 .text.__vector_18
                0x0000000000000aa2       0x4e obj/Release/serial.o
                0x0000000000000aa2                __vector_18
 .text.serialAvailable
                0x0000000000000af0        0x6 obj/Release/serial.o
                0x0000000000000af0                serialAvailable
 .text.serialInit
                0x0000000000000af6       0x24 obj/Release/serial.o
                0x0000000000000af6                serialInit
 .text.serialLast
                0x0000000000000b1a       0x12 obj/Release/serial.o
                0x0000000000000b1a                serialLast
 .text.serialReadUntil
                0x0000000000000b2c       0xa2 obj/Release/serial.o
                0x0000000000000b2c                serialReadUntil
 .text.serialClearBuffer
                0x0000000000000bce        0x6 obj/Release/serial.o
                0x0000000000000bce                serialClearBuffer
 .text.libgcc.div
                0x0000000000000bd4       0x26 /usr/lib/gcc/avr/4.8.2/avr4/libgcc.a(_divmodhi4.o)
                0x0000000000000bd4                __divmodhi4
                0x0000000000000bd4                _div
 .text.libgcc.div
                0x0000000000000bfa       0x28 /usr/lib/gcc/avr/4.8.2/avr4/libgcc.a(_udivmodhi4.o)
                0x0000000000000bfa                __udivmodhi4
 .text.avr-libc.fplib
                0x0000000000000c22       0x7a /usr/avr/lib/libm.a(floatsisf.o)
                0x0000000000000c22                __floatunsisf
                0x0000000000000c26                __floatsisf
 .text.avr-libc
                0x0000000000000c9c       0x46 /usr/avr/lib/libc.a(dtostrf.o)
                0x0000000000000c9c                dtostrf
 .text.avr-libc
                0x0000000000000ce2      0x324 /usr/avr/lib/libc.a(strtod.o)
                0x0000000000000ce2                strtod
 .text.avr-libc
                0x0000000000001006        0x6 /usr/avr/lib/libc.a(atof.o)
                0x0000000000001006                atof
 .text.avr-libc
                0x000000000000100c       0x10 /usr/avr/lib/libc.a(isspace.o)
                0x000000000000100c                isspace
 .text.avr-libc
                0x000000000000101c       0x38 /usr/avr/lib/libc.a(strncasecmp_P.o)
                0x000000000000101c                strncasecmp_P
 .text.avr-libc
                0x0000000000001054       0x16 /usr/avr/lib/libc.a(memcpy.o)
                0x0000000000001054                memcpy
 .text.avr-libc
                0x000000000000106a       0x3e /usr/avr/lib/libc.a(strstr.o)
                0x000000000000106a                strstr
 .text.avr-libc.fplib
                0x00000000000010a8        0x8 /usr/avr/lib/libc.a(cmpsf2.o)
                0x00000000000010a8                __lesf2
                0x00000000000010a8                __nesf2
                0x00000000000010a8                __eqsf2
                0x00000000000010a8                __cmpsf2
                0x00000000000010a8                __ltsf2
 .text.avr-libc.fplib
                0x00000000000010b0       0x48 /usr/avr/lib/libc.a(fp_cmp.o)
                0x00000000000010b0                __fp_cmp
 .text.avr-libc.fplib
                0x00000000000010f8        0x4 /usr/avr/lib/libc.a(mulsf3.o)
                0x00000000000010f8                __mulsf3
 .text.avr-libc.fplib
                0x00000000000010fc       0xd2 /usr/avr/lib/libc.a(mulsf3x.o)
                0x000000000000110e                __mulsf3x
                0x0000000000001112                __mulsf3_pse
 .text.avr-libc
                0x00000000000011ce      0x32e /usr/avr/lib/libc.a(dtoa_prf.o)
                0x00000000000011ce                dtoa_prf
 .text.avr-libc
                0x00000000000014fc      0x1da /usr/avr/lib/libc.a(ftoa_engine.o)
                0x00000000000014fc                __ftoa_engine
 .text.avr-libc
                0x00000000000016d6        0x6 /usr/avr/lib/libc.a(cty_isfalse.o)
                0x00000000000016d6                __ctype_isfalse
                0x00000000000016da                __ctype_istrue
 .text.avr-libc.fplib
                0x00000000000016dc        0xc /usr/avr/lib/libc.a(fp_inf.o)
                0x00000000000016dc                __fp_inf
 .text.avr-libc.fplib
                0x00000000000016e8        0x6 /usr/avr/lib/libc.a(fp_nan.o)
                0x00000000000016e8                __fp_nan
 .text.avr-libc.fplib
                0x00000000000016ee        0xe /usr/avr/lib/libc.a(fp_pscA.o)
                0x00000000000016ee                __fp_pscA
 .text.avr-libc.fplib
                0x00000000000016fc        0xe /usr/avr/lib/libc.a(fp_pscB.o)
                0x00000000000016fc                __fp_pscB
 .text.avr-libc.fplib
                0x000000000000170a       0x22 /usr/avr/lib/libc.a(fp_round.o)
                0x000000000000170a                __fp_round
 .text.avr-libc.fplib
                0x000000000000172c       0x44 /usr/avr/lib/libc.a(fp_split3.o)
                0x000000000000172c                __fp_split3
                0x000000000000173c                __fp_splitA
 .text.avr-libc.fplib
                0x0000000000001770       0x10 /usr/avr/lib/libc.a(fp_zero.o)
                0x0000000000001770                __fp_zero
                0x0000000000001772                __fp_szero
 .text.libgcc.prologue
                0x0000000000001780       0x38 /usr/lib/gcc/avr/4.8.2/avr4/libgcc.a(_prologue.o)
                0x0000000000001780                __prologue_saves__
 .text.libgcc.prologue
                0x00000000000017b8       0x36 /usr/lib/gcc/avr/4.8.2/avr4/libgcc.a(_epilogue.o)
                0x00000000000017b8                __epilogue_restores__
                0x00000000000017ee                . = ALIGN (0x2)
 *(.fini9)
 .fini9         0x00000000000017ee        0x0 /usr/lib/gcc/avr/4.8.2/avr4/libgcc.a(_exit.o)
                0x00000000000017ee                exit
                0x00000000000017ee                _exit
 *(.fini9)
 *(.fini8)
 *(.fini8)
 *(.fini7)
 *(.fini7)
 *(.fini6)
 *(.fini6)
 *(.fini5)
 *(.fini5)
 *(.fini4)
 *(.fini4)
 *(.fini3)
 *(.fini3)
 *(.fini2)
 *(.fini2)
 *(.fini1)
 *(.fini1)
 *(.fini0)
 .fini0         0x00000000000017ee        0x4 /usr/lib/gcc/avr/4.8.2/avr4/libgcc.a(_exit.o)
 *(.fini0)
                0x00000000000017f2                _etext = .

.data           0x0000000000800100       0x10 load address 0x00000000000017f2
                0x0000000000800100                PROVIDE (__data_start, .)
 *(.data)
 .data          0x0000000000800100        0x0 /usr/lib/gcc/avr/4.8.2/../../../../avr/lib/avr4/crtm88p.o
 .data          0x0000000000800100        0x0 obj/Release/main.o
 .data          0x0000000000800100        0x0 obj/Release/n3310.o
 .data          0x0000000000800100        0x0 obj/Release/nmea.o
 .data          0x0000000000800100        0x0 obj/Release/serial.o
 .data          0x0000000000800100        0x0 /usr/lib/gcc/avr/4.8.2/avr4/libgcc.a(_divmodhi4.o)
 .data          0x0000000000800100        0x0 /usr/lib/gcc/avr/4.8.2/avr4/libgcc.a(_exit.o)
 .data          0x0000000000800100        0x0 /usr/lib/gcc/avr/4.8.2/avr4/libgcc.a(_copy_data.o)
 .data          0x0000000000800100        0x0 /usr/lib/gcc/avr/4.8.2/avr4/libgcc.a(_clear_bss.o)
 .data          0x0000000000800100        0x0 /usr/lib/gcc/avr/4.8.2/avr4/libgcc.a(_udivmodhi4.o)
 .data          0x0000000000800100        0x0 /usr/avr/lib/libm.a(floatsisf.o)
 .data          0x0000000000800100        0x0 /usr/avr/lib/libc.a(dtostrf.o)
 .data          0x0000000000800100        0x0 /usr/avr/lib/libc.a(strtod.o)
 .data          0x0000000000800100        0x0 /usr/avr/lib/libc.a(strtol.o)
 .data          0x0000000000800100        0x0 /usr/avr/lib/libc.a(atof.o)
 .data          0x0000000000800100        0x0 /usr/avr/lib/libc.a(atol.o)
 .data          0x0000000000800100        0x0 /usr/avr/lib/libc.a(isspace.o)
 .data          0x0000000000800100        0x0 /usr/avr/lib/libc.a(memcpy_P.o)
 .data          0x0000000000800100        0x0 /usr/avr/lib/libc.a(strncasecmp_P.o)
 .data          0x0000000000800100        0x0 /usr/avr/lib/libc.a(memcpy.o)
 .data          0x0000000000800100        0x0 /usr/avr/lib/libc.a(strncmp.o)
 .data          0x0000000000800100        0x0 /usr/avr/lib/libc.a(strstr.o)
 .data          0x0000000000800100        0x0 /usr/avr/lib/libc.a(mulsi10.o)
 .data          0x0000000000800100        0x0 /usr/avr/lib/libc.a(sprintf.o)
 .data          0x0000000000800100        0x0 /usr/avr/lib/libc.a(cmpsf2.o)
 .data          0x0000000000800100        0x0 /usr/avr/lib/libc.a(fp_cmp.o)
 .data          0x0000000000800100        0x0 /usr/avr/lib/libc.a(mulsf3.o)
 .data          0x0000000000800100        0x0 /usr/avr/lib/libc.a(mulsf3x.o)
 .data          0x0000000000800100        0x0 /usr/avr/lib/libc.a(vfprintf_std.o)
 .data          0x0000000000800100        0x0 /usr/avr/lib/libc.a(errno.o)
 .data          0x0000000000800100        0x0 /usr/avr/lib/libc.a(dtoa_prf.o)
 .data          0x0000000000800100        0x0 /usr/avr/lib/libc.a(ftoa_engine.o)
 .data          0x0000000000800100        0x0 /usr/avr/lib/libc.a(cty_isfalse.o)
 .data          0x0000000000800100        0x0 /usr/avr/lib/libc.a(strnlen_P.o)
 .data          0x0000000000800100        0x0 /usr/avr/lib/libc.a(strnlen.o)
 .data          0x0000000000800100        0x0 /usr/avr/lib/libc.a(fputc.o)
 .data          0x0000000000800100        0x0 /usr/avr/lib/libc.a(ultoa_invert.o)
 .data          0x0000000000800100        0x0 /usr/avr/lib/libc.a(fp_inf.o)
 .data          0x0000000000800100        0x0 /usr/avr/lib/libc.a(fp_nan.o)
 .data          0x0000000000800100        0x0 /usr/avr/lib/libc.a(fp_pscA.o)
 .data          0x0000000000800100        0x0 /usr/avr/lib/libc.a(fp_pscB.o)
 .data          0x0000000000800100        0x0 /usr/avr/lib/libc.a(fp_round.o)
 .data          0x0000000000800100        0x0 /usr/avr/lib/libc.a(fp_split3.o)
 .data          0x0000000000800100        0x0 /usr/avr/lib/libc.a(fp_zero.o)
 .data          0x0000000000800100        0x0 /usr/lib/gcc/avr/4.8.2/avr4/libgcc.a(_udivmodsi4.o)
 .data          0x0000000000800100        0x0 /usr/lib/gcc/avr/4.8.2/avr4/libgcc.a(_umulsidi3.o)
 .data          0x0000000000800100        0x0 /usr/lib/gcc/avr/4.8.2/avr4/libgcc.a(_prologue.o)
 .data          0x0000000000800100        0x0 /usr/lib/gcc/avr/4.8.2/avr4/libgcc.a(_epilogue.o)
 .data          0x0000000000800100        0x0 /usr/lib/gcc/avr/4.8.2/avr4/libgcc.a(_umulhisi3.o)
 .data          0x0000000000800100        0x0 /usr/lib/gcc/avr/4.8.2/avr4/libgcc.a(_muldi3_6.o)
 *(.data*)
 *(.rodata)
 *(.rodata*)
 .rodata.str1.1
                0x0000000000800100       0x10 obj/Release/main.o
 *(.gnu.linkonce.d*)
                0x0000000000800110                . = ALIGN (0x2)
                0x0000000000800110                _edata = .
                0x0000000000800110                PROVIDE (__data_end, .)

.bss            0x0000000000800110      0x266
                0x0000000000800110                PROVIDE (__bss_start, .)
 *(.bss)
 *(.bss*)
 .bss.UpdateLcd
                0x0000000000800110        0x1 obj/Release/n3310.o
 .bss.LcdCacheIdx
                0x0000000000800111        0x2 obj/Release/n3310.o
 .bss.HiWaterMark
                0x0000000000800113        0x2 obj/Release/n3310.o
 .bss.LoWaterMark
                0x0000000000800115        0x2 obj/Release/n3310.o
 .bss.LcdCache  0x0000000000800117      0x1f8 obj/Release/n3310.o
 *(COMMON)
 COMMON         0x000000000080030f       0x65 obj/Release/main.o
                0x000000000080030f                position
                0x0000000000800318                _buffer
                0x0000000000800358                _serial_initialized
                0x0000000000800359                _buffer_length
                0x000000000080035a                nmea_rmc_data
                0x0000000000800373                lastChar
 COMMON         0x0000000000800374        0x2 /usr/avr/lib/libc.a(errno.o)
                0x0000000000800374                errno
                0x0000000000800376                PROVIDE (__bss_end, .)
                0x00000000000017f2                __data_load_start = LOADADDR (.data)
                0x0000000000001802                __data_load_end = (__data_load_start + SIZEOF (.data))

.noinit         0x0000000000800376        0x0
                0x0000000000800376                PROVIDE (__noinit_start, .)
 *(.noinit*)
                0x0000000000800376                PROVIDE (__noinit_end, .)
                0x0000000000800376                _end = .
                0x0000000000800376                PROVIDE (__heap_start, .)

.eeprom         0x0000000000810000        0x0
 *(.eeprom*)
                0x0000000000810000                __eeprom_end = .

.fuse
 *(.fuse)
 *(.lfuse)
 *(.hfuse)
 *(.efuse)

.lock
 *(.lock*)

.signature
 *(.signature*)

.stab
 *(.stab)

.stabstr
 *(.stabstr)

.stab.excl
 *(.stab.excl)

.stab.exclstr
 *(.stab.exclstr)

.stab.index
 *(.stab.index)

.stab.indexstr
 *(.stab.indexstr)

.comment        0x0000000000000000       0x22
 *(.comment)
 .comment       0x0000000000000000       0x11 obj/Release/main.o
                                         0x12 (size before relaxing)
 .comment       0x0000000000000000       0x12 obj/Release/n3310.o
 .comment       0x0000000000000000       0x12 obj/Release/nmea.o
 .comment       0x0000000000000000       0x12 obj/Release/serial.o
 .comment       0x0000000000000011       0x11 /usr/avr/lib/libc.a(dtostrf.o)
                                         0x12 (size before relaxing)
 .comment       0x0000000000000000       0x12 /usr/avr/lib/libc.a(strtod.o)
 .comment       0x0000000000000000       0x12 /usr/avr/lib/libc.a(strtol.o)
 .comment       0x0000000000000000       0x12 /usr/avr/lib/libc.a(sprintf.o)
 .comment       0x0000000000000000       0x12 /usr/avr/lib/libc.a(vfprintf_std.o)
 .comment       0x0000000000000000       0x12 /usr/avr/lib/libc.a(errno.o)
 .comment       0x0000000000000000       0x12 /usr/avr/lib/libc.a(dtoa_prf.o)
 .comment       0x0000000000000000       0x12 /usr/avr/lib/libc.a(fputc.o)

.debug
 *(.debug)

.line
 *(.line)

.debug_srcinfo
 *(.debug_srcinfo)

.debug_sfnames
 *(.debug_sfnames)

.debug_aranges
 *(.debug_aranges)

.debug_pubnames
 *(.debug_pubnames)

.debug_info
 *(.debug_info)
 *(.gnu.linkonce.wi.*)

.debug_abbrev
 *(.debug_abbrev)

.debug_line
 *(.debug_line)

.debug_frame
 *(.debug_frame)

.debug_str
 *(.debug_str)

.debug_loc
 *(.debug_loc)

.debug_macinfo
 *(.debug_macinfo)

.debug_pubtypes
 *(.debug_pubtypes)

.debug_ranges
 *(.debug_ranges)

.debug_macro
 *(.debug_macro)
OUTPUT(bin/Release/gps-88.elf elf32-avr)
LOAD linker stubs

Cross Reference Table

Symbol                                            File
LcdBars                                           obj/Release/n3310.o
LcdChr                                            obj/Release/n3310.o
LcdCircle                                         obj/Release/n3310.o
LcdClear                                          obj/Release/n3310.o
                                                  obj/Release/main.o
LcdContrast                                       obj/Release/n3310.o
LcdFStr                                           obj/Release/n3310.o
LcdGotoXYFont                                     obj/Release/n3310.o
                                                  obj/Release/main.o
LcdImage                                          obj/Release/n3310.o
LcdInit                                           obj/Release/n3310.o
                                                  obj/Release/main.o
LcdLine                                           obj/Release/n3310.o
LcdPixel                                          obj/Release/n3310.o
LcdRect                                           obj/Release/n3310.o
LcdSingleBar                                      obj/Release/n3310.o
LcdStr                                            obj/Release/n3310.o
                                                  obj/Release/main.o
LcdUpdate                                         obj/Release/n3310.o
                                                  obj/Release/main.o
__bad_interrupt                                   /usr/lib/gcc/avr/4.8.2/../../../../avr/lib/avr4/crtm88p.o
__bss_end                                         /usr/lib/gcc/avr/4.8.2/avr4/libgcc.a(_clear_bss.o)
__bss_start                                       /usr/lib/gcc/avr/4.8.2/avr4/libgcc.a(_clear_bss.o)
__cmpsf2                                          /usr/avr/lib/libc.a(cmpsf2.o)
__ctype_isfalse                                   /usr/avr/lib/libc.a(cty_isfalse.o)
                                                  /usr/avr/lib/libc.a(isspace.o)
__ctype_istrue                                    /usr/avr/lib/libc.a(cty_isfalse.o)
__data_end                                        /usr/lib/gcc/avr/4.8.2/avr4/libgcc.a(_copy_data.o)
__data_load_start                                 /usr/lib/gcc/avr/4.8.2/avr4/libgcc.a(_copy_data.o)
__data_start                                      /usr/lib/gcc/avr/4.8.2/avr4/libgcc.a(_copy_data.o)
__divmodhi4                                       /usr/lib/gcc/avr/4.8.2/avr4/libgcc.a(_divmodhi4.o)
                                                  obj/Release/n3310.o
__do_clear_bss                                    /usr/lib/gcc/avr/4.8.2/avr4/libgcc.a(_clear_bss.o)
                                                  /usr/avr/lib/libc.a(errno.o)
                                                  obj/Release/serial.o
                                                  obj/Release/nmea.o
                                                  obj/Release/n3310.o
                                                  obj/Release/main.o
__do_copy_data                                    /usr/lib/gcc/avr/4.8.2/avr4/libgcc.a(_copy_data.o)
                                                  obj/Release/serial.o
                                                  obj/Release/nmea.o
                                                  obj/Release/main.o
__epilogue_restores__                             /usr/lib/gcc/avr/4.8.2/avr4/libgcc.a(_epilogue.o)
                                                  /usr/avr/lib/libc.a(vfprintf_std.o)
                                                  /usr/avr/lib/libc.a(sprintf.o)
                                                  /usr/avr/lib/libc.a(strtol.o)
                                                  /usr/avr/lib/libc.a(strtod.o)
__eqsf2                                           /usr/avr/lib/libc.a(cmpsf2.o)
                                                  /usr/avr/lib/libc.a(strtod.o)
__floatsisf                                       /usr/avr/lib/libm.a(floatsisf.o)
                                                  obj/Release/nmea.o
__floatunsisf                                     /usr/avr/lib/libm.a(floatsisf.o)
                                                  /usr/avr/lib/libc.a(strtod.o)
__fp_cmp                                          /usr/avr/lib/libc.a(fp_cmp.o)
                                                  /usr/avr/lib/libc.a(cmpsf2.o)
__fp_inf                                          /usr/avr/lib/libc.a(fp_inf.o)
                                                  /usr/avr/lib/libc.a(mulsf3x.o)
__fp_nan                                          /usr/avr/lib/libc.a(fp_nan.o)
                                                  /usr/avr/lib/libc.a(mulsf3x.o)
__fp_pscA                                         /usr/avr/lib/libc.a(fp_pscA.o)
                                                  /usr/avr/lib/libc.a(mulsf3x.o)
__fp_pscB                                         /usr/avr/lib/libc.a(fp_pscB.o)
                                                  /usr/avr/lib/libc.a(mulsf3x.o)
__fp_round                                        /usr/avr/lib/libc.a(fp_round.o)
                                                  /usr/avr/lib/libc.a(mulsf3.o)
__fp_split3                                       /usr/avr/lib/libc.a(fp_split3.o)
                                                  /usr/avr/lib/libc.a(mulsf3x.o)
__fp_splitA                                       /usr/avr/lib/libc.a(fp_split3.o)
__fp_szero                                        /usr/avr/lib/libc.a(fp_zero.o)
                                                  /usr/avr/lib/libc.a(mulsf3x.o)
__fp_zero                                         /usr/avr/lib/libc.a(fp_zero.o)
__ftoa_engine                                     /usr/avr/lib/libc.a(ftoa_engine.o)
                                                  /usr/avr/lib/libc.a(dtoa_prf.o)
__heap_end                                        /usr/lib/gcc/avr/4.8.2/../../../../avr/lib/avr4/crtm88p.o
__init                                            /usr/lib/gcc/avr/4.8.2/../../../../avr/lib/avr4/crtm88p.o
__lesf2                                           /usr/avr/lib/libc.a(cmpsf2.o)
__ltsf2                                           /usr/avr/lib/libc.a(cmpsf2.o)
__muldi3_6                                        /usr/lib/gcc/avr/4.8.2/avr4/libgcc.a(_muldi3_6.o)
                                                  /usr/lib/gcc/avr/4.8.2/avr4/libgcc.a(_umulsidi3.o)
__mulqi3                                          /usr/avr/lib/libc.a(vfprintf_std.o)
__mulsf3                                          /usr/avr/lib/libc.a(mulsf3.o)
                                                  /usr/avr/lib/libc.a(strtod.o)
__mulsf3_pse                                      /usr/avr/lib/libc.a(mulsf3x.o)
__mulsf3x                                         /usr/avr/lib/libc.a(mulsf3x.o)
                                                  /usr/avr/lib/libc.a(mulsf3.o)
__mulsi_const_10                                  /usr/avr/lib/libc.a(mulsi10.o)
                                                  /usr/avr/lib/libc.a(atol.o)
__nesf2                                           /usr/avr/lib/libc.a(cmpsf2.o)
                                                  /usr/avr/lib/libc.a(strtod.o)
__prologue_saves__                                /usr/lib/gcc/avr/4.8.2/avr4/libgcc.a(_prologue.o)
                                                  /usr/avr/lib/libc.a(vfprintf_std.o)
                                                  /usr/avr/lib/libc.a(sprintf.o)
                                                  /usr/avr/lib/libc.a(strtol.o)
                                                  /usr/avr/lib/libc.a(strtod.o)
__stack                                           /usr/lib/gcc/avr/4.8.2/../../../../avr/lib/avr4/crtm88p.o
__udivmodhi4                                      /usr/lib/gcc/avr/4.8.2/avr4/libgcc.a(_udivmodhi4.o)
                                                  /usr/lib/gcc/avr/4.8.2/avr4/libgcc.a(_divmodhi4.o)
__udivmodsi4                                      /usr/lib/gcc/avr/4.8.2/avr4/libgcc.a(_udivmodsi4.o)
                                                  /usr/avr/lib/libc.a(strtol.o)
__ultoa_invert                                    /usr/avr/lib/libc.a(ultoa_invert.o)
                                                  /usr/avr/lib/libc.a(vfprintf_std.o)
__umulhisi3                                       /usr/lib/gcc/avr/4.8.2/avr4/libgcc.a(_umulhisi3.o)
                                                  /usr/lib/gcc/avr/4.8.2/avr4/libgcc.a(_muldi3_6.o)
                                                  /usr/lib/gcc/avr/4.8.2/avr4/libgcc.a(_umulsidi3.o)
__umulsidi3                                       /usr/lib/gcc/avr/4.8.2/avr4/libgcc.a(_umulsidi3.o)
                                                  /usr/avr/lib/libc.a(strtol.o)
__umulsidi3_helper                                /usr/lib/gcc/avr/4.8.2/avr4/libgcc.a(_umulsidi3.o)
__vector_1                                        /usr/lib/gcc/avr/4.8.2/../../../../avr/lib/avr4/crtm88p.o
__vector_10                                       /usr/lib/gcc/avr/4.8.2/../../../../avr/lib/avr4/crtm88p.o
__vector_11                                       /usr/lib/gcc/avr/4.8.2/../../../../avr/lib/avr4/crtm88p.o
__vector_12                                       /usr/lib/gcc/avr/4.8.2/../../../../avr/lib/avr4/crtm88p.o
__vector_13                                       /usr/lib/gcc/avr/4.8.2/../../../../avr/lib/avr4/crtm88p.o
__vector_14                                       /usr/lib/gcc/avr/4.8.2/../../../../avr/lib/avr4/crtm88p.o
__vector_15                                       /usr/lib/gcc/avr/4.8.2/../../../../avr/lib/avr4/crtm88p.o
__vector_16                                       /usr/lib/gcc/avr/4.8.2/../../../../avr/lib/avr4/crtm88p.o
__vector_17                                       /usr/lib/gcc/avr/4.8.2/../../../../avr/lib/avr4/crtm88p.o
__vector_18                                       obj/Release/serial.o
                                                  /usr/lib/gcc/avr/4.8.2/../../../../avr/lib/avr4/crtm88p.o
__vector_19                                       /usr/lib/gcc/avr/4.8.2/../../../../avr/lib/avr4/crtm88p.o
__vector_2                                        /usr/lib/gcc/avr/4.8.2/../../../../avr/lib/avr4/crtm88p.o
__vector_20                                       /usr/lib/gcc/avr/4.8.2/../../../../avr/lib/avr4/crtm88p.o
__vector_21                                       /usr/lib/gcc/avr/4.8.2/../../../../avr/lib/avr4/crtm88p.o
__vector_22                                       /usr/lib/gcc/avr/4.8.2/../../../../avr/lib/avr4/crtm88p.o
__vector_23                                       /usr/lib/gcc/avr/4.8.2/../../../../avr/lib/avr4/crtm88p.o
__vector_24                                       /usr/lib/gcc/avr/4.8.2/../../../../avr/lib/avr4/crtm88p.o
__vector_25                                       /usr/lib/gcc/avr/4.8.2/../../../../avr/lib/avr4/crtm88p.o
__vector_3                                        /usr/lib/gcc/avr/4.8.2/../../../../avr/lib/avr4/crtm88p.o
__vector_4                                        /usr/lib/gcc/avr/4.8.2/../../../../avr/lib/avr4/crtm88p.o
__vector_5                                        /usr/lib/gcc/avr/4.8.2/../../../../avr/lib/avr4/crtm88p.o
__vector_6                                        /usr/lib/gcc/avr/4.8.2/../../../../avr/lib/avr4/crtm88p.o
__vector_7                                        /usr/lib/gcc/avr/4.8.2/../../../../avr/lib/avr4/crtm88p.o
__vector_8                                        /usr/lib/gcc/avr/4.8.2/../../../../avr/lib/avr4/crtm88p.o
__vector_9                                        /usr/lib/gcc/avr/4.8.2/../../../../avr/lib/avr4/crtm88p.o
__vector_default                                  /usr/lib/gcc/avr/4.8.2/../../../../avr/lib/avr4/crtm88p.o
__vectors                                         /usr/lib/gcc/avr/4.8.2/../../../../avr/lib/avr4/crtm88p.o
_buffer                                           obj/Release/serial.o
                                                  obj/Release/main.o
_buffer_length                                    obj/Release/serial.o
                                                  obj/Release/main.o
_div                                              /usr/lib/gcc/avr/4.8.2/avr4/libgcc.a(_divmodhi4.o)
_exit                                             /usr/lib/gcc/avr/4.8.2/avr4/libgcc.a(_exit.o)
_serial_initialized                               obj/Release/serial.o
                                                  obj/Release/main.o
atof                                              /usr/avr/lib/libc.a(atof.o)
                                                  obj/Release/nmea.o
                                                  obj/Release/main.o
atol                                              /usr/avr/lib/libc.a(atol.o)
                                                  obj/Release/nmea.o
dtoa_prf                                          /usr/avr/lib/libc.a(dtoa_prf.o)
                                                  /usr/avr/lib/libc.a(dtostrf.o)
dtostrf                                           /usr/avr/lib/libc.a(dtostrf.o)
                                                  obj/Release/serial.o
                                                  obj/Release/main.o
errno                                             /usr/avr/lib/libc.a(errno.o)
                                                  /usr/avr/lib/libc.a(strtol.o)
                                                  /usr/avr/lib/libc.a(strtod.o)
exit                                              /usr/lib/gcc/avr/4.8.2/avr4/libgcc.a(_exit.o)
                                                  /usr/lib/gcc/avr/4.8.2/../../../../avr/lib/avr4/crtm88p.o
fputc                                             /usr/avr/lib/libc.a(fputc.o)
                                                  /usr/avr/lib/libc.a(vfprintf_std.o)
hex2bin                                           obj/Release/nmea.o
isspace                                           /usr/avr/lib/libc.a(isspace.o)
                                                  /usr/avr/lib/libc.a(strtol.o)
                                                  /usr/avr/lib/libc.a(strtod.o)
lastChar                                          obj/Release/serial.o
                                                  obj/Release/main.o
main                                              obj/Release/main.o
                                                  /usr/lib/gcc/avr/4.8.2/../../../../avr/lib/avr4/crtm88p.o
memcpy                                            /usr/avr/lib/libc.a(memcpy.o)
                                                  obj/Release/serial.o
memcpy_P                                          /usr/avr/lib/libc.a(memcpy_P.o)
                                                  obj/Release/n3310.o
next_field                                        obj/Release/main.o
nmea_check_crc                                    obj/Release/nmea.o
nmea_messages                                     obj/Release/nmea.o
nmea_next_field                                   obj/Release/nmea.o
nmea_parser                                       obj/Release/nmea.o
nmea_rmc_data                                     obj/Release/nmea.o
                                                  obj/Release/main.o
nmea_rmc_parser                                   obj/Release/nmea.o
parse                                             obj/Release/main.o
pgm_read_char                                     obj/Release/serial.o
position                                          obj/Release/main.o
push                                              obj/Release/serial.o
serialAvailable                                   obj/Release/serial.o
                                                  obj/Release/main.o
serialClearBuffer                                 obj/Release/serial.o
                                                  obj/Release/main.o
serialEnd                                         obj/Release/serial.o
serialInit                                        obj/Release/serial.o
                                                  obj/Release/main.o
serialLast                                        obj/Release/serial.o
serialParseFloat                                  obj/Release/serial.o
serialParseInt                                    obj/Release/serial.o
serialPrintDouble                                 obj/Release/serial.o
serialPrintDoubleLn                               obj/Release/serial.o
serialPrintInt                                    obj/Release/serial.o
serialPrintIntLn                                  obj/Release/serial.o
serialRead                                        obj/Release/serial.o
serialReadChar                                    obj/Release/serial.o
serialReadUntil                                   obj/Release/serial.o
                                                  obj/Release/main.o
serialWaitUntil                                   obj/Release/serial.o
serialWrite                                       obj/Release/serial.o
serialWriteChar                                   obj/Release/serial.o
serialWriteF                                      obj/Release/serial.o
shift                                             obj/Release/serial.o
sprintf                                           /usr/avr/lib/libc.a(sprintf.o)
                                                  obj/Release/serial.o
strncasecmp_P                                     /usr/avr/lib/libc.a(strncasecmp_P.o)
                                                  /usr/avr/lib/libc.a(strtod.o)
strncmp                                           /usr/avr/lib/libc.a(strncmp.o)
                                                  obj/Release/nmea.o
strnlen                                           /usr/avr/lib/libc.a(strnlen.o)
                                                  /usr/avr/lib/libc.a(vfprintf_std.o)
strnlen_P                                         /usr/avr/lib/libc.a(strnlen_P.o)
                                                  /usr/avr/lib/libc.a(vfprintf_std.o)
strstr                                            /usr/avr/lib/libc.a(strstr.o)
                                                  obj/Release/main.o
strtod                                            /usr/avr/lib/libc.a(strtod.o)
                                                  /usr/avr/lib/libc.a(atof.o)
                                                  obj/Release/serial.o
strtol                                            /usr/avr/lib/libc.a(strtol.o)
                                                  obj/Release/serial.o
vfprintf                                          /usr/avr/lib/libc.a(vfprintf_std.o)
                                                  /usr/avr/lib/libc.a(sprintf.o)
